Archive member included to satisfy reference by file (symbol)

/opt/st/stm32cubeide_1.18.0/plugins/com.st.stm32cube.ide.mcu.externaltools.gnu-tools-for-stm32.13.3.rel1.linux64_1.0.0.202410170706/tools/bin/../lib/gcc/arm-none-eabi/13.3.1/../../../../arm-none-eabi/lib/thumb/v7e-m+fp/hard/libstdc++_nano.a(del_ops.o)
                              ./Core/Src/rpi-display/rpiDisplaySceneBuilder.o (operator delete(void*, unsigned int))
/opt/st/stm32cubeide_1.18.0/plugins/com.st.stm32cube.ide.mcu.externaltools.gnu-tools-for-stm32.13.3.rel1.linux64_1.0.0.202410170706/tools/bin/../lib/gcc/arm-none-eabi/13.3.1/../../../../arm-none-eabi/lib/thumb/v7e-m+fp/hard/libstdc++_nano.a(new_op.o)
                              ./Core/Src/rpi-display/rpiSceneBuilderUser.o (operator new(unsigned int))
/opt/st/stm32cubeide_1.18.0/plugins/com.st.stm32cube.ide.mcu.externaltools.gnu-tools-for-stm32.13.3.rel1.linux64_1.0.0.202410170706/tools/bin/../lib/gcc/arm-none-eabi/13.3.1/../../../../arm-none-eabi/lib/thumb/v7e-m+fp/hard/libstdc++_nano.a(del_op.o)
                              /opt/st/stm32cubeide_1.18.0/plugins/com.st.stm32cube.ide.mcu.externaltools.gnu-tools-for-stm32.13.3.rel1.linux64_1.0.0.202410170706/tools/bin/../lib/gcc/arm-none-eabi/13.3.1/../../../../arm-none-eabi/lib/thumb/v7e-m+fp/hard/libstdc++_nano.a(del_ops.o) (operator delete(void*))
/opt/st/stm32cubeide_1.18.0/plugins/com.st.stm32cube.ide.mcu.externaltools.gnu-tools-for-stm32.13.3.rel1.linux64_1.0.0.202410170706/tools/bin/../lib/gcc/arm-none-eabi/13.3.1/../../../../arm-none-eabi/lib/thumb/v7e-m+fp/hard/libstdc++_nano.a(new_handler.o)
                              /opt/st/stm32cubeide_1.18.0/plugins/com.st.stm32cube.ide.mcu.externaltools.gnu-tools-for-stm32.13.3.rel1.linux64_1.0.0.202410170706/tools/bin/../lib/gcc/arm-none-eabi/13.3.1/../../../../arm-none-eabi/lib/thumb/v7e-m+fp/hard/libstdc++_nano.a(new_op.o) (std::get_new_handler())
/opt/st/stm32cubeide_1.18.0/plugins/com.st.stm32cube.ide.mcu.externaltools.gnu-tools-for-stm32.13.3.rel1.linux64_1.0.0.202410170706/tools/bin/../lib/gcc/arm-none-eabi/13.3.1/../../../../arm-none-eabi/lib/thumb/v7e-m+fp/hard/libc_nano.a(libc_a-abort.o)
                              /opt/st/stm32cubeide_1.18.0/plugins/com.st.stm32cube.ide.mcu.externaltools.gnu-tools-for-stm32.13.3.rel1.linux64_1.0.0.202410170706/tools/bin/../lib/gcc/arm-none-eabi/13.3.1/../../../../arm-none-eabi/lib/thumb/v7e-m+fp/hard/libstdc++_nano.a(new_op.o) (abort)
/opt/st/stm32cubeide_1.18.0/plugins/com.st.stm32cube.ide.mcu.externaltools.gnu-tools-for-stm32.13.3.rel1.linux64_1.0.0.202410170706/tools/bin/../lib/gcc/arm-none-eabi/13.3.1/../../../../arm-none-eabi/lib/thumb/v7e-m+fp/hard/libc_nano.a(libc_a-exit.o)
                              /opt/st/stm32cubeide_1.18.0/plugins/com.st.stm32cube.ide.mcu.externaltools.gnu-tools-for-stm32.13.3.rel1.linux64_1.0.0.202410170706/tools/bin/../lib/gcc/arm-none-eabi/13.3.1/../../../../arm-none-eabi/lib/thumb/v7e-m+fp/hard/crt0.o (exit)
/opt/st/stm32cubeide_1.18.0/plugins/com.st.stm32cube.ide.mcu.externaltools.gnu-tools-for-stm32.13.3.rel1.linux64_1.0.0.202410170706/tools/bin/../lib/gcc/arm-none-eabi/13.3.1/../../../../arm-none-eabi/lib/thumb/v7e-m+fp/hard/libc_nano.a(libc_a-itoa.o)
                              ./Core/Src/main.o (itoa)
/opt/st/stm32cubeide_1.18.0/plugins/com.st.stm32cube.ide.mcu.externaltools.gnu-tools-for-stm32.13.3.rel1.linux64_1.0.0.202410170706/tools/bin/../lib/gcc/arm-none-eabi/13.3.1/../../../../arm-none-eabi/lib/thumb/v7e-m+fp/hard/libc_nano.a(libc_a-malloc.o)
                              /opt/st/stm32cubeide_1.18.0/plugins/com.st.stm32cube.ide.mcu.externaltools.gnu-tools-for-stm32.13.3.rel1.linux64_1.0.0.202410170706/tools/bin/../lib/gcc/arm-none-eabi/13.3.1/../../../../arm-none-eabi/lib/thumb/v7e-m+fp/hard/libstdc++_nano.a(new_op.o) (malloc)
/opt/st/stm32cubeide_1.18.0/plugins/com.st.stm32cube.ide.mcu.externaltools.gnu-tools-for-stm32.13.3.rel1.linux64_1.0.0.202410170706/tools/bin/../lib/gcc/arm-none-eabi/13.3.1/../../../../arm-none-eabi/lib/thumb/v7e-m+fp/hard/libc_nano.a(libc_a-mallocr.o)
                              /opt/st/stm32cubeide_1.18.0/plugins/com.st.stm32cube.ide.mcu.externaltools.gnu-tools-for-stm32.13.3.rel1.linux64_1.0.0.202410170706/tools/bin/../lib/gcc/arm-none-eabi/13.3.1/../../../../arm-none-eabi/lib/thumb/v7e-m+fp/hard/libc_nano.a(libc_a-malloc.o) (_malloc_r)
/opt/st/stm32cubeide_1.18.0/plugins/com.st.stm32cube.ide.mcu.externaltools.gnu-tools-for-stm32.13.3.rel1.linux64_1.0.0.202410170706/tools/bin/../lib/gcc/arm-none-eabi/13.3.1/../../../../arm-none-eabi/lib/thumb/v7e-m+fp/hard/libc_nano.a(libc_a-mlock.o)
                              /opt/st/stm32cubeide_1.18.0/plugins/com.st.stm32cube.ide.mcu.externaltools.gnu-tools-for-stm32.13.3.rel1.linux64_1.0.0.202410170706/tools/bin/../lib/gcc/arm-none-eabi/13.3.1/../../../../arm-none-eabi/lib/thumb/v7e-m+fp/hard/libc_nano.a(libc_a-mallocr.o) (__malloc_lock)
[...]
Memory Configuration

Name             Origin             Length             Attributes
RAM              0x20000000         0x00010000         xrw
FLASH            0x08000000         0x00040000         xr
*default*        0x00000000         0xffffffff

Linker script and memory map

LOAD /opt/st/stm32cubeide_1.18.0/plugins/com.st.stm32cube.ide.mcu.externaltools.gnu-tools-for-stm32.13.3.rel1.linux64_1.0.0.202410170706/tools/bin/../lib/gcc/arm-none-eabi/13.3.1/thumb/v7e-m+fp/hard/crti.o
LOAD /opt/st/stm32cubeide_1.18.0/plugins/com.st.stm32cube.ide.mcu.externaltools.gnu-tools-for-stm32.13.3.rel1.linux64_1.0.0.202410170706/tools/bin/../lib/gcc/arm-none-eabi/13.3.1/thumb/v7e-m+fp/hard/crtbegin.o
LOAD /opt/st/stm32cubeide_1.18.0/plugins/com.st.stm32cube.ide.mcu.externaltools.gnu-tools-for-stm32.13.3.rel1.linux64_1.0.0.202410170706/tools/bin/../lib/gcc/arm-none-eabi/13.3.1/../../../../arm-none-eabi/lib/thumb/v7e-m+fp/hard/crt0.o
LOAD ./Core/Src/dma.o
LOAD ./Core/Src/fatfs_sd.o
LOAD ./Core/Src/gpio.o
LOAD ./Core/Src/main.o
LOAD ./Core/Src/mcp2515user.o
LOAD ./Core/Src/sdcardlogging.o
LOAD ./Core/Src/shiftLights.o
LOAD ./Core/Src/spi.o
LOAD ./Core/Src/stm32f4xx_hal_msp.o
LOAD ./Core/Src/stm32f4xx_it.o
LOAD ./Core/Src/syscalls.o
LOAD ./Core/Src/sysmem.o
LOAD ./Core/Src/system_stm32f4xx.o
LOAD ./Core/Src/tim.o
LOAD ./Core/Src/easyusbprintln/easyusbprintln.o
LOAD ./Core/Src/rpi-display/dmatransmitter.o
LOAD ./Core/Src/rpi-display/rpiDisplaySceneBuilder.o
LOAD ./Core/Src/rpi-display/rpiDisplayShapes.o
LOAD ./Core/Src/rpi-display/rpiSceneBuilderUser.o
LOAD ./Core/Src/stm32-hal-mcp2515/mcp2515.o
LOAD ./Core/Startup/startup_stm32f401ccux.o
LOAD ./Drivers/STM32F4xx_HAL_Driver/Src/stm32f4xx_hal.o
LOAD ./Drivers/STM32F4xx_HAL_Driver/Src/stm32f4xx_hal_cortex.o
LOAD ./Drivers/STM32F4xx_HAL_Driver/Src/stm32f4xx_hal_dma.o
LOAD ./Drivers/STM32F4xx_HAL_Driver/Src/stm32f4xx_hal_dma_ex.o
LOAD ./Drivers/STM32F4xx_HAL_Driver/Src/stm32f4xx_hal_exti.o
LOAD ./Drivers/STM32F4xx_HAL_Driver/Src/stm32f4xx_hal_flash.o
LOAD ./Drivers/STM32F4xx_HAL_Driver/Src/stm32f4xx_hal_flash_ex.o
LOAD ./Drivers/STM32F4xx_HAL_Driver/Src/stm32f4xx_hal_flash_ramfunc.o
LOAD ./Drivers/STM32F4xx_HAL_Driver/Src/stm32f4xx_hal_gpio.o
LOAD ./Drivers/STM32F4xx_HAL_Driver/Src/stm32f4xx_hal_pcd.o
LOAD ./Drivers/STM32F4xx_HAL_Driver/Src/stm32f4xx_hal_pcd_ex.o
LOAD ./Drivers/STM32F4xx_HAL_Driver/Src/stm32f4xx_hal_pwr.o
LOAD ./Drivers/STM32F4xx_HAL_Driver/Src/stm32f4xx_hal_pwr_ex.o
LOAD ./Drivers/STM32F4xx_HAL_Driver/Src/stm32f4xx_hal_rcc.o
LOAD ./Drivers/STM32F4xx_HAL_Driver/Src/stm32f4xx_hal_rcc_ex.o
LOAD ./Drivers/STM32F4xx_HAL_Driver/Src/stm32f4xx_hal_spi.o
LOAD ./Drivers/STM32F4xx_HAL_Driver/Src/stm32f4xx_hal_tim.o
LOAD ./Drivers/STM32F4xx_HAL_Driver/Src/stm32f4xx_hal_tim_ex.o
LOAD ./Drivers/STM32F4xx_HAL_Driver/Src/stm32f4xx_ll_usb.o
LOAD ./FATFS/App/fatfs.o
LOAD ./FATFS/Target/user_diskio.o
LOAD ./Middlewares/ST/STM32_USB_Device_Library/Class/CDC/Src/usbd_cdc.o
LOAD ./Middlewares/ST/STM32_USB_Device_Library/Core/Src/usbd_core.o
LOAD ./Middlewares/ST/STM32_USB_Device_Library/Core/Src/usbd_ctlreq.o
LOAD ./Middlewares/ST/STM32_USB_Device_Library/Core/Src/usbd_ioreq.o
LOAD ./Middlewares/Third_Party/FatFs/src/diskio.o
LOAD ./Middlewares/Third_Party/FatFs/src/ff.o
LOAD ./Middlewares/Third_Party/FatFs/src/ff_gen_drv.o
LOAD ./Middlewares/Third_Party/FatFs/src/option/syscall.o
LOAD ./USB_DEVICE/App/usb_device.o
LOAD ./USB_DEVICE/App/usbd_cdc_if.o
LOAD ./USB_DEVICE/App/usbd_desc.o
LOAD ./USB_DEVICE/Target/usbd_conf.o
START GROUP
LOAD /opt/st/stm32cubeide_1.18.0/plugins/com.st.stm32cube.ide.mcu.externaltools.gnu-tools-for-stm32.13.3.rel1.linux64_1.0.0.202410170706/tools/bin/../lib/gcc/arm-none-eabi/13.3.1/../../../../arm-none-eabi/lib/thumb/v7e-m+fp/hard/libstdc++_nano.a
LOAD /opt/st/stm32cubeide_1.18.0/plugins/com.st.stm32cube.ide.mcu.externaltools.gnu-tools-for-stm32.13.3.rel1.linux64_1.0.0.202410170706/tools/bin/../lib/gcc/arm-none-eabi/13.3.1/../../../../arm-none-eabi/lib/thumb/v7e-m+fp/hard/libsupc++_nano.a
END GROUP
LOAD /opt/st/stm32cubeide_1.18.0/plugins/com.st.stm32cube.ide.mcu.externaltools.gnu-tools-for-stm32.13.3.rel1.linux64_1.0.0.202410170706/tools/bin/../lib/gcc/arm-none-eabi/13.3.1/../../../../arm-none-eabi/lib/thumb/v7e-m+fp/hard/libstdc++_nano.a
LOAD /opt/st/stm32cubeide_1.18.0/plugins/com.st.stm32cube.ide.mcu.externaltools.gnu-tools-for-stm32.13.3.rel1.linux64_1.0.0.202410170706/tools/bin/../lib/gcc/arm-none-eabi/13.3.1/../../../../arm-none-eabi/lib/thumb/v7e-m+fp/hard/libm.a
LOAD /opt/st/stm32cubeide_1.18.0/plugins/com.st.stm32cube.ide.mcu.externaltools.gnu-tools-for-stm32.13.3.rel1.linux64_1.0.0.202410170706/tools/bin/../lib/gcc/arm-none-eabi/13.3.1/../../../../arm-none-eabi/lib/thumb/v7e-m+fp/hard/libc_nano.a
START GROUP
LOAD /opt/st/stm32cubeide_1.18.0/plugins/com.st.stm32cube.ide.mcu.externaltools.gnu-tools-for-stm32.13.3.rel1.linux64_1.0.0.202410170706/tools/bin/../lib/gcc/arm-none-eabi/13.3.1/thumb/v7e-m+fp/hard/libgcc.a
LOAD /opt/st/stm32cubeide_1.18.0/plugins/com.st.stm32cube.ide.mcu.externaltools.gnu-tools-for-stm32.13.3.rel1.linux64_1.0.0.202410170706/tools/bin/../lib/gcc/arm-none-eabi/13.3.1/../../../../arm-none-eabi/lib/thumb/v7e-m+fp/hard/libc_nano.a
END GROUP
START GROUP
LOAD /opt/st/stm32cubeide_1.18.0/plugins/com.st.stm32cube.ide.mcu.externaltools.gnu-tools-for-stm32.13.3.rel1.linux64_1.0.0.202410170706/tools/bin/../lib/gcc/arm-none-eabi/13.3.1/thumb/v7e-m+fp/hard/libgcc.a
LOAD /opt/st/stm32cubeide_1.18.0/plugins/com.st.stm32cube.ide.mcu.externaltools.gnu-tools-for-stm32.13.3.rel1.linux64_1.0.0.202410170706/tools/bin/../lib/gcc/arm-none-eabi/13.3.1/../../../../arm-none-eabi/lib/thumb/v7e-m+fp/hard/libc_nano.a
LOAD /opt/st/stm32cubeide_1.18.0/plugins/com.st.stm32cube.ide.mcu.externaltools.gnu-tools-for-stm32.13.3.rel1.linux64_1.0.0.202410170706/tools/bin/../lib/gcc/arm-none-eabi/13.3.1/../../../../arm-none-eabi/lib/thumb/v7e-m+fp/hard/libnosys.a
END GROUP
START GROUP
LOAD /opt/st/stm32cubeide_1.18.0/plugins/com.st.stm32cube.ide.mcu.externaltools.gnu-tools-for-stm32.13.3.rel1.linux64_1.0.0.202410170706/tools/bin/../lib/gcc/arm-none-eabi/13.3.1/thumb/v7e-m+fp/hard/libgcc.a
LOAD /opt/st/stm32cubeide_1.18.0/plugins/com.st.stm32cube.ide.mcu.externaltools.gnu-tools-for-stm32.13.3.rel1.linux64_1.0.0.202410170706/tools/bin/../lib/gcc/arm-none-eabi/13.3.1/../../../../arm-none-eabi/lib/thumb/v7e-m+fp/hard/libc_nano.a
LOAD /opt/st/stm32cubeide_1.18.0/plugins/com.st.stm32cube.ide.mcu.externaltools.gnu-tools-for-stm32.13.3.rel1.linux64_1.0.0.202410170706/tools/bin/../lib/gcc/arm-none-eabi/13.3.1/../../../../arm-none-eabi/lib/thumb/v7e-m+fp/hard/libnosys.a
END GROUP
LOAD /opt/st/stm32cubeide_1.18.0/plugins/com.st.stm32cube.ide.mcu.externaltools.gnu-tools-for-stm32.13.3.rel1.linux64_1.0.0.202410170706/tools/bin/../lib/gcc/arm-none-eabi/13.3.1/thumb/v7e-m+fp/hard/crtend.o
LOAD /opt/st/stm32cubeide_1.18.0/plugins/com.st.stm32cube.ide.mcu.externaltools.gnu-tools-for-stm32.13.3.rel1.linux64_1.0.0.202410170706/tools/bin/../lib/gcc/arm-none-eabi/13.3.1/thumb/v7e-m+fp/hard/crtn.o
                0x20010000                        _estack = (ORIGIN (RAM) + LENGTH (RAM))
                0x00000200                        _Min_Heap_Size = 0x200
                0x00000400                        _Min_Stack_Size = 0x400

.isr_vector     0x08000000      0x194
                0x08000000                        . = ALIGN (0x4)
 *(.isr_vector)
 .isr_vector    0x08000000      0x194 ./Core/Startup/startup_stm32f401ccux.o
                0x08000000                g_pfnVectors
                0x08000194                        . = ALIGN (0x4)

.text           0x080001a0    0x10328
                0x080001a0                        . = ALIGN (0x4)
 *(.text)
 .text          0x080001a0       0x40 /opt/st/stm32cubeide_1.18.0/plugins/com.st.stm32cube.ide.mcu.externaltools.gnu-tools-for-stm32.13.3.rel1.linux64_1.0.0.202410170706/tools/bin/../lib/gcc/arm-none-eabi/13.3.1/thumb/v7e-m+fp/hard/crtbegin.o
 .text          0x080001e0       0x10 /opt/st/stm32cubeide_1.18.0/plugins/com.st.stm32cube.ide.mcu.externaltools.gnu-tools-for-stm32.13.3.rel1.linux64_1.0.0.202410170706/tools/bin/../lib/gcc/arm-none-eabi/13.3.1/../../../../arm-none-eabi/lib/thumb/v7e-m+fp/hard/libc_nano.a(libc_a-strlen.o)
                0x080001e0                strlen
 .text          0x080001f0       0xa0 /opt/st/stm32cubeide_1.18.0/plugins/com.st.stm32cube.ide.mcu.externaltools.gnu-tools-for-stm32.13.3.rel1.linux64_1.0.0.202410170706/tools/bin/../lib/gcc/arm-none-eabi/13.3.1/../../../../arm-none-eabi/lib/thumb/v7e-m+fp/hard/libc_nano.a(libc_a-memchr.o)
                0x080001f0                memchr
 .text          0x08000290       0x30 /opt/st/stm32cubeide_1.18.0/plugins/com.st.stm32cube.ide.mcu.externaltools.gnu-tools-for-stm32.13.3.rel1.linux64_1.0.0.202410170706/tools/bin/../lib/gcc/arm-none-eabi/13.3.1/thumb/v7e-m+fp/hard/libgcc.a(_aeabi_uldivmod.o)
                0x08000290                __aeabi_uldivmod
 .text          0x080002c0      0x2f8 /opt/st/stm32cubeide_1.18.0/plugins/com.st.stm32cube.ide.mcu.externaltools.gnu-tools-for-stm32.13.3.rel1.linux64_1.0.0.202410170706/tools/bin/../lib/gcc/arm-none-eabi/13.3.1/thumb/v7e-m+fp/hard/libgcc.a(_udivmoddi4.o)
                0x080002c0                __udivmoddi4
 .text          0x080005b8        0x4 /opt/st/stm32cubeide_1.18.0/plugins/com.st.stm32cube.ide.mcu.externaltools.gnu-tools-for-stm32.13.3.rel1.linux64_1.0.0.202410170706/tools/bin/../lib/gcc/arm-none-eabi/13.3.1/thumb/v7e-m+fp/hard/libgcc.a(_dvmd_tls.o)
                0x080005b8                __aeabi_ldiv0
                0x080005b8                __aeabi_idiv0
 *(.text*)
 .text.MX_DMA_Init
                0x080005bc       0x6c ./Core/Src/dma.o
                0x080005bc                MX_DMA_Init
 .text.SELECT   0x08000628       0x1c ./Core/Src/fatfs_sd.o
 .text.DESELECT
                0x08000644       0x1c ./Core/Src/fatfs_sd.o
 .text.SPI_TxByte
                0x08000660       0x34 ./Core/Src/fatfs_sd.o
 .text.SPI_TxBuffer
                0x08000694       0x34 ./Core/Src/fatfs_sd.o
 .text.SPI_RxByte
                0x080006c8       0x38 ./Core/Src/fatfs_sd.o
 .text.SPI_RxBytePtr
                0x08000700       0x1c ./Core/Src/fatfs_sd.o
 .text.SD_ReadyWait
                0x0800071c       0x34 ./Core/Src/fatfs_sd.o
 .text.SD_PowerOn
                0x08000750       0x84 ./Core/Src/fatfs_sd.o
 .text.SD_PowerOff
                0x080007d4       0x18 ./Core/Src/fatfs_sd.o
 .text.SD_CheckPower
                0x080007ec       0x18 ./Core/Src/fatfs_sd.o
 .text.SD_RxDataBlock
                0x08000804       0x5c ./Core/Src/fatfs_sd.o
 .text.SD_TxDataBlock
                0x08000860       0x86 ./Core/Src/fatfs_sd.o
 .text.SD_SendCmd
                0x080008e6       0xa8 ./Core/Src/fatfs_sd.o
 *fill*         0x0800098e        0x2 
 .text.SD_disk_initialize
                0x08000990      0x1cc ./Core/Src/fatfs_sd.o
                0x08000990                SD_disk_initialize
 .text.SD_disk_status
                0x08000b5c       0x2c ./Core/Src/fatfs_sd.o
                0x08000b5c                SD_disk_status
 .text.SD_disk_read
                0x08000b88       0xd4 ./Core/Src/fatfs_sd.o
                0x08000b88                SD_disk_read
 .text.SD_disk_write
                0x08000c5c      0x108 ./Core/Src/fatfs_sd.o
                0x08000c5c                SD_disk_write
 .text.SD_disk_ioctl
                0x08000d64      0x254 ./Core/Src/fatfs_sd.o
                0x08000d64                SD_disk_ioctl
 .text.MX_GPIO_Init
                0x08000fb8      0x1a0 ./Core/Src/gpio.o
                0x08000fb8                MX_GPIO_Init
 .text.HAL_GPIO_EXTI_Callback
                0x08001158       0x64 ./Core/Src/main.o
                0x08001158                HAL_GPIO_EXTI_Callback
 .text.main     0x080011bc      0x590 ./Core/Src/main.o
                0x080011bc                main
 .text.SystemClock_Config
                0x0800174c       0xd8 ./Core/Src/main.o
                0x0800174c                SystemClock_Config
 .text.Error_Handler
                0x08001824        0xc ./Core/Src/main.o
                0x08001824                Error_Handler
 .text.initializeMCP2515
                0x08001830       0x24 ./Core/Src/mcp2515user.o
                0x08001830                initializeMCP2515
 .text.sendMessage
                0x08001854       0x20 ./Core/Src/mcp2515user.o
                0x08001854                sendMessage
 .text.readMessage
                0x08001874       0x20 ./Core/Src/mcp2515user.o
                0x08001874                readMessage
 .text._Z41__static_initialization_and_destruction_0v
                0x08001894       0x28 ./Core/Src/mcp2515user.o
 .text._GLOBAL__sub_I_myMCP
                0x080018bc        0xa ./Core/Src/mcp2515user.o
 *fill*         0x080018c6        0x2 
 .text.setColor
                0x080018c8       0xf8 ./Core/Src/shiftLights.o
                0x080018c8                setColor
 .text.shiftLightsInit
                0x080019c0       0xf8 ./Core/Src/shiftLights.o
                0x080019c0                shiftLightsInit
 .text.HAL_TIM_PWM_PulseFinishedCallback
                0x08001ab8       0x28 ./Core/Src/shiftLights.o
                0x08001ab8                HAL_TIM_PWM_PulseFinishedCallback
 .text.UpdateShiftLights
                0x08001ae0       0x84 ./Core/Src/shiftLights.o
                0x08001ae0                UpdateShiftLights
 .text.lightOn  0x08001b64      0x10c ./Core/Src/shiftLights.o
                0x08001b64                lightOn
 .text.startUp  0x08001c70       0xd0 ./Core/Src/shiftLights.o
                0x08001c70                startUp
 .text.MX_SPI1_Init
                0x08001d40       0x70 ./Core/Src/spi.o
                0x08001d40                MX_SPI1_Init
 .text.MX_SPI2_Init
                0x08001db0       0x6c ./Core/Src/spi.o
                0x08001db0                MX_SPI2_Init
 .text.HAL_SPI_MspInit
                0x08001e1c      0x164 ./Core/Src/spi.o
                0x08001e1c                HAL_SPI_MspInit
 .text.HAL_MspInit
                0x08001f80       0x50 ./Core/Src/stm32f4xx_hal_msp.o
                0x08001f80                HAL_MspInit
 .text.SDTimer_Handler
                0x08001fd0       0x48 ./Core/Src/stm32f4xx_it.o
                0x08001fd0                SDTimer_Handler
 .text.NMI_Handler
                0x08002018        0x8 ./Core/Src/stm32f4xx_it.o
                0x08002018                NMI_Handler
 .text.HardFault_Handler
                0x08002020        0x8 ./Core/Src/stm32f4xx_it.o
                0x08002020                HardFault_Handler
 .text.MemManage_Handler
                0x08002028        0x8 ./Core/Src/stm32f4xx_it.o
                0x08002028                MemManage_Handler
 .text.BusFault_Handler
                0x08002030        0x8 ./Core/Src/stm32f4xx_it.o
                0x08002030                BusFault_Handler
 .text.UsageFault_Handler
                0x08002038        0x8 ./Core/Src/stm32f4xx_it.o
                0x08002038                UsageFault_Handler
 .text.SVC_Handler
                0x08002040        0xe ./Core/Src/stm32f4xx_it.o
                0x08002040                SVC_Handler
 .text.DebugMon_Handler
                0x0800204e        0xe ./Core/Src/stm32f4xx_it.o
                0x0800204e                DebugMon_Handler
 .text.PendSV_Handler
                0x0800205c        0xe ./Core/Src/stm32f4xx_it.o
                0x0800205c                PendSV_Handler
 *fill*         0x0800206a        0x2 
 .text.SysTick_Handler
                0x0800206c       0x34 ./Core/Src/stm32f4xx_it.o
                0x0800206c                SysTick_Handler
 .text.DMA1_Stream0_IRQHandler
                0x080020a0       0x14 ./Core/Src/stm32f4xx_it.o
                0x080020a0                DMA1_Stream0_IRQHandler
 .text.EXTI9_5_IRQHandler
                0x080020b4       0x18 ./Core/Src/stm32f4xx_it.o
                0x080020b4                EXTI9_5_IRQHandler
 .text.EXTI15_10_IRQHandler
                0x080020cc       0x18 ./Core/Src/stm32f4xx_it.o
                0x080020cc                EXTI15_10_IRQHandler
 .text.DMA2_Stream3_IRQHandler
                0x080020e4       0x14 ./Core/Src/stm32f4xx_it.o
                0x080020e4                DMA2_Stream3_IRQHandler
 .text.OTG_FS_IRQHandler
                0x080020f8       0x14 ./Core/Src/stm32f4xx_it.o
                0x080020f8                OTG_FS_IRQHandler
 .text._getpid  0x0800210c       0x10 ./Core/Src/syscalls.o
                0x0800210c                _getpid
 .text._kill    0x0800211c       0x20 ./Core/Src/syscalls.o
                0x0800211c                _kill
 .text._exit    0x0800213c       0x16 ./Core/Src/syscalls.o
                0x0800213c                _exit
 *fill*         0x08002152        0x2 
 .text._sbrk    0x08002154       0x6c ./Core/Src/sysmem.o
                0x08002154                _sbrk
 .text.SystemInit
                0x080021c0       0x24 ./Core/Src/system_stm32f4xx.o
                0x080021c0                SystemInit
 .text.MX_TIM4_Init
                0x080021e4       0xec ./Core/Src/tim.o
                0x080021e4                MX_TIM4_Init
 .text.HAL_TIM_Base_MspInit
                0x080022d0       0xa8 ./Core/Src/tim.o
                0x080022d0                HAL_TIM_Base_MspInit
 .text.HAL_TIM_MspPostInit
                0x08002378       0x74 ./Core/Src/tim.o
                0x08002378                HAL_TIM_MspPostInit
 .text.USB_Println
                0x080023ec       0x46 ./Core/Src/easyusbprintln/easyusbprintln.o
                0x080023ec                USB_Println
 *fill*         0x08002432        0x2 
 .text.transmitdma
                0x08002434       0x2c ./Core/Src/rpi-display/dmatransmitter.o
                0x08002434                transmitdma
 .text.HAL_SPI_TxCpltCallback
                0x08002460       0x2c ./Core/Src/rpi-display/dmatransmitter.o
                0x08002460                HAL_SPI_TxCpltCallback
 .text._ZN5SceneC2EPP13DisplayObjecth
                0x0800248c       0x24 ./Core/Src/rpi-display/rpiDisplaySceneBuilder.o
                0x0800248c                Scene::Scene(DisplayObject**, unsigned char)
                0x0800248c                Scene::Scene(DisplayObject**, unsigned char)
 .text._ZN5Scene8setSceneEPP13DisplayObjecth
                0x080024b0       0x68 ./Core/Src/rpi-display/rpiDisplaySceneBuilder.o
                0x080024b0                Scene::setScene(DisplayObject**, unsigned char)
 .text._ZN5Scene9drawSceneEv
                0x08002518      0x2c8 ./Core/Src/rpi-display/rpiDisplaySceneBuilder.o
                0x08002518                Scene::drawScene()
 .text._ZN13DisplayObjectD2Ev
                0x080027e0       0x20 ./Core/Src/rpi-display/rpiDisplaySceneBuilder.o
                0x080027e0                DisplayObject::~DisplayObject()
                0x080027e0                DisplayObject::~DisplayObject()
 .text._ZN13DisplayObject15resetChangeFlagEv
                0x08002800       0x1a ./Core/Src/rpi-display/rpiDisplaySceneBuilder.o
                0x08002800                DisplayObject::resetChangeFlag()
 .text._ZN13DisplayObject12redrawObjectEv
                0x0800281a       0x1a ./Core/Src/rpi-display/rpiDisplaySceneBuilder.o
                0x0800281a                DisplayObject::redrawObject()
 .text._ZN13DisplayObject7getxposEv
                0x08002834       0x18 ./Core/Src/rpi-display/rpiDisplaySceneBuilder.o
                0x08002834                DisplayObject::getxpos()
 .text._ZN13DisplayObject7setxposEt
                0x0800284c       0x1e ./Core/Src/rpi-display/rpiDisplaySceneBuilder.o
                0x0800284c                DisplayObject::setxpos(unsigned short)
 .text._ZN13DisplayObject7getyposEv
                0x0800286a       0x18 ./Core/Src/rpi-display/rpiDisplaySceneBuilder.o
                0x0800286a                DisplayObject::getypos()
 .text._ZN13DisplayObject7setyposEt
                0x08002882       0x1e ./Core/Src/rpi-display/rpiDisplaySceneBuilder.o
                0x08002882                DisplayObject::setypos(unsigned short)
 .text._ZN13DisplayObject11getpriorityEv
                0x080028a0       0x18 ./Core/Src/rpi-display/rpiDisplaySceneBuilder.o
                0x080028a0                DisplayObject::getpriority()
 .text._ZN13DisplayObject11setpriorityEh
                0x080028b8       0x1e ./Core/Src/rpi-display/rpiDisplaySceneBuilder.o
                0x080028b8                DisplayObject::setpriority(unsigned char)
 .text._ZN13DisplayObject13getChangeFlagEv
                0x080028d6       0x18 ./Core/Src/rpi-display/rpiDisplaySceneBuilder.o
                0x080028d6                DisplayObject::getChangeFlag()
 *fill*         0x080028ee        0x2 
 .text._ZN13DisplayObjectC2Ev
                0x080028f0       0x20 ./Core/Src/rpi-display/rpiDisplaySceneBuilder.o
                0x080028f0                DisplayObject::DisplayObject()
                0x080028f0                DisplayObject::DisplayObject()
 .text._ZN12StringObjectC2EtttPK7GFXfonthPch
                0x08002910       0x7c ./Core/Src/rpi-display/rpiDisplaySceneBuilder.o
                0x08002910                StringObject::StringObject(unsigned short, unsigned short, unsigned short, GFXfont const*, unsigned char, char*, unsigned char)
                0x08002910                StringObject::StringObject(unsigned short, unsigned short, unsigned short, GFXfont const*, unsigned char, char*, unsigned char)
 .text._ZN12StringObject19drawIntoFramebufferEPttt
                0x0800298c       0x68 ./Core/Src/rpi-display/rpiDisplaySceneBuilder.o
                0x0800298c                StringObject::drawIntoFramebuffer(unsigned short*, unsigned short, unsigned short)
 .text._ZN12StringObject12updateStringEPchtPK7GFXfonttth
                0x080029f4       0x64 ./Core/Src/rpi-display/rpiDisplaySceneBuilder.o
                0x080029f4                StringObject::updateString(char*, unsigned char, unsigned short, GFXfont const*, unsigned short, unsigned short, unsigned char)
 .text._ZN17OutlineRectObjectC2Ettttthh
                0x08002a58       0x80 ./Core/Src/rpi-display/rpiDisplaySceneBuilder.o
                0x08002a58                OutlineRectObject::OutlineRectObject(unsigned short, unsigned short, unsigned short, unsigned short, unsigned short, unsigned char, unsigned char)
                0x08002a58                OutlineRectObject::OutlineRectObject(unsigned short, unsigned short, unsigned short, unsigned short, unsigned short, unsigned char, unsigned char)
 .text._ZN17OutlineRectObject19drawIntoFramebufferEPttt
                0x08002ad8       0x64 ./Core/Src/rpi-display/rpiDisplaySceneBuilder.o
                0x08002ad8                OutlineRectObject::drawIntoFramebuffer(unsigned short*, unsigned short, unsigned short)
 .text._ZN11ImageObjectC2EPctttthh
                0x08002b3c       0x54 ./Core/Src/rpi-display/rpiDisplaySceneBuilder.o
                0x08002b3c                ImageObject::ImageObject(char*, unsigned short, unsigned short, unsigned short, unsigned short, unsigned char, unsigned char)
                0x08002b3c                ImageObject::ImageObject(char*, unsigned short, unsigned short, unsigned short, unsigned short, unsigned char, unsigned char)
 .text._ZN11ImageObject19drawIntoFramebufferEPttt
                0x08002b90       0x68 ./Core/Src/rpi-display/rpiDisplaySceneBuilder.o
                0x08002b90                ImageObject::drawIntoFramebuffer(unsigned short*, unsigned short, unsigned short)
 .text._ZN11ImageObject11updateImageEPctttthh
                0x08002bf8       0x66 ./Core/Src/rpi-display/rpiDisplaySceneBuilder.o
                0x08002bf8                ImageObject::updateImage(char*, unsigned short, unsigned short, unsigned short, unsigned short, unsigned char, unsigned char)
 *fill*         0x08002c5e        0x2 
 .text._ZN11ImageObjectD2Ev
                0x08002c60       0x24 ./Core/Src/rpi-display/rpiDisplaySceneBuilder.o
                0x08002c60                ImageObject::~ImageObject()
                0x08002c60                ImageObject::~ImageObject()
 .text._ZN11ImageObjectD0Ev
                0x08002c84       0x20 ./Core/Src/rpi-display/rpiDisplaySceneBuilder.o
                0x08002c84                ImageObject::~ImageObject()
 .text._ZN17OutlineRectObjectD2Ev
                0x08002ca4       0x24 ./Core/Src/rpi-display/rpiDisplaySceneBuilder.o
                0x08002ca4                OutlineRectObject::~OutlineRectObject()
                0x08002ca4                OutlineRectObject::~OutlineRectObject()
 .text._ZN17OutlineRectObjectD0Ev
                0x08002cc8       0x20 ./Core/Src/rpi-display/rpiDisplaySceneBuilder.o
                0x08002cc8                OutlineRectObject::~OutlineRectObject()
 .text._ZN12StringObjectD2Ev
                0x08002ce8       0x24 ./Core/Src/rpi-display/rpiDisplaySceneBuilder.o
                0x08002ce8                StringObject::~StringObject()
                0x08002ce8                StringObject::~StringObject()
 .text._ZN12StringObjectD0Ev
                0x08002d0c       0x20 ./Core/Src/rpi-display/rpiDisplaySceneBuilder.o
                0x08002d0c                StringObject::~StringObject()
 .text.startTransaction
                0x08002d2c       0x18 ./Core/Src/rpi-display/rpiDisplayShapes.o
                0x08002d2c                startTransaction
 .text.endTransaction
                0x08002d44       0x18 ./Core/Src/rpi-display/rpiDisplayShapes.o
                0x08002d44                endTransaction
 .text.dataOrRegister
                0x08002d5c       0x34 ./Core/Src/rpi-display/rpiDisplayShapes.o
                0x08002d5c                dataOrRegister
 .text.commandAndData
                0x08002d90       0x50 ./Core/Src/rpi-display/rpiDisplayShapes.o
                0x08002d90                commandAndData
 .text.startCommand
                0x08002de0       0x2c ./Core/Src/rpi-display/rpiDisplayShapes.o
                0x08002de0                startCommand
 .text.endCommand
                0x08002e0c        0xc ./Core/Src/rpi-display/rpiDisplayShapes.o
                0x08002e0c                endCommand
 .text.resetScreen
                0x08002e18       0x3c ./Core/Src/rpi-display/rpiDisplayShapes.o
                0x08002e18                resetScreen
 .text.initializeScreen
                0x08002e54      0x160 ./Core/Src/rpi-display/rpiDisplayShapes.o
                0x08002e54                initializeScreen
 .text.displayOn
                0x08002fb4       0x12 ./Core/Src/rpi-display/rpiDisplayShapes.o
                0x08002fb4                displayOn
 .text.modifySpace
                0x08002fc6       0x82 ./Core/Src/rpi-display/rpiDisplayShapes.o
                0x08002fc6                modifySpace
 .text.clearScreenfast
                0x08003048       0xf0 ./Core/Src/rpi-display/rpiDisplayShapes.o
                0x08003048                clearScreenfast
 .text.getRectCenter
                0x08003138       0x46 ./Core/Src/rpi-display/rpiDisplayShapes.o
                0x08003138                getRectCenter
 .text.drawRectangleOutlineIntoFramebuffer
                0x0800317e      0x190 ./Core/Src/rpi-display/rpiDisplayShapes.o
                0x0800317e                drawRectangleOutlineIntoFramebuffer
 .text.getStringCenter
                0x0800330e       0x6a ./Core/Src/rpi-display/rpiDisplayShapes.o
                0x0800330e                getStringCenter
 .text.getStringLeft
                0x08003378       0x66 ./Core/Src/rpi-display/rpiDisplayShapes.o
                0x08003378                getStringLeft
 .text.getCharXadv
                0x080033de       0x32 ./Core/Src/rpi-display/rpiDisplayShapes.o
                0x080033de                getCharXadv
 .text.drawCharIntoFramebuffer
                0x08003410      0x170 ./Core/Src/rpi-display/rpiDisplayShapes.o
                0x08003410                drawCharIntoFramebuffer
 .text.drawStringIntoFramebuffer
                0x08003580       0xf0 ./Core/Src/rpi-display/rpiDisplayShapes.o
                0x08003580                drawStringIntoFramebuffer
 .text.drawImageIntoFramebuffer
                0x08003670      0x2b0 ./Core/Src/rpi-display/rpiDisplayShapes.o
                0x08003670                drawImageIntoFramebuffer
 .text.setrpmdata
                0x08003920       0x58 ./Core/Src/rpi-display/rpiSceneBuilderUser.o
                0x08003920                setrpmdata
 .text.settempdata
                0x08003978       0x58 ./Core/Src/rpi-display/rpiSceneBuilderUser.o
                0x08003978                settempdata
 .text.setgeardata
                0x080039d0       0x54 ./Core/Src/rpi-display/rpiSceneBuilderUser.o
                0x080039d0                setgeardata
 .text.setbattdata
                0x08003a24       0x58 ./Core/Src/rpi-display/rpiSceneBuilderUser.o
                0x08003a24                setbattdata
 .text.setspeeddata
                0x08003a7c       0x58 ./Core/Src/rpi-display/rpiSceneBuilderUser.o
                0x08003a7c                setspeeddata
 .text.domainscreen
                0x08003ad4       0x20 ./Core/Src/rpi-display/rpiSceneBuilderUser.o
                0x08003ad4                domainscreen
 .text.dosplashscene
                0x08003af4       0x20 ./Core/Src/rpi-display/rpiSceneBuilderUser.o
                0x08003af4                dosplashscene
 .text._Z41__static_initialization_and_destruction_0v
                0x08003b14      0x264 ./Core/Src/rpi-display/rpiSceneBuilderUser.o
 .text._GLOBAL__sub_I_epd_bitmap_allArray
                0x08003d78        0xa ./Core/Src/rpi-display/rpiSceneBuilderUser.o
 .text._ZN7MCP2515C2EP19__SPI_HandleTypeDefmP12GPIO_TypeDefh
                0x08003d82       0x36 ./Core/Src/stm32-hal-mcp2515/mcp2515.o
                0x08003d82                MCP2515::MCP2515(__SPI_HandleTypeDef*, unsigned long, GPIO_TypeDef*, unsigned char)
                0x08003d82                MCP2515::MCP2515(__SPI_HandleTypeDef*, unsigned long, GPIO_TypeDef*, unsigned char)
 .text._ZN7MCP25156SPI_TxEh
                0x08003db8       0x24 ./Core/Src/stm32-hal-mcp2515/mcp2515.o
                0x08003db8                MCP2515::SPI_Tx(unsigned char)
 .text._ZN7MCP25156SPI_RxEv
                0x08003ddc       0x24 ./Core/Src/stm32-hal-mcp2515/mcp2515.o
                0x08003ddc                MCP2515::SPI_Rx()
 .text._ZN7MCP25158startSPIEv
                0x08003e00       0x20 ./Core/Src/stm32-hal-mcp2515/mcp2515.o
                0x08003e00                MCP2515::startSPI()
 .text._ZN7MCP25156endSPIEv
                0x08003e20       0x20 ./Core/Src/stm32-hal-mcp2515/mcp2515.o
                0x08003e20                MCP2515::endSPI()
 .text._ZN7MCP25155resetEv
                0x08003e40      0x134 ./Core/Src/stm32-hal-mcp2515/mcp2515.o
                0x08003e40                MCP2515::reset()
 .text._ZN7MCP251512readRegisterENS_8REGISTERE
                0x08003f74       0x3e ./Core/Src/stm32-hal-mcp2515/mcp2515.o
                0x08003f74                MCP2515::readRegister(MCP2515::REGISTER)
 .text._ZN7MCP251513readRegistersENS_8REGISTEREPhh
                0x08003fb2       0x5e ./Core/Src/stm32-hal-mcp2515/mcp2515.o
                0x08003fb2                MCP2515::readRegisters(MCP2515::REGISTER, unsigned char*, unsigned char)
 .text._ZN7MCP251511setRegisterENS_8REGISTEREh
                0x08004010       0x40 ./Core/Src/stm32-hal-mcp2515/mcp2515.o
                0x08004010                MCP2515::setRegister(MCP2515::REGISTER, unsigned char)
 .text._ZN7MCP251512setRegistersENS_8REGISTEREPKhh
                0x08004050       0x5e ./Core/Src/stm32-hal-mcp2515/mcp2515.o
                0x08004050                MCP2515::setRegisters(MCP2515::REGISTER, unsigned char const*, unsigned char)
 .text._ZN7MCP251514modifyRegisterENS_8REGISTEREhh
                0x080040ae       0x54 ./Core/Src/stm32-hal-mcp2515/mcp2515.o
                0x080040ae                MCP2515::modifyRegister(MCP2515::REGISTER, unsigned char, unsigned char)
 .text._ZN7MCP25159getStatusEv
                0x08004102       0x30 ./Core/Src/stm32-hal-mcp2515/mcp2515.o
                0x08004102                MCP2515::getStatus()
 .text._ZN7MCP251513setConfigModeEv
                0x08004132       0x1a ./Core/Src/stm32-hal-mcp2515/mcp2515.o
                0x08004132                MCP2515::setConfigMode()
 .text._ZN7MCP251513setNormalModeEv
                0x0800414c       0x1a ./Core/Src/stm32-hal-mcp2515/mcp2515.o
                0x0800414c                MCP2515::setNormalMode()
 .text._ZN7MCP25157setModeENS_18CANCTRL_REQOP_MODEE
                0x08004166       0x7e ./Core/Src/stm32-hal-mcp2515/mcp2515.o
                0x08004166                MCP2515::setMode(MCP2515::CANCTRL_REQOP_MODE)
 .text._ZN7MCP251510setBitrateE9CAN_SPEED9CAN_CLOCK
                0x080041e4      0x398 ./Core/Src/stm32-hal-mcp2515/mcp2515.o
                0x080041e4                MCP2515::setBitrate(CAN_SPEED, CAN_CLOCK)
 .text._ZN7MCP25159prepareIdEPhbm
                0x0800457c       0xbc ./Core/Src/stm32-hal-mcp2515/mcp2515.o
                0x0800457c                MCP2515::prepareId(unsigned char*, bool, unsigned long)
 .text._ZN7MCP251513setFilterMaskENS_4MASKEbm
                0x08004638       0x68 ./Core/Src/stm32-hal-mcp2515/mcp2515.o
                0x08004638                MCP2515::setFilterMask(MCP2515::MASK, bool, unsigned long)
 .text._ZN7MCP25159setFilterENS_3RXFEbm
                0x080046a0       0x9c ./Core/Src/stm32-hal-mcp2515/mcp2515.o
                0x080046a0                MCP2515::setFilter(MCP2515::RXF, bool, unsigned long)
 .text._ZN7MCP251511sendMessageENS_4TXBnEPK9can_frame
                0x0800473c       0xf8 ./Core/Src/stm32-hal-mcp2515/mcp2515.o
                0x0800473c                MCP2515::sendMessage(MCP2515::TXBn, can_frame const*)
 .text._ZN7MCP251511sendMessageEPK9can_frame
                0x08004834       0x98 ./Core/Src/stm32-hal-mcp2515/mcp2515.o
                0x08004834                MCP2515::sendMessage(can_frame const*)
 .text._ZN7MCP251511readMessageENS_4RXBnEP9can_frame
                0x080048cc       0xd8 ./Core/Src/stm32-hal-mcp2515/mcp2515.o
                0x080048cc                MCP2515::readMessage(MCP2515::RXBn, can_frame*)
 .text._ZN7MCP251511readMessageEP9can_frame
                0x080049a4       0x56 ./Core/Src/stm32-hal-mcp2515/mcp2515.o
                0x080049a4                MCP2515::readMessage(can_frame*)
 *fill*         0x080049fa        0x2 
 .text.Reset_Handler
                0x080049fc       0x50 ./Core/Startup/startup_stm32f401ccux.o
                0x080049fc                Reset_Handler
 .text.Default_Handler
                0x08004a4c        0x2 ./Core/Startup/startup_stm32f401ccux.o
                0x08004a4c                RTC_Alarm_IRQHandler
                0x08004a4c                EXTI2_IRQHandler
                0x08004a4c                SPI4_IRQHandler
                0x08004a4c                TIM1_CC_IRQHandler
                0x08004a4c                DMA2_Stream5_IRQHandler
                0x08004a4c                DMA1_Stream5_IRQHandler
                0x08004a4c                PVD_IRQHandler
                0x08004a4c                SDIO_IRQHandler
                0x08004a4c                TAMP_STAMP_IRQHandler
                0x08004a4c                EXTI3_IRQHandler
                0x08004a4c                TIM1_UP_TIM10_IRQHandler
                0x08004a4c                I2C3_ER_IRQHandler
                0x08004a4c                EXTI0_IRQHandler
                0x08004a4c                I2C2_EV_IRQHandler
                0x08004a4c                DMA1_Stream2_IRQHandler
                0x08004a4c                FPU_IRQHandler
                0x08004a4c                DMA2_Stream2_IRQHandler
                0x08004a4c                SPI1_IRQHandler
                0x08004a4c                TIM1_BRK_TIM9_IRQHandler
                0x08004a4c                USART6_IRQHandler
                0x08004a4c                DMA2_Stream0_IRQHandler
                0x08004a4c                TIM4_IRQHandler
                0x08004a4c                I2C1_EV_IRQHandler
                0x08004a4c                DMA1_Stream6_IRQHandler
                0x08004a4c                DMA1_Stream1_IRQHandler
                0x08004a4c                TIM3_IRQHandler
                0x08004a4c                RCC_IRQHandler
                0x08004a4c                Default_Handler
                0x08004a4c                ADC_IRQHandler
                0x08004a4c                DMA1_Stream7_IRQHandler
                0x08004a4c                TIM5_IRQHandler
                0x08004a4c                DMA2_Stream7_IRQHandler
                0x08004a4c                I2C3_EV_IRQHandler
                0x08004a4c                RTC_WKUP_IRQHandler
                0x08004a4c                SPI2_IRQHandler
                0x08004a4c                EXTI4_IRQHandler
                0x08004a4c                WWDG_IRQHandler
                0x08004a4c                TIM2_IRQHandler
                0x08004a4c                OTG_FS_WKUP_IRQHandler
                0x08004a4c                TIM1_TRG_COM_TIM11_IRQHandler
                0x08004a4c                EXTI1_IRQHandler
                0x08004a4c                USART2_IRQHandler
                0x08004a4c                I2C2_ER_IRQHandler
                0x08004a4c                DMA2_Stream1_IRQHandler
                0x08004a4c                FLASH_IRQHandler
                0x08004a4c                DMA2_Stream4_IRQHandler
                0x08004a4c                USART1_IRQHandler
                0x08004a4c                SPI3_IRQHandler
                0x08004a4c                DMA1_Stream4_IRQHandler
                0x08004a4c                I2C1_ER_IRQHandler
                0x08004a4c                DMA2_Stream6_IRQHandler
                0x08004a4c                DMA1_Stream3_IRQHandler
 *fill*         0x08004a4e        0x2 
 .text.HAL_Init
                0x08004a50       0x44 ./Drivers/STM32F4xx_HAL_Driver/Src/stm32f4xx_hal.o
                0x08004a50                HAL_Init
 .text.HAL_InitTick
                0x08004a94       0x60 ./Drivers/STM32F4xx_HAL_Driver/Src/stm32f4xx_hal.o
                0x08004a94                HAL_InitTick
 .text.HAL_IncTick
                0x08004af4       0x28 ./Drivers/STM32F4xx_HAL_Driver/Src/stm32f4xx_hal.o
                0x08004af4                HAL_IncTick
 .text.HAL_GetTick
                0x08004b1c       0x18 ./Drivers/STM32F4xx_HAL_Driver/Src/stm32f4xx_hal.o
                0x08004b1c                HAL_GetTick
 .text.HAL_Delay
                0x08004b34       0x48 ./Drivers/STM32F4xx_HAL_Driver/Src/stm32f4xx_hal.o
                0x08004b34                HAL_Delay
 .text.__NVIC_SetPriorityGrouping
                0x08004b7c       0x48 ./Drivers/STM32F4xx_HAL_Driver/Src/stm32f4xx_hal_cortex.o
 .text.__NVIC_GetPriorityGrouping
                0x08004bc4       0x1c ./Drivers/STM32F4xx_HAL_Driver/Src/stm32f4xx_hal_cortex.o
 .text.__NVIC_EnableIRQ
                0x08004be0       0x3c ./Drivers/STM32F4xx_HAL_Driver/Src/stm32f4xx_hal_cortex.o
 .text.__NVIC_SetPriority
                0x08004c1c       0x54 ./Drivers/STM32F4xx_HAL_Driver/Src/stm32f4xx_hal_cortex.o
 .text.NVIC_EncodePriority
                0x08004c70       0x66 ./Drivers/STM32F4xx_HAL_Driver/Src/stm32f4xx_hal_cortex.o
 *fill*         0x08004cd6        0x2 
 .text.SysTick_Config
                0x08004cd8       0x44 ./Drivers/STM32F4xx_HAL_Driver/Src/stm32f4xx_hal_cortex.o
 .text.HAL_NVIC_SetPriorityGrouping
                0x08004d1c       0x16 ./Drivers/STM32F4xx_HAL_Driver/Src/stm32f4xx_hal_cortex.o
                0x08004d1c                HAL_NVIC_SetPriorityGrouping
 .text.HAL_NVIC_SetPriority
                0x08004d32       0x38 ./Drivers/STM32F4xx_HAL_Driver/Src/stm32f4xx_hal_cortex.o
                0x08004d32                HAL_NVIC_SetPriority
 .text.HAL_NVIC_EnableIRQ
                0x08004d6a       0x1c ./Drivers/STM32F4xx_HAL_Driver/Src/stm32f4xx_hal_cortex.o
                0x08004d6a                HAL_NVIC_EnableIRQ
 .text.HAL_SYSTICK_Config
                0x08004d86       0x18 ./Drivers/STM32F4xx_HAL_Driver/Src/stm32f4xx_hal_cortex.o
                0x08004d86                HAL_SYSTICK_Config
 *fill*         0x08004d9e        0x2 
 .text.HAL_DMA_Init
                0x08004da0      0x15c ./Drivers/STM32F4xx_HAL_Driver/Src/stm32f4xx_hal_dma.o
                0x08004da0                HAL_DMA_Init
 .text.HAL_DMA_Start_IT
                0x08004efc       0xb0 ./Drivers/STM32F4xx_HAL_Driver/Src/stm32f4xx_hal_dma.o
                0x08004efc                HAL_DMA_Start_IT
 .text.HAL_DMA_Abort_IT
                0x08004fac       0x44 ./Drivers/STM32F4xx_HAL_Driver/Src/stm32f4xx_hal_dma.o
                0x08004fac                HAL_DMA_Abort_IT
 .text.HAL_DMA_IRQHandler
                0x08004ff0      0x314 ./Drivers/STM32F4xx_HAL_Driver/Src/stm32f4xx_hal_dma.o
                0x08004ff0                HAL_DMA_IRQHandler
 .text.DMA_SetConfig
                0x08005304       0x5c ./Drivers/STM32F4xx_HAL_Driver/Src/stm32f4xx_hal_dma.o
 .text.DMA_CalcBaseAndBitshift
                0x08005360       0x6c ./Drivers/STM32F4xx_HAL_Driver/Src/stm32f4xx_hal_dma.o
 .text.DMA_CheckFifoParam
                0x080053cc       0xf8 ./Drivers/STM32F4xx_HAL_Driver/Src/stm32f4xx_hal_dma.o
 .text.HAL_GPIO_Init
                0x080054c4      0x308 ./Drivers/STM32F4xx_HAL_Driver/Src/stm32f4xx_hal_gpio.o
                0x080054c4                HAL_GPIO_Init
 .text.HAL_GPIO_WritePin
                0x080057cc       0x32 ./Drivers/STM32F4xx_HAL_Driver/Src/stm32f4xx_hal_gpio.o
                0x080057cc                HAL_GPIO_WritePin
 *fill*         0x080057fe        0x2 
 .text.HAL_GPIO_EXTI_IRQHandler
                0x08005800       0x30 ./Drivers/STM32F4xx_HAL_Driver/Src/stm32f4xx_hal_gpio.o
                0x08005800                HAL_GPIO_EXTI_IRQHandler
 .text.HAL_PCD_Init
                0x08005830      0x21e ./Drivers/STM32F4xx_HAL_Driver/Src/stm32f4xx_hal_pcd.o
                0x08005830                HAL_PCD_Init
 .text.HAL_PCD_Start
                0x08005a4e       0x6a ./Drivers/STM32F4xx_HAL_Driver/Src/stm32f4xx_hal_pcd.o
                0x08005a4e                HAL_PCD_Start
 .text.HAL_PCD_IRQHandler
                0x08005ab8      0x942 ./Drivers/STM32F4xx_HAL_Driver/Src/stm32f4xx_hal_pcd.o
                0x08005ab8                HAL_PCD_IRQHandler
 .text.HAL_PCD_SetAddress
                0x080063fa       0x48 ./Drivers/STM32F4xx_HAL_Driver/Src/stm32f4xx_hal_pcd.o
                0x080063fa                HAL_PCD_SetAddress
 .text.HAL_PCD_EP_Open
                0x08006442       0xd4 ./Drivers/STM32F4xx_HAL_Driver/Src/stm32f4xx_hal_pcd.o
                0x08006442                HAL_PCD_EP_Open
 .text.HAL_PCD_EP_Close
                0x08006516       0x94 ./Drivers/STM32F4xx_HAL_Driver/Src/stm32f4xx_hal_pcd.o
                0x08006516                HAL_PCD_EP_Close
 .text.HAL_PCD_EP_Receive
                0x080065aa       0x76 ./Drivers/STM32F4xx_HAL_Driver/Src/stm32f4xx_hal_pcd.o
                0x080065aa                HAL_PCD_EP_Receive
 .text.HAL_PCD_EP_GetRxCount
                0x08006620       0x30 ./Drivers/STM32F4xx_HAL_Driver/Src/stm32f4xx_hal_pcd.o
                0x08006620                HAL_PCD_EP_GetRxCount
 .text.HAL_PCD_EP_Transmit
                0x08006650       0x74 ./Drivers/STM32F4xx_HAL_Driver/Src/stm32f4xx_hal_pcd.o
                0x08006650                HAL_PCD_EP_Transmit
 .text.HAL_PCD_EP_SetStall
                0x080066c4       0xc6 ./Drivers/STM32F4xx_HAL_Driver/Src/stm32f4xx_hal_pcd.o
                0x080066c4                HAL_PCD_EP_SetStall
 .text.HAL_PCD_EP_ClrStall
                0x0800678a       0xac ./Drivers/STM32F4xx_HAL_Driver/Src/stm32f4xx_hal_pcd.o
                0x0800678a                HAL_PCD_EP_ClrStall
 .text.HAL_PCD_EP_Abort
                0x08006836       0x62 ./Drivers/STM32F4xx_HAL_Driver/Src/stm32f4xx_hal_pcd.o
                0x08006836                HAL_PCD_EP_Abort
 .text.PCD_WriteEmptyTxFifo
                0x08006898      0x118 ./Drivers/STM32F4xx_HAL_Driver/Src/stm32f4xx_hal_pcd.o
 .text.PCD_EP_OutXfrComplete_int
                0x080069b0      0x1d0 ./Drivers/STM32F4xx_HAL_Driver/Src/stm32f4xx_hal_pcd.o
 .text.PCD_EP_OutSetupPacket_int
                0x08006b80       0x8c ./Drivers/STM32F4xx_HAL_Driver/Src/stm32f4xx_hal_pcd.o
 .text.HAL_PCDEx_SetTxFiFo
                0x08006c0c       0x8e ./Drivers/STM32F4xx_HAL_Driver/Src/stm32f4xx_hal_pcd_ex.o
                0x08006c0c                HAL_PCDEx_SetTxFiFo
 .text.HAL_PCDEx_SetRxFiFo
                0x08006c9a       0x22 ./Drivers/STM32F4xx_HAL_Driver/Src/stm32f4xx_hal_pcd_ex.o
                0x08006c9a                HAL_PCDEx_SetRxFiFo
 .text.HAL_PCDEx_LPM_Callback
                0x08006cbc       0x18 ./Drivers/STM32F4xx_HAL_Driver/Src/stm32f4xx_hal_pcd_ex.o
                0x08006cbc                HAL_PCDEx_LPM_Callback
 .text.HAL_RCC_OscConfig
                0x08006cd4      0x4f0 ./Drivers/STM32F4xx_HAL_Driver/Src/stm32f4xx_hal_rcc.o
                0x08006cd4                HAL_RCC_OscConfig
 .text.HAL_RCC_ClockConfig
                0x080071c4      0x1cc ./Drivers/STM32F4xx_HAL_Driver/Src/stm32f4xx_hal_rcc.o
                0x080071c4                HAL_RCC_ClockConfig
 .text.HAL_RCC_GetSysClockFreq
                0x08007390      0x18c ./Drivers/STM32F4xx_HAL_Driver/Src/stm32f4xx_hal_rcc.o
                0x08007390                HAL_RCC_GetSysClockFreq
 .text.HAL_RCC_GetHCLKFreq
                0x0800751c       0x18 ./Drivers/STM32F4xx_HAL_Driver/Src/stm32f4xx_hal_rcc.o
                0x0800751c                HAL_RCC_GetHCLKFreq
 .text.HAL_SPI_Init
                0x08007534      0x112 ./Drivers/STM32F4xx_HAL_Driver/Src/stm32f4xx_hal_spi.o
                0x08007534                HAL_SPI_Init
 .text.HAL_SPI_Transmit
                0x08007646      0x288 ./Drivers/STM32F4xx_HAL_Driver/Src/stm32f4xx_hal_spi.o
                0x08007646                HAL_SPI_Transmit
 .text.HAL_SPI_Receive
                0x080078ce      0x232 ./Drivers/STM32F4xx_HAL_Driver/Src/stm32f4xx_hal_spi.o
                0x080078ce                HAL_SPI_Receive
 .text.HAL_SPI_TransmitReceive
                0x08007b00      0x352 ./Drivers/STM32F4xx_HAL_Driver/Src/stm32f4xx_hal_spi.o
                0x08007b00                HAL_SPI_TransmitReceive
 *fill*         0x08007e52        0x2 
 .text.HAL_SPI_Transmit_DMA
                0x08007e54      0x164 ./Drivers/STM32F4xx_HAL_Driver/Src/stm32f4xx_hal_spi.o
                0x08007e54                HAL_SPI_Transmit_DMA
 .text.HAL_SPI_TxHalfCpltCallback
                0x08007fb8       0x14 ./Drivers/STM32F4xx_HAL_Driver/Src/stm32f4xx_hal_spi.o
                0x08007fb8                HAL_SPI_TxHalfCpltCallback
 .text.HAL_SPI_ErrorCallback
                0x08007fcc       0x14 ./Drivers/STM32F4xx_HAL_Driver/Src/stm32f4xx_hal_spi.o
                0x08007fcc                HAL_SPI_ErrorCallback
 .text.SPI_DMATransmitCplt
                0x08007fe0       0xa8 ./Drivers/STM32F4xx_HAL_Driver/Src/stm32f4xx_hal_spi.o
 .text.SPI_DMAHalfTransmitCplt
                0x08008088       0x1c ./Drivers/STM32F4xx_HAL_Driver/Src/stm32f4xx_hal_spi.o
 .text.SPI_DMAError
                0x080080a4       0x40 ./Drivers/STM32F4xx_HAL_Driver/Src/stm32f4xx_hal_spi.o
 .text.SPI_WaitFlagStateUntilTimeout
                0x080080e4      0x110 ./Drivers/STM32F4xx_HAL_Driver/Src/stm32f4xx_hal_spi.o
 .text.SPI_EndRxTransaction
                0x080081f4       0xca ./Drivers/STM32F4xx_HAL_Driver/Src/stm32f4xx_hal_spi.o
 *fill*         0x080082be        0x2 
 .text.SPI_EndRxTxTransaction
                0x080082c0       0xa8 ./Drivers/STM32F4xx_HAL_Driver/Src/stm32f4xx_hal_spi.o
 .text.HAL_TIM_Base_Init
                0x08008368       0x9e ./Drivers/STM32F4xx_HAL_Driver/Src/stm32f4xx_hal_tim.o
                0x08008368                HAL_TIM_Base_Init
 .text.HAL_TIM_PWM_Init
                0x08008406       0x9e ./Drivers/STM32F4xx_HAL_Driver/Src/stm32f4xx_hal_tim.o
                0x08008406                HAL_TIM_PWM_Init
 .text.HAL_TIM_PWM_MspInit
                0x080084a4       0x14 ./Drivers/STM32F4xx_HAL_Driver/Src/stm32f4xx_hal_tim.o
                0x080084a4                HAL_TIM_PWM_MspInit
 .text.HAL_TIM_PWM_Start_DMA
                0x080084b8      0x360 ./Drivers/STM32F4xx_HAL_Driver/Src/stm32f4xx_hal_tim.o
                0x080084b8                HAL_TIM_PWM_Start_DMA
 .text.HAL_TIM_PWM_Stop_DMA
                0x08008818      0x18c ./Drivers/STM32F4xx_HAL_Driver/Src/stm32f4xx_hal_tim.o
                0x08008818                HAL_TIM_PWM_Stop_DMA
 .text.HAL_TIM_PWM_ConfigChannel
                0x080089a4      0x184 ./Drivers/STM32F4xx_HAL_Driver/Src/stm32f4xx_hal_tim.o
                0x080089a4                HAL_TIM_PWM_ConfigChannel
 .text.HAL_TIM_ConfigClockSource
                0x08008b28      0x18e ./Drivers/STM32F4xx_HAL_Driver/Src/stm32f4xx_hal_tim.o
                0x08008b28                HAL_TIM_ConfigClockSource
 .text.HAL_TIM_PWM_PulseFinishedHalfCpltCallback
                0x08008cb6       0x14 ./Drivers/STM32F4xx_HAL_Driver/Src/stm32f4xx_hal_tim.o
                0x08008cb6                HAL_TIM_PWM_PulseFinishedHalfCpltCallback
 .text.HAL_TIM_ErrorCallback
                0x08008cca       0x14 ./Drivers/STM32F4xx_HAL_Driver/Src/stm32f4xx_hal_tim.o
                0x08008cca                HAL_TIM_ErrorCallback
 .text.TIM_DMAError
                0x08008cde       0x92 ./Drivers/STM32F4xx_HAL_Driver/Src/stm32f4xx_hal_tim.o
                0x08008cde                TIM_DMAError
 .text.TIM_DMADelayPulseCplt
                0x08008d70       0xa8 ./Drivers/STM32F4xx_HAL_Driver/Src/stm32f4xx_hal_tim.o
 .text.TIM_DMADelayPulseHalfCplt
                0x08008e18       0x68 ./Drivers/STM32F4xx_HAL_Driver/Src/stm32f4xx_hal_tim.o
                0x08008e18                TIM_DMADelayPulseHalfCplt
 .text.TIM_Base_SetConfig
                0x08008e80      0x118 ./Drivers/STM32F4xx_HAL_Driver/Src/stm32f4xx_hal_tim.o
                0x08008e80                TIM_Base_SetConfig
 .text.TIM_OC1_SetConfig
                0x08008f98       0xcc ./Drivers/STM32F4xx_HAL_Driver/Src/stm32f4xx_hal_tim.o
 .text.TIM_OC2_SetConfig
                0x08009064       0xd8 ./Drivers/STM32F4xx_HAL_Driver/Src/stm32f4xx_hal_tim.o
                0x08009064                TIM_OC2_SetConfig
 .text.TIM_OC3_SetConfig
                0x0800913c       0xd4 ./Drivers/STM32F4xx_HAL_Driver/Src/stm32f4xx_hal_tim.o
 .text.TIM_OC4_SetConfig
                0x08009210       0xa0 ./Drivers/STM32F4xx_HAL_Driver/Src/stm32f4xx_hal_tim.o
 .text.TIM_TI1_ConfigInputStage
                0x080092b0       0x5e ./Drivers/STM32F4xx_HAL_Driver/Src/stm32f4xx_hal_tim.o
 .text.TIM_TI2_ConfigInputStage
                0x0800930e       0x60 ./Drivers/STM32F4xx_HAL_Driver/Src/stm32f4xx_hal_tim.o
 .text.TIM_ITRx_SetConfig
                0x0800936e       0x36 ./Drivers/STM32F4xx_HAL_Driver/Src/stm32f4xx_hal_tim.o
 .text.TIM_ETR_SetConfig
                0x080093a4       0x40 ./Drivers/STM32F4xx_HAL_Driver/Src/stm32f4xx_hal_tim.o
                0x080093a4                TIM_ETR_SetConfig
 .text.TIM_CCxChannelCmd
                0x080093e4       0x4a ./Drivers/STM32F4xx_HAL_Driver/Src/stm32f4xx_hal_tim.o
                0x080093e4                TIM_CCxChannelCmd
 *fill*         0x0800942e        0x2 
 .text.HAL_TIMEx_MasterConfigSynchronization
                0x08009430       0xdc ./Drivers/STM32F4xx_HAL_Driver/Src/stm32f4xx_hal_tim_ex.o
                0x08009430                HAL_TIMEx_MasterConfigSynchronization
 .text.USB_CoreInit
                0x0800950c       0xc8 ./Drivers/STM32F4xx_HAL_Driver/Src/stm32f4xx_ll_usb.o
                0x0800950c                USB_CoreInit
 .text.USB_SetTurnaroundTime
                0x080095d4      0x144 ./Drivers/STM32F4xx_HAL_Driver/Src/stm32f4xx_ll_usb.o
                0x080095d4                USB_SetTurnaroundTime
 .text.USB_EnableGlobalInt
                0x08009718       0x22 ./Drivers/STM32F4xx_HAL_Driver/Src/stm32f4xx_ll_usb.o
                0x08009718                USB_EnableGlobalInt
 .text.USB_DisableGlobalInt
                0x0800973a       0x22 ./Drivers/STM32F4xx_HAL_Driver/Src/stm32f4xx_ll_usb.o
                0x0800973a                USB_DisableGlobalInt
 .text.USB_SetCurrentMode
                0x0800975c       0x98 ./Drivers/STM32F4xx_HAL_Driver/Src/stm32f4xx_ll_usb.o
                0x0800975c                USB_SetCurrentMode
 .text.USB_DevInit
                0x080097f4      0x2c8 ./Drivers/STM32F4xx_HAL_Driver/Src/stm32f4xx_ll_usb.o
                0x080097f4                USB_DevInit
 .text.USB_FlushTxFifo
                0x08009abc       0x64 ./Drivers/STM32F4xx_HAL_Driver/Src/stm32f4xx_ll_usb.o
                0x08009abc                USB_FlushTxFifo
 .text.USB_FlushRxFifo
                0x08009b20       0x5c ./Drivers/STM32F4xx_HAL_Driver/Src/stm32f4xx_ll_usb.o
                0x08009b20                USB_FlushRxFifo
 .text.USB_SetDevSpeed
                0x08009b7c       0x32 ./Drivers/STM32F4xx_HAL_Driver/Src/stm32f4xx_ll_usb.o
                0x08009b7c                USB_SetDevSpeed
 .text.USB_GetDevSpeed
                0x08009bae       0x4a ./Drivers/STM32F4xx_HAL_Driver/Src/stm32f4xx_ll_usb.o
                0x08009bae                USB_GetDevSpeed
 .text.USB_ActivateEndpoint
                0x08009bf8      0x10e ./Drivers/STM32F4xx_HAL_Driver/Src/stm32f4xx_ll_usb.o
                0x08009bf8                USB_ActivateEndpoint
 *fill*         0x08009d06        0x2 
 .text.USB_DeactivateEndpoint
                0x08009d08      0x1b8 ./Drivers/STM32F4xx_HAL_Driver/Src/stm32f4xx_ll_usb.o
                0x08009d08                USB_DeactivateEndpoint
 .text.USB_EPStartXfer
                0x08009ec0      0x53c ./Drivers/STM32F4xx_HAL_Driver/Src/stm32f4xx_ll_usb.o
                0x08009ec0                USB_EPStartXfer
 .text.USB_EPStopXfer
                0x0800a3fc      0x154 ./Drivers/STM32F4xx_HAL_Driver/Src/stm32f4xx_ll_usb.o
                0x0800a3fc                USB_EPStopXfer
 .text.USB_WritePacket
                0x0800a550       0x7c ./Drivers/STM32F4xx_HAL_Driver/Src/stm32f4xx_ll_usb.o
                0x0800a550                USB_WritePacket
 .text.USB_ReadPacket
                0x0800a5cc       0xb0 ./Drivers/STM32F4xx_HAL_Driver/Src/stm32f4xx_ll_usb.o
                0x0800a5cc                USB_ReadPacket
 .text.USB_EPSetStall
                0x0800a67c       0xdc ./Drivers/STM32F4xx_HAL_Driver/Src/stm32f4xx_ll_usb.o
                0x0800a67c                USB_EPSetStall
 .text.USB_EPClearStall
                0x0800a758       0xcc ./Drivers/STM32F4xx_HAL_Driver/Src/stm32f4xx_ll_usb.o
                0x0800a758                USB_EPClearStall
 .text.USB_SetDevAddress
                0x0800a824       0x4c ./Drivers/STM32F4xx_HAL_Driver/Src/stm32f4xx_ll_usb.o
                0x0800a824                USB_SetDevAddress
 .text.USB_DevConnect
                0x0800a870       0x42 ./Drivers/STM32F4xx_HAL_Driver/Src/stm32f4xx_ll_usb.o
                0x0800a870                USB_DevConnect
 .text.USB_DevDisconnect
                0x0800a8b2       0x42 ./Drivers/STM32F4xx_HAL_Driver/Src/stm32f4xx_ll_usb.o
                0x0800a8b2                USB_DevDisconnect
 .text.USB_ReadInterrupts
                0x0800a8f4       0x26 ./Drivers/STM32F4xx_HAL_Driver/Src/stm32f4xx_ll_usb.o
                0x0800a8f4                USB_ReadInterrupts
 .text.USB_ReadDevAllOutEpInterrupt
                0x0800a91a       0x34 ./Drivers/STM32F4xx_HAL_Driver/Src/stm32f4xx_ll_usb.o
                0x0800a91a                USB_ReadDevAllOutEpInterrupt
 .text.USB_ReadDevAllInEpInterrupt
                0x0800a94e       0x34 ./Drivers/STM32F4xx_HAL_Driver/Src/stm32f4xx_ll_usb.o
                0x0800a94e                USB_ReadDevAllInEpInterrupt
 .text.USB_ReadDevOutEPInterrupt
                0x0800a982       0x3c ./Drivers/STM32F4xx_HAL_Driver/Src/stm32f4xx_ll_usb.o
                0x0800a982                USB_ReadDevOutEPInterrupt
 .text.USB_ReadDevInEPInterrupt
                0x0800a9be       0x5c ./Drivers/STM32F4xx_HAL_Driver/Src/stm32f4xx_ll_usb.o
                0x0800a9be                USB_ReadDevInEPInterrupt
 .text.USB_GetMode
                0x0800aa1a       0x1c ./Drivers/STM32F4xx_HAL_Driver/Src/stm32f4xx_ll_usb.o
                0x0800aa1a                USB_GetMode
 .text.USB_ActivateSetup
                0x0800aa36       0x46 ./Drivers/STM32F4xx_HAL_Driver/Src/stm32f4xx_ll_usb.o
                0x0800aa36                USB_ActivateSetup
 .text.USB_EP0_OutStart
                0x0800aa7c       0xbc ./Drivers/STM32F4xx_HAL_Driver/Src/stm32f4xx_ll_usb.o
                0x0800aa7c                USB_EP0_OutStart
 .text.USB_CoreReset
                0x0800ab38       0x62 ./Drivers/STM32F4xx_HAL_Driver/Src/stm32f4xx_ll_usb.o
 *fill*         0x0800ab9a        0x2 
 .text.MX_FATFS_Init
                0x0800ab9c       0x24 ./FATFS/App/fatfs.o
                0x0800ab9c                MX_FATFS_Init
 .text.get_fattime
                0x0800abc0       0x10 ./FATFS/App/fatfs.o
                0x0800abc0                get_fattime
 .text.USER_initialize
                0x0800abd0       0x1c ./FATFS/Target/user_diskio.o
                0x0800abd0                USER_initialize
 .text.USER_status
                0x0800abec       0x1c ./FATFS/Target/user_diskio.o
                0x0800abec                USER_status
 .text.USER_read
                0x0800ac08       0x26 ./FATFS/Target/user_diskio.o
                0x0800ac08                USER_read
 .text.USER_write
                0x0800ac2e       0x26 ./FATFS/Target/user_diskio.o
                0x0800ac2e                USER_write
 .text.USER_ioctl
                0x0800ac54       0x26 ./FATFS/Target/user_diskio.o
                0x0800ac54                USER_ioctl
 *fill*         0x0800ac7a        0x2 
 .text.USBD_CDC_Init
                0x0800ac7c      0x1f0 ./Middlewares/ST/STM32_USB_Device_Library/Class/CDC/Src/usbd_cdc.o
 .text.USBD_CDC_DeInit
                0x0800ae6c      0x104 ./Middlewares/ST/STM32_USB_Device_Library/Class/CDC/Src/usbd_cdc.o
 .text.USBD_CDC_Setup
                0x0800af70      0x1b8 ./Middlewares/ST/STM32_USB_Device_Library/Class/CDC/Src/usbd_cdc.o
 .text.USBD_CDC_DataIn
                0x0800b128       0xfe ./Middlewares/ST/STM32_USB_Device_Library/Class/CDC/Src/usbd_cdc.o
 .text.USBD_CDC_DataOut
                0x0800b226       0x70 ./Middlewares/ST/STM32_USB_Device_Library/Class/CDC/Src/usbd_cdc.o
 .text.USBD_CDC_EP0_RxReady
                0x0800b296       0x74 ./Middlewares/ST/STM32_USB_Device_Library/Class/CDC/Src/usbd_cdc.o
 *fill*         0x0800b30a        0x2 
 .text.USBD_CDC_GetFSCfgDesc
                0x0800b30c       0x70 ./Middlewares/ST/STM32_USB_Device_Library/Class/CDC/Src/usbd_cdc.o
 .text.USBD_CDC_GetHSCfgDesc
                0x0800b37c       0x70 ./Middlewares/ST/STM32_USB_Device_Library/Class/CDC/Src/usbd_cdc.o
 .text.USBD_CDC_GetOtherSpeedCfgDesc
                0x0800b3ec       0x70 ./Middlewares/ST/STM32_USB_Device_Library/Class/CDC/Src/usbd_cdc.o
 .text.USBD_CDC_GetDeviceQualifierDescriptor
                0x0800b45c       0x20 ./Middlewares/ST/STM32_USB_Device_Library/Class/CDC/Src/usbd_cdc.o
                0x0800b45c                USBD_CDC_GetDeviceQualifierDescriptor
 .text.USBD_CDC_RegisterInterface
                0x0800b47c       0x34 ./Middlewares/ST/STM32_USB_Device_Library/Class/CDC/Src/usbd_cdc.o
                0x0800b47c                USBD_CDC_RegisterInterface
 .text.USBD_CDC_SetTxBuffer
                0x0800b4b0       0x44 ./Middlewares/ST/STM32_USB_Device_Library/Class/CDC/Src/usbd_cdc.o
                0x0800b4b0                USBD_CDC_SetTxBuffer
 .text.USBD_CDC_SetRxBuffer
                0x0800b4f4       0x3a ./Middlewares/ST/STM32_USB_Device_Library/Class/CDC/Src/usbd_cdc.o
                0x0800b4f4                USBD_CDC_SetRxBuffer
 *fill*         0x0800b52e        0x2 
 .text.USBD_CDC_TransmitPacket
                0x0800b530       0x80 ./Middlewares/ST/STM32_USB_Device_Library/Class/CDC/Src/usbd_cdc.o
                0x0800b530                USBD_CDC_TransmitPacket
 .text.USBD_CDC_ReceivePacket
                0x0800b5b0       0x6c ./Middlewares/ST/STM32_USB_Device_Library/Class/CDC/Src/usbd_cdc.o
                0x0800b5b0                USBD_CDC_ReceivePacket
 .text.USBD_Init
                0x0800b61c       0x60 ./Middlewares/ST/STM32_USB_Device_Library/Core/Src/usbd_core.o
                0x0800b61c                USBD_Init
 .text.USBD_RegisterClass
                0x0800b67c       0x6c ./Middlewares/ST/STM32_USB_Device_Library/Core/Src/usbd_core.o
                0x0800b67c                USBD_RegisterClass
 .text.USBD_Start
                0x0800b6e8       0x18 ./Middlewares/ST/STM32_USB_Device_Library/Core/Src/usbd_core.o
                0x0800b6e8                USBD_Start
 .text.USBD_RunTestMode
                0x0800b700       0x16 ./Middlewares/ST/STM32_USB_Device_Library/Core/Src/usbd_core.o
                0x0800b700                USBD_RunTestMode
 .text.USBD_SetClassConfig
                0x0800b716       0x38 ./Middlewares/ST/STM32_USB_Device_Library/Core/Src/usbd_core.o
                0x0800b716                USBD_SetClassConfig
 .text.USBD_ClrClassConfig
                0x0800b74e       0x34 ./Middlewares/ST/STM32_USB_Device_Library/Core/Src/usbd_core.o
                0x0800b74e                USBD_ClrClassConfig
 .text.USBD_LL_SetupStage
                0x0800b782       0xaa ./Middlewares/ST/STM32_USB_Device_Library/Core/Src/usbd_core.o
                0x0800b782                USBD_LL_SetupStage
 .text.USBD_LL_DataOutStage
                0x0800b82c      0x166 ./Middlewares/ST/STM32_USB_Device_Library/Core/Src/usbd_core.o
                0x0800b82c                USBD_LL_DataOutStage
 .text.USBD_LL_DataInStage
                0x0800b992      0x164 ./Middlewares/ST/STM32_USB_Device_Library/Core/Src/usbd_core.o
                0x0800b992                USBD_LL_DataInStage
 .text.USBD_LL_Reset
                0x0800baf6       0xa4 ./Middlewares/ST/STM32_USB_Device_Library/Core/Src/usbd_core.o
                0x0800baf6                USBD_LL_Reset
 .text.USBD_LL_SetSpeed
                0x0800bb9a       0x20 ./Middlewares/ST/STM32_USB_Device_Library/Core/Src/usbd_core.o
                0x0800bb9a                USBD_LL_SetSpeed
 .text.USBD_LL_Suspend
                0x0800bbba       0x38 ./Middlewares/ST/STM32_USB_Device_Library/Core/Src/usbd_core.o
                0x0800bbba                USBD_LL_Suspend
 .text.USBD_LL_Resume
                0x0800bbf2       0x30 ./Middlewares/ST/STM32_USB_Device_Library/Core/Src/usbd_core.o
                0x0800bbf2                USBD_LL_Resume
 .text.USBD_LL_SOF
                0x0800bc22       0x40 ./Middlewares/ST/STM32_USB_Device_Library/Core/Src/usbd_core.o
                0x0800bc22                USBD_LL_SOF
 .text.USBD_LL_IsoINIncomplete
                0x0800bc62       0x64 ./Middlewares/ST/STM32_USB_Device_Library/Core/Src/usbd_core.o
                0x0800bc62                USBD_LL_IsoINIncomplete
 .text.USBD_LL_IsoOUTIncomplete
                0x0800bcc6       0x64 ./Middlewares/ST/STM32_USB_Device_Library/Core/Src/usbd_core.o
                0x0800bcc6                USBD_LL_IsoOUTIncomplete
 .text.USBD_LL_DevConnected
                0x0800bd2a       0x16 ./Middlewares/ST/STM32_USB_Device_Library/Core/Src/usbd_core.o
                0x0800bd2a                USBD_LL_DevConnected
 .text.USBD_LL_DevDisconnected
                0x0800bd40       0x46 ./Middlewares/ST/STM32_USB_Device_Library/Core/Src/usbd_core.o
                0x0800bd40                USBD_LL_DevDisconnected
 .text.USBD_CoreFindIF
                0x0800bd86       0x1a ./Middlewares/ST/STM32_USB_Device_Library/Core/Src/usbd_core.o
                0x0800bd86                USBD_CoreFindIF
 .text.USBD_CoreFindEP
                0x0800bda0       0x1a ./Middlewares/ST/STM32_USB_Device_Library/Core/Src/usbd_core.o
                0x0800bda0                USBD_CoreFindEP
 .text.USBD_GetEpDesc
                0x0800bdba       0x70 ./Middlewares/ST/STM32_USB_Device_Library/Core/Src/usbd_core.o
                0x0800bdba                USBD_GetEpDesc
 .text.USBD_GetNextDesc
                0x0800be2a       0x38 ./Middlewares/ST/STM32_USB_Device_Library/Core/Src/usbd_core.o
                0x0800be2a                USBD_GetNextDesc
 .text.SWAPBYTE
                0x0800be62       0x3e ./Middlewares/ST/STM32_USB_Device_Library/Core/Src/usbd_ctlreq.o
 .text.USBD_StdDevReq
                0x0800bea0       0xe4 ./Middlewares/ST/STM32_USB_Device_Library/Core/Src/usbd_ctlreq.o
                0x0800bea0                USBD_StdDevReq
 .text.USBD_StdItfReq
                0x0800bf84       0xd8 ./Middlewares/ST/STM32_USB_Device_Library/Core/Src/usbd_ctlreq.o
                0x0800bf84                USBD_StdItfReq
 .text.USBD_StdEPReq
                0x0800c05c      0x33a ./Middlewares/ST/STM32_USB_Device_Library/Core/Src/usbd_ctlreq.o
                0x0800c05c                USBD_StdEPReq
 *fill*         0x0800c396        0x2 
 .text.USBD_GetDescriptor
                0x0800c398      0x2d4 ./Middlewares/ST/STM32_USB_Device_Library/Core/Src/usbd_ctlreq.o
 .text.USBD_SetAddress
                0x0800c66c       0x88 ./Middlewares/ST/STM32_USB_Device_Library/Core/Src/usbd_ctlreq.o
 .text.USBD_SetConfig
                0x0800c6f4      0x154 ./Middlewares/ST/STM32_USB_Device_Library/Core/Src/usbd_ctlreq.o
 .text.USBD_GetConfig
                0x0800c848       0x6c ./Middlewares/ST/STM32_USB_Device_Library/Core/Src/usbd_ctlreq.o
 .text.USBD_GetStatus
                0x0800c8b4       0x68 ./Middlewares/ST/STM32_USB_Device_Library/Core/Src/usbd_ctlreq.o
 .text.USBD_SetFeature
                0x0800c91c       0x52 ./Middlewares/ST/STM32_USB_Device_Library/Core/Src/usbd_ctlreq.o
 .text.USBD_ClrFeature
                0x0800c96e       0x44 ./Middlewares/ST/STM32_USB_Device_Library/Core/Src/usbd_ctlreq.o
 .text.USBD_ParseSetupRequest
                0x0800c9b2       0x74 ./Middlewares/ST/STM32_USB_Device_Library/Core/Src/usbd_ctlreq.o
                0x0800c9b2                USBD_ParseSetupRequest
 .text.USBD_CtlError
                0x0800ca26       0x22 ./Middlewares/ST/STM32_USB_Device_Library/Core/Src/usbd_ctlreq.o
                0x0800ca26                USBD_CtlError
 .text.USBD_GetString
                0x0800ca48       0xa4 ./Middlewares/ST/STM32_USB_Device_Library/Core/Src/usbd_ctlreq.o
                0x0800ca48                USBD_GetString
 .text.USBD_GetLen
                0x0800caec       0x34 ./Middlewares/ST/STM32_USB_Device_Library/Core/Src/usbd_ctlreq.o
 .text.USBD_CtlSendData
                0x0800cb20       0x36 ./Middlewares/ST/STM32_USB_Device_Library/Core/Src/usbd_ioreq.o
                0x0800cb20                USBD_CtlSendData
 .text.USBD_CtlContinueSendData
                0x0800cb56       0x22 ./Middlewares/ST/STM32_USB_Device_Library/Core/Src/usbd_ioreq.o
                0x0800cb56                USBD_CtlContinueSendData
 .text.USBD_CtlPrepareRx
                0x0800cb78       0x3a ./Middlewares/ST/STM32_USB_Device_Library/Core/Src/usbd_ioreq.o
                0x0800cb78                USBD_CtlPrepareRx
 .text.USBD_CtlContinueRx
                0x0800cbb2       0x22 ./Middlewares/ST/STM32_USB_Device_Library/Core/Src/usbd_ioreq.o
                0x0800cbb2                USBD_CtlContinueRx
 .text.USBD_CtlSendStatus
                0x0800cbd4       0x26 ./Middlewares/ST/STM32_USB_Device_Library/Core/Src/usbd_ioreq.o
                0x0800cbd4                USBD_CtlSendStatus
 .text.USBD_CtlReceiveStatus
                0x0800cbfa       0x26 ./Middlewares/ST/STM32_USB_Device_Library/Core/Src/usbd_ioreq.o
                0x0800cbfa                USBD_CtlReceiveStatus
 .text.disk_status
                0x0800cc20       0x34 ./Middlewares/Third_Party/FatFs/src/diskio.o
                0x0800cc20                disk_status
 .text.disk_initialize
                0x0800cc54       0x50 ./Middlewares/Third_Party/FatFs/src/diskio.o
                0x0800cc54                disk_initialize
 .text.disk_read
                0x0800cca4       0x40 ./Middlewares/Third_Party/FatFs/src/diskio.o
                0x0800cca4                disk_read
 .text.disk_write
                0x0800cce4       0x40 ./Middlewares/Third_Party/FatFs/src/diskio.o
                0x0800cce4                disk_write
 .text.disk_ioctl
                0x0800cd24       0x3c ./Middlewares/Third_Party/FatFs/src/diskio.o
                0x0800cd24                disk_ioctl
 .text.ld_word  0x0800cd60       0x32 ./Middlewares/Third_Party/FatFs/src/ff.o
 .text.ld_dword
                0x0800cd92       0x46 ./Middlewares/Third_Party/FatFs/src/ff.o
 .text.st_word  0x0800cdd8       0x36 ./Middlewares/Third_Party/FatFs/src/ff.o
 .text.st_dword
                0x0800ce0e       0x58 ./Middlewares/Third_Party/FatFs/src/ff.o
 .text.mem_cpy  0x0800ce66       0x42 ./Middlewares/Third_Party/FatFs/src/ff.o
 .text.mem_set  0x0800cea8       0x36 ./Middlewares/Third_Party/FatFs/src/ff.o
 .text.mem_cmp  0x0800cede       0x4e ./Middlewares/Third_Party/FatFs/src/ff.o
 .text.chk_chr  0x0800cf2c       0x36 ./Middlewares/Third_Party/FatFs/src/ff.o
 *fill*         0x0800cf62        0x2 
 .text.chk_lock
                0x0800cf64       0xb8 ./Middlewares/Third_Party/FatFs/src/ff.o
 .text.enq_lock
                0x0800d01c       0x44 ./Middlewares/Third_Party/FatFs/src/ff.o
 .text.inc_lock
                0x0800d060      0x11c ./Middlewares/Third_Party/FatFs/src/ff.o
 .text.dec_lock
                0x0800d17c       0x78 ./Middlewares/Third_Party/FatFs/src/ff.o
 .text.clear_lock
                0x0800d1f4       0x48 ./Middlewares/Third_Party/FatFs/src/ff.o
 .text.sync_window
                0x0800d23c       0x88 ./Middlewares/Third_Party/FatFs/src/ff.o
 .text.move_window
                0x0800d2c4       0x5a ./Middlewares/Third_Party/FatFs/src/ff.o
 *fill*         0x0800d31e        0x2 
 .text.sync_fs  0x0800d320       0xdc ./Middlewares/Third_Party/FatFs/src/ff.o
 .text.clust2sect
                0x0800d3fc       0x3e ./Middlewares/Third_Party/FatFs/src/ff.o
 .text.get_fat  0x0800d43a      0x14e ./Middlewares/Third_Party/FatFs/src/ff.o
 .text.put_fat  0x0800d588      0x1d4 ./Middlewares/Third_Party/FatFs/src/ff.o
 .text.remove_chain
                0x0800d75c       0xca ./Middlewares/Third_Party/FatFs/src/ff.o
 .text.create_chain
                0x0800d826      0x130 ./Middlewares/Third_Party/FatFs/src/ff.o
 .text.clmt_clust
                0x0800d956       0x68 ./Middlewares/Third_Party/FatFs/src/ff.o
 .text.dir_sdi  0x0800d9be       0xf6 ./Middlewares/Third_Party/FatFs/src/ff.o
 .text.dir_next
                0x0800dab4      0x18a ./Middlewares/Third_Party/FatFs/src/ff.o
 .text.dir_alloc
                0x0800dc3e       0x8e ./Middlewares/Third_Party/FatFs/src/ff.o
 .text.ld_clust
                0x0800dccc       0x3e ./Middlewares/Third_Party/FatFs/src/ff.o
 .text.st_clust
                0x0800dd0a       0x40 ./Middlewares/Third_Party/FatFs/src/ff.o
 .text.dir_find
                0x0800dd4a       0xaa ./Middlewares/Third_Party/FatFs/src/ff.o
 .text.dir_register
                0x0800ddf4       0x64 ./Middlewares/Third_Party/FatFs/src/ff.o
 .text.create_name
                0x0800de58      0x128 ./Middlewares/Third_Party/FatFs/src/ff.o
 .text.follow_path
                0x0800df80       0xe2 ./Middlewares/Third_Party/FatFs/src/ff.o
 .text.get_ldnumber
                0x0800e062       0x88 ./Middlewares/Third_Party/FatFs/src/ff.o
 *fill*         0x0800e0ea        0x2 
 .text.check_fs
                0x0800e0ec       0xac ./Middlewares/Third_Party/FatFs/src/ff.o
 .text.find_volume
                0x0800e198      0x498 ./Middlewares/Third_Party/FatFs/src/ff.o
 .text.validate
                0x0800e630       0x6a ./Middlewares/Third_Party/FatFs/src/ff.o
 *fill*         0x0800e69a        0x2 
 .text.f_mount  0x0800e69c       0x8c ./Middlewares/Third_Party/FatFs/src/ff.o
                0x0800e69c                f_mount
 .text.f_open   0x0800e728      0x374 ./Middlewares/Third_Party/FatFs/src/ff.o
                0x0800e728                f_open
 .text.f_read   0x0800ea9c      0x27e ./Middlewares/Third_Party/FatFs/src/ff.o
                0x0800ea9c                f_read
 .text.f_sync   0x0800ed1a       0xfc ./Middlewares/Third_Party/FatFs/src/ff.o
                0x0800ed1a                f_sync
 .text.f_close  0x0800ee16       0x54 ./Middlewares/Third_Party/FatFs/src/ff.o
                0x0800ee16                f_close
 *fill*         0x0800ee6a        0x2 
 .text.FATFS_LinkDriverEx
                0x0800ee6c       0x98 ./Middlewares/Third_Party/FatFs/src/ff_gen_drv.o
                0x0800ee6c                FATFS_LinkDriverEx
 .text.FATFS_LinkDriver
                0x0800ef04       0x1e ./Middlewares/Third_Party/FatFs/src/ff_gen_drv.o
                0x0800ef04                FATFS_LinkDriver
 *fill*         0x0800ef22        0x2 
 .text.MX_USB_DEVICE_Init
                0x0800ef24       0x60 ./USB_DEVICE/App/usb_device.o
                0x0800ef24                MX_USB_DEVICE_Init
 .text.CDC_Init_FS
                0x0800ef84       0x28 ./USB_DEVICE/App/usbd_cdc_if.o
 .text.CDC_DeInit_FS
                0x0800efac       0x10 ./USB_DEVICE/App/usbd_cdc_if.o
 .text.CDC_Control_FS
                0x0800efbc       0xbc ./USB_DEVICE/App/usbd_cdc_if.o
 .text.CDC_Receive_FS
                0x0800f078       0x28 ./USB_DEVICE/App/usbd_cdc_if.o
 .text.CDC_Transmit_FS
                0x0800f0a0       0x4c ./USB_DEVICE/App/usbd_cdc_if.o
                0x0800f0a0                CDC_Transmit_FS
 .text.CDC_TransmitCplt_FS
                0x0800f0ec       0x22 ./USB_DEVICE/App/usbd_cdc_if.o
 *fill*         0x0800f10e        0x2 
 .text.USBD_FS_DeviceDescriptor
                0x0800f110       0x24 ./USB_DEVICE/App/usbd_desc.o
                0x0800f110                USBD_FS_DeviceDescriptor
 .text.USBD_FS_LangIDStrDescriptor
                0x0800f134       0x24 ./USB_DEVICE/App/usbd_desc.o
                0x0800f134                USBD_FS_LangIDStrDescriptor
 .text.USBD_FS_ProductStrDescriptor
                0x0800f158       0x3c ./USB_DEVICE/App/usbd_desc.o
                0x0800f158                USBD_FS_ProductStrDescriptor
 .text.USBD_FS_ManufacturerStrDescriptor
                0x0800f194       0x28 ./USB_DEVICE/App/usbd_desc.o
                0x0800f194                USBD_FS_ManufacturerStrDescriptor
 .text.USBD_FS_SerialStrDescriptor
                0x0800f1bc       0x24 ./USB_DEVICE/App/usbd_desc.o
                0x0800f1bc                USBD_FS_SerialStrDescriptor
 .text.USBD_FS_ConfigStrDescriptor
                0x0800f1e0       0x3c ./USB_DEVICE/App/usbd_desc.o
                0x0800f1e0                USBD_FS_ConfigStrDescriptor
 .text.USBD_FS_InterfaceStrDescriptor
                0x0800f21c       0x3c ./USB_DEVICE/App/usbd_desc.o
                0x0800f21c                USBD_FS_InterfaceStrDescriptor
 .text.Get_SerialNum
                0x0800f258       0x58 ./USB_DEVICE/App/usbd_desc.o
 .text.IntToUnicode
                0x0800f2b0       0x7e ./USB_DEVICE/App/usbd_desc.o
 *fill*         0x0800f32e        0x2 
 .text.HAL_PCD_MspInit
                0x0800f330       0xa8 ./USB_DEVICE/Target/usbd_conf.o
                0x0800f330                HAL_PCD_MspInit
 .text.HAL_PCD_SetupStageCallback
                0x0800f3d8       0x24 ./USB_DEVICE/Target/usbd_conf.o
                0x0800f3d8                HAL_PCD_SetupStageCallback
 .text.HAL_PCD_DataOutStageCallback
                0x0800f3fc       0x36 ./USB_DEVICE/Target/usbd_conf.o
                0x0800f3fc                HAL_PCD_DataOutStageCallback
 .text.HAL_PCD_DataInStageCallback
                0x0800f432       0x34 ./USB_DEVICE/Target/usbd_conf.o
                0x0800f432                HAL_PCD_DataInStageCallback
 .text.HAL_PCD_SOFCallback
                0x0800f466       0x1c ./USB_DEVICE/Target/usbd_conf.o
                0x0800f466                HAL_PCD_SOFCallback
 .text.HAL_PCD_ResetCallback
                0x0800f482       0x3c ./USB_DEVICE/Target/usbd_conf.o
                0x0800f482                HAL_PCD_ResetCallback
 *fill*         0x0800f4be        0x2 
 .text.HAL_PCD_SuspendCallback
                0x0800f4c0       0x4c ./USB_DEVICE/Target/usbd_conf.o
                0x0800f4c0                HAL_PCD_SuspendCallback
 .text.HAL_PCD_ResumeCallback
                0x0800f50c       0x1c ./USB_DEVICE/Target/usbd_conf.o
                0x0800f50c                HAL_PCD_ResumeCallback
 .text.HAL_PCD_ISOOUTIncompleteCallback
                0x0800f528       0x24 ./USB_DEVICE/Target/usbd_conf.o
                0x0800f528                HAL_PCD_ISOOUTIncompleteCallback
 .text.HAL_PCD_ISOINIncompleteCallback
                0x0800f54c       0x24 ./USB_DEVICE/Target/usbd_conf.o
                0x0800f54c                HAL_PCD_ISOINIncompleteCallback
 .text.HAL_PCD_ConnectCallback
                0x0800f570       0x1c ./USB_DEVICE/Target/usbd_conf.o
                0x0800f570                HAL_PCD_ConnectCallback
 .text.HAL_PCD_DisconnectCallback
                0x0800f58c       0x1c ./USB_DEVICE/Target/usbd_conf.o
                0x0800f58c                HAL_PCD_DisconnectCallback
 .text.USBD_LL_Init
                0x0800f5a8       0x98 ./USB_DEVICE/Target/usbd_conf.o
                0x0800f5a8                USBD_LL_Init
 .text.USBD_LL_Start
                0x0800f640       0x36 ./USB_DEVICE/Target/usbd_conf.o
                0x0800f640                USBD_LL_Start
 .text.USBD_LL_OpenEP
                0x0800f676       0x4c ./USB_DEVICE/Target/usbd_conf.o
                0x0800f676                USBD_LL_OpenEP
 .text.USBD_LL_CloseEP
                0x0800f6c2       0x3e ./USB_DEVICE/Target/usbd_conf.o
                0x0800f6c2                USBD_LL_CloseEP
 .text.USBD_LL_StallEP
                0x0800f700       0x3e ./USB_DEVICE/Target/usbd_conf.o
                0x0800f700                USBD_LL_StallEP
 .text.USBD_LL_ClearStallEP
                0x0800f73e       0x3e ./USB_DEVICE/Target/usbd_conf.o
                0x0800f73e                USBD_LL_ClearStallEP
 .text.USBD_LL_IsStallEP
                0x0800f77c       0x58 ./USB_DEVICE/Target/usbd_conf.o
                0x0800f77c                USBD_LL_IsStallEP
 .text.USBD_LL_SetUSBAddress
                0x0800f7d4       0x3e ./USB_DEVICE/Target/usbd_conf.o
                0x0800f7d4                USBD_LL_SetUSBAddress
 .text.USBD_LL_Transmit
                0x0800f812       0x42 ./USB_DEVICE/Target/usbd_conf.o
                0x0800f812                USBD_LL_Transmit
 .text.USBD_LL_PrepareReceive
                0x0800f854       0x42 ./USB_DEVICE/Target/usbd_conf.o
                0x0800f854                USBD_LL_PrepareReceive
 .text.USBD_LL_GetRxDataSize
                0x0800f896       0x26 ./USB_DEVICE/Target/usbd_conf.o
                0x0800f896                USBD_LL_GetRxDataSize
 .text.USBD_static_malloc
                0x0800f8bc       0x1c ./USB_DEVICE/Target/usbd_conf.o
                0x0800f8bc                USBD_static_malloc
 .text.USBD_static_free
                0x0800f8d8       0x14 ./USB_DEVICE/Target/usbd_conf.o
                0x0800f8d8                USBD_static_free
 .text.USBD_Get_USB_Status
                0x0800f8ec       0x58 ./USB_DEVICE/Target/usbd_conf.o
                0x0800f8ec                USBD_Get_USB_Status
 .text._ZdlPvj  0x0800f944        0x4 /opt/st/stm32cubeide_1.18.0/plugins/com.st.stm32cube.ide.mcu.externaltools.gnu-tools-for-stm32.13.3.rel1.linux64_1.0.0.202410170706/tools/bin/../lib/gcc/arm-none-eabi/13.3.1/../../../../arm-none-eabi/lib/thumb/v7e-m+fp/hard/libstdc++_nano.a(del_ops.o)
                0x0800f944                operator delete(void*, unsigned int)
 .text._Znwj    0x0800f948       0x22 /opt/st/stm32cubeide_1.18.0/plugins/com.st.stm32cube.ide.mcu.externaltools.gnu-tools-for-stm32.13.3.rel1.linux64_1.0.0.202410170706/tools/bin/../lib/gcc/arm-none-eabi/13.3.1/../../../../arm-none-eabi/lib/thumb/v7e-m+fp/hard/libstdc++_nano.a(new_op.o)
                0x0800f948                operator new(unsigned int)
 .text._ZdlPv   0x0800f96a        0x4 /opt/st/stm32cubeide_1.18.0/plugins/com.st.stm32cube.ide.mcu.externaltools.gnu-tools-for-stm32.13.3.rel1.linux64_1.0.0.202410170706/tools/bin/../lib/gcc/arm-none-eabi/13.3.1/../../../../arm-none-eabi/lib/thumb/v7e-m+fp/hard/libstdc++_nano.a(del_op.o)
                0x0800f96a                operator delete(void*)
 *fill*         0x0800f96e        0x2 
 .text._ZSt15get_new_handlerv
                0x0800f970       0x10 /opt/st/stm32cubeide_1.18.0/plugins/com.st.stm32cube.ide.mcu.externaltools.gnu-tools-for-stm32.13.3.rel1.linux64_1.0.0.202410170706/tools/bin/../lib/gcc/arm-none-eabi/13.3.1/../../../../arm-none-eabi/lib/thumb/v7e-m+fp/hard/libstdc++_nano.a(new_handler.o)
                0x0800f970                std::get_new_handler()
 .text.abort    0x0800f980        0xe /opt/st/stm32cubeide_1.18.0/plugins/com.st.stm32cube.ide.mcu.externaltools.gnu-tools-for-stm32.13.3.rel1.linux64_1.0.0.202410170706/tools/bin/../lib/gcc/arm-none-eabi/13.3.1/../../../../arm-none-eabi/lib/thumb/v7e-m+fp/hard/libc_nano.a(libc_a-abort.o)
                0x0800f980                abort
 .text.__itoa   0x0800f98e       0x30 /opt/st/stm32cubeide_1.18.0/plugins/com.st.stm32cube.ide.mcu.externaltools.gnu-tools-for-stm32.13.3.rel1.linux64_1.0.0.202410170706/tools/bin/../lib/gcc/arm-none-eabi/13.3.1/../../../../arm-none-eabi/lib/thumb/v7e-m+fp/hard/libc_nano.a(libc_a-itoa.o)
                0x0800f98e                __itoa
 .text.itoa     0x0800f9be        0x4 /opt/st/stm32cubeide_1.18.0/plugins/com.st.stm32cube.ide.mcu.externaltools.gnu-tools-for-stm32.13.3.rel1.linux64_1.0.0.202410170706/tools/bin/../lib/gcc/arm-none-eabi/13.3.1/../../../../arm-none-eabi/lib/thumb/v7e-m+fp/hard/libc_nano.a(libc_a-itoa.o)
                0x0800f9be                itoa
 *fill*         0x0800f9c2        0x2 
 .text.malloc   0x0800f9c4       0x10 /opt/st/stm32cubeide_1.18.0/plugins/com.st.stm32cube.ide.mcu.externaltools.gnu-tools-for-stm32.13.3.rel1.linux64_1.0.0.202410170706/tools/bin/../lib/gcc/arm-none-eabi/13.3.1/../../../../arm-none-eabi/lib/thumb/v7e-m+fp/hard/libc_nano.a(libc_a-malloc.o)
                0x0800f9c4                malloc
 .text.free     0x0800f9d4       0x10 /opt/st/stm32cubeide_1.18.0/plugins/com.st.stm32cube.ide.mcu.externaltools.gnu-tools-for-stm32.13.3.rel1.linux64_1.0.0.202410170706/tools/bin/../lib/gcc/arm-none-eabi/13.3.1/../../../../arm-none-eabi/lib/thumb/v7e-m+fp/hard/libc_nano.a(libc_a-malloc.o)
                0x0800f9d4                free
 .text.sbrk_aligned
                0x0800f9e4       0x44 /opt/st/stm32cubeide_1.18.0/plugins/com.st.stm32cube.ide.mcu.externaltools.gnu-tools-for-stm32.13.3.rel1.linux64_1.0.0.202410170706/tools/bin/../lib/gcc/arm-none-eabi/13.3.1/../../../../arm-none-eabi/lib/thumb/v7e-m+fp/hard/libc_nano.a(libc_a-mallocr.o)
 .text._malloc_r
                0x0800fa28      0x100 /opt/st/stm32cubeide_1.18.0/plugins/com.st.stm32cube.ide.mcu.externaltools.gnu-tools-for-stm32.13.3.rel1.linux64_1.0.0.202410170706/tools/bin/../lib/gcc/arm-none-eabi/13.3.1/../../../../arm-none-eabi/lib/thumb/v7e-m+fp/hard/libc_nano.a(libc_a-mallocr.o)
                0x0800fa28                _malloc_r
 .text.__malloc_lock
                0x0800fb28        0xc /opt/st/stm32cubeide_1.18.0/plugins/com.st.stm32cube.ide.mcu.externaltools.gnu-tools-for-stm32.13.3.rel1.linux64_1.0.0.202410170706/tools/bin/../lib/gcc/arm-none-eabi/13.3.1/../../../../arm-none-eabi/lib/thumb/v7e-m+fp/hard/libc_nano.a(libc_a-mlock.o)
                0x0800fb28                __malloc_lock
 .text.__malloc_unlock
                0x0800fb34        0xc /opt/st/stm32cubeide_1.18.0/plugins/com.st.stm32cube.ide.mcu.externaltools.gnu-tools-for-stm32.13.3.rel1.linux64_1.0.0.202410170706/tools/bin/../lib/gcc/arm-none-eabi/13.3.1/../../../../arm-none-eabi/lib/thumb/v7e-m+fp/hard/libc_nano.a(libc_a-mlock.o)
                0x0800fb34                __malloc_unlock
 .text.__utoa   0x0800fb40       0x84 /opt/st/stm32cubeide_1.18.0/plugins/com.st.stm32cube.ide.mcu.externaltools.gnu-tools-for-stm32.13.3.rel1.linux64_1.0.0.202410170706/tools/bin/../lib/gcc/arm-none-eabi/13.3.1/../../../../arm-none-eabi/lib/thumb/v7e-m+fp/hard/libc_nano.a(libc_a-utoa.o)
                0x0800fb40                __utoa
 .text._vsnprintf_r
                0x0800fbc4       0x5c /opt/st/stm32cubeide_1.18.0/plugins/com.st.stm32cube.ide.mcu.externaltools.gnu-tools-for-stm32.13.3.rel1.linux64_1.0.0.202410170706/tools/bin/../lib/gcc/arm-none-eabi/13.3.1/../../../../arm-none-eabi/lib/thumb/v7e-m+fp/hard/libc_nano.a(libc_a-vsnprintf.o)
                0x0800fbc4                _vsnprintf_r
                0x0800fbc4                _vsniprintf_r
 .text.vsnprintf
                0x0800fc20       0x1c /opt/st/stm32cubeide_1.18.0/plugins/com.st.stm32cube.ide.mcu.externaltools.gnu-tools-for-stm32.13.3.rel1.linux64_1.0.0.202410170706/tools/bin/../lib/gcc/arm-none-eabi/13.3.1/../../../../arm-none-eabi/lib/thumb/v7e-m+fp/hard/libc_nano.a(libc_a-vsnprintf.o)
                0x0800fc20                vsnprintf
                0x0800fc20                vsniprintf
 .text.memset   0x0800fc3c       0x10 /opt/st/stm32cubeide_1.18.0/plugins/com.st.stm32cube.ide.mcu.externaltools.gnu-tools-for-stm32.13.3.rel1.linux64_1.0.0.202410170706/tools/bin/../lib/gcc/arm-none-eabi/13.3.1/../../../../arm-none-eabi/lib/thumb/v7e-m+fp/hard/libc_nano.a(libc_a-memset.o)
                0x0800fc3c                memset
 .text.strncat  0x0800fc4c       0x26 /opt/st/stm32cubeide_1.18.0/plugins/com.st.stm32cube.ide.mcu.externaltools.gnu-tools-for-stm32.13.3.rel1.linux64_1.0.0.202410170706/tools/bin/../lib/gcc/arm-none-eabi/13.3.1/../../../../arm-none-eabi/lib/thumb/v7e-m+fp/hard/libc_nano.a(libc_a-strncat.o)
                0x0800fc4c                strncat
 .text.strncpy  0x0800fc72       0x26 /opt/st/stm32cubeide_1.18.0/plugins/com.st.stm32cube.ide.mcu.externaltools.gnu-tools-for-stm32.13.3.rel1.linux64_1.0.0.202410170706/tools/bin/../lib/gcc/arm-none-eabi/13.3.1/../../../../arm-none-eabi/lib/thumb/v7e-m+fp/hard/libc_nano.a(libc_a-strncpy.o)
                0x0800fc72                strncpy
 .text._raise_r
                0x0800fc98       0x50 /opt/st/stm32cubeide_1.18.0/plugins/com.st.stm32cube.ide.mcu.externaltools.gnu-tools-for-stm32.13.3.rel1.linux64_1.0.0.202410170706/tools/bin/../lib/gcc/arm-none-eabi/13.3.1/../../../../arm-none-eabi/lib/thumb/v7e-m+fp/hard/libc_nano.a(libc_a-signal.o)
                0x0800fc98                _raise_r
 .text.raise    0x0800fce8       0x10 /opt/st/stm32cubeide_1.18.0/plugins/com.st.stm32cube.ide.mcu.externaltools.gnu-tools-for-stm32.13.3.rel1.linux64_1.0.0.202410170706/tools/bin/../lib/gcc/arm-none-eabi/13.3.1/../../../../arm-none-eabi/lib/thumb/v7e-m+fp/hard/libc_nano.a(libc_a-signal.o)
                0x0800fce8                raise
 .text._kill_r  0x0800fcf8       0x24 /opt/st/stm32cubeide_1.18.0/plugins/com.st.stm32cube.ide.mcu.externaltools.gnu-tools-for-stm32.13.3.rel1.linux64_1.0.0.202410170706/tools/bin/../lib/gcc/arm-none-eabi/13.3.1/../../../../arm-none-eabi/lib/thumb/v7e-m+fp/hard/libc_nano.a(libc_a-signalr.o)
                0x0800fcf8                _kill_r
 .text._getpid_r
                0x0800fd1c        0x4 /opt/st/stm32cubeide_1.18.0/plugins/com.st.stm32cube.ide.mcu.externaltools.gnu-tools-for-stm32.13.3.rel1.linux64_1.0.0.202410170706/tools/bin/../lib/gcc/arm-none-eabi/13.3.1/../../../../arm-none-eabi/lib/thumb/v7e-m+fp/hard/libc_nano.a(libc_a-signalr.o)
                0x0800fd1c                _getpid_r
 .text._sbrk_r  0x0800fd20       0x20 /opt/st/stm32cubeide_1.18.0/plugins/com.st.stm32cube.ide.mcu.externaltools.gnu-tools-for-stm32.13.3.rel1.linux64_1.0.0.202410170706/tools/bin/../lib/gcc/arm-none-eabi/13.3.1/../../../../arm-none-eabi/lib/thumb/v7e-m+fp/hard/libc_nano.a(libc_a-sbrkr.o)
                0x0800fd20                _sbrk_r
 .text.__errno  0x0800fd40        0xc /opt/st/stm32cubeide_1.18.0/plugins/com.st.stm32cube.ide.mcu.externaltools.gnu-tools-for-stm32.13.3.rel1.linux64_1.0.0.202410170706/tools/bin/../lib/gcc/arm-none-eabi/13.3.1/../../../../arm-none-eabi/lib/thumb/v7e-m+fp/hard/libc_nano.a(libc_a-errno.o)
                0x0800fd40                __errno
 .text.__libc_init_array
                0x0800fd4c       0x48 /opt/st/stm32cubeide_1.18.0/plugins/com.st.stm32cube.ide.mcu.externaltools.gnu-tools-for-stm32.13.3.rel1.linux64_1.0.0.202410170706/tools/bin/../lib/gcc/arm-none-eabi/13.3.1/../../../../arm-none-eabi/lib/thumb/v7e-m+fp/hard/libc_nano.a(libc_a-init.o)
                0x0800fd4c                __libc_init_array
 .text.__retarget_lock_acquire_recursive
                0x0800fd94        0x2 /opt/st/stm32cubeide_1.18.0/plugins/com.st.stm32cube.ide.mcu.externaltools.gnu-tools-for-stm32.13.3.rel1.linux64_1.0.0.202410170706/tools/bin/../lib/gcc/arm-none-eabi/13.3.1/../../../../arm-none-eabi/lib/thumb/v7e-m+fp/hard/libc_nano.a(libc_a-lock.o)
                0x0800fd94                __retarget_lock_acquire_recursive
 .text.__retarget_lock_release_recursive
                0x0800fd96        0x2 /opt/st/stm32cubeide_1.18.0/plugins/com.st.stm32cube.ide.mcu.externaltools.gnu-tools-for-stm32.13.3.rel1.linux64_1.0.0.202410170706/tools/bin/../lib/gcc/arm-none-eabi/13.3.1/../../../../arm-none-eabi/lib/thumb/v7e-m+fp/hard/libc_nano.a(libc_a-lock.o)
                0x0800fd96                __retarget_lock_release_recursive
 .text.memcpy   0x0800fd98       0x1c /opt/st/stm32cubeide_1.18.0/plugins/com.st.stm32cube.ide.mcu.externaltools.gnu-tools-for-stm32.13.3.rel1.linux64_1.0.0.202410170706/tools/bin/../lib/gcc/arm-none-eabi/13.3.1/../../../../arm-none-eabi/lib/thumb/v7e-m+fp/hard/libc_nano.a(libc_a-memcpy-stub.o)
                0x0800fd98                memcpy
 .text._free_r  0x0800fdb4       0x94 /opt/st/stm32cubeide_1.18.0/plugins/com.st.stm32cube.ide.mcu.externaltools.gnu-tools-for-stm32.13.3.rel1.linux64_1.0.0.202410170706/tools/bin/../lib/gcc/arm-none-eabi/13.3.1/../../../../arm-none-eabi/lib/thumb/v7e-m+fp/hard/libc_nano.a(libc_a-freer.o)
                0x0800fdb4                _free_r
 .text.__ssputs_r
                0x0800fe48       0xb6 /opt/st/stm32cubeide_1.18.0/plugins/com.st.stm32cube.ide.mcu.externaltools.gnu-tools-for-stm32.13.3.rel1.linux64_1.0.0.202410170706/tools/bin/../lib/gcc/arm-none-eabi/13.3.1/../../../../arm-none-eabi/lib/thumb/v7e-m+fp/hard/libc_nano.a(libc_a-nano-svfprintf.o)
                0x0800fe48                __ssputs_r
 *fill*         0x0800fefe        0x2 
 .text._svfprintf_r
                0x0800ff00      0x1f8 /opt/st/stm32cubeide_1.18.0/plugins/com.st.stm32cube.ide.mcu.externaltools.gnu-tools-for-stm32.13.3.rel1.linux64_1.0.0.202410170706/tools/bin/../lib/gcc/arm-none-eabi/13.3.1/../../../../arm-none-eabi/lib/thumb/v7e-m+fp/hard/libc_nano.a(libc_a-nano-svfprintf.o)
                0x0800ff00                _svfprintf_r
                0x0800ff00                _svfiprintf_r
 .text._printf_common
                0x080100f8       0xda /opt/st/stm32cubeide_1.18.0/plugins/com.st.stm32cube.ide.mcu.externaltools.gnu-tools-for-stm32.13.3.rel1.linux64_1.0.0.202410170706/tools/bin/../lib/gcc/arm-none-eabi/13.3.1/../../../../arm-none-eabi/lib/thumb/v7e-m+fp/hard/libc_nano.a(libc_a-nano-vfprintf_i.o)
                0x080100f8                _printf_common
 *fill*         0x080101d2        0x2 
 .text._printf_i
                0x080101d4      0x23c /opt/st/stm32cubeide_1.18.0/plugins/com.st.stm32cube.ide.mcu.externaltools.gnu-tools-for-stm32.13.3.rel1.linux64_1.0.0.202410170706/tools/bin/../lib/gcc/arm-none-eabi/13.3.1/../../../../arm-none-eabi/lib/thumb/v7e-m+fp/hard/libc_nano.a(libc_a-nano-vfprintf_i.o)
                0x080101d4                _printf_i
 .text.memmove  0x08010410       0x34 /opt/st/stm32cubeide_1.18.0/plugins/com.st.stm32cube.ide.mcu.externaltools.gnu-tools-for-stm32.13.3.rel1.linux64_1.0.0.202410170706/tools/bin/../lib/gcc/arm-none-eabi/13.3.1/../../../../arm-none-eabi/lib/thumb/v7e-m+fp/hard/libc_nano.a(libc_a-memmove.o)
                0x08010410                memmove
 .text._realloc_r
                0x08010444       0x5c /opt/st/stm32cubeide_1.18.0/plugins/com.st.stm32cube.ide.mcu.externaltools.gnu-tools-for-stm32.13.3.rel1.linux64_1.0.0.202410170706/tools/bin/../lib/gcc/arm-none-eabi/13.3.1/../../../../arm-none-eabi/lib/thumb/v7e-m+fp/hard/libc_nano.a(libc_a-reallocr.o)
                0x08010444                _realloc_r
 .text._malloc_usable_size_r
                0x080104a0       0x10 /opt/st/stm32cubeide_1.18.0/plugins/com.st.stm32cube.ide.mcu.externaltools.gnu-tools-for-stm32.13.3.rel1.linux64_1.0.0.202410170706/tools/bin/../lib/gcc/arm-none-eabi/13.3.1/../../../../arm-none-eabi/lib/thumb/v7e-m+fp/hard/libc_nano.a(libc_a-msizer.o)
                0x080104a0                _malloc_usable_size_r
 *(.glue_7)
 .glue_7        0x080104b0        0x0 linker stubs
 *(.glue_7t)
 .glue_7t       0x080104b0        0x0 linker stubs
 *(.eh_frame)
 .eh_frame      0x080104b0        0x0 /opt/st/stm32cubeide_1.18.0/plugins/com.st.stm32cube.ide.mcu.externaltools.gnu-tools-for-stm32.13.3.rel1.linux64_1.0.0.202410170706/tools/bin/../lib/gcc/arm-none-eabi/13.3.1/thumb/v7e-m+fp/hard/crtbegin.o
 *(.init)
 .init          0x080104b0        0x4 /opt/st/stm32cubeide_1.18.0/plugins/com.st.stm32cube.ide.mcu.externaltools.gnu-tools-for-stm32.13.3.rel1.linux64_1.0.0.202410170706/tools/bin/../lib/gcc/arm-none-eabi/13.3.1/thumb/v7e-m+fp/hard/crti.o
                0x080104b0                _init
 .init          0x080104b4        0x8 /opt/st/stm32cubeide_1.18.0/plugins/com.st.stm32cube.ide.mcu.externaltools.gnu-tools-for-stm32.13.3.rel1.linux64_1.0.0.202410170706/tools/bin/../lib/gcc/arm-none-eabi/13.3.1/thumb/v7e-m+fp/hard/crtn.o
 *(.fini)
 .fini          0x080104bc        0x4 /opt/st/stm32cubeide_1.18.0/plugins/com.st.stm32cube.ide.mcu.externaltools.gnu-tools-for-stm32.13.3.rel1.linux64_1.0.0.202410170706/tools/bin/../lib/gcc/arm-none-eabi/13.3.1/thumb/v7e-m+fp/hard/crti.o
                0x080104bc                _fini
 .fini          0x080104c0        0x8 /opt/st/stm32cubeide_1.18.0/plugins/com.st.stm32cube.ide.mcu.externaltools.gnu-tools-for-stm32.13.3.rel1.linux64_1.0.0.202410170706/tools/bin/../lib/gcc/arm-none-eabi/13.3.1/thumb/v7e-m+fp/hard/crtn.o