Archive member included to satisfy reference by file (symbol)

/opt/st/stm32cubeide_1.18.0/plugins/com.st.stm32cube.ide.mcu.externaltools.gnu-tools-for-stm32.13.3.rel1.linux64_1.0.0.202410170706/tools/bin/../lib/gcc/arm-none-eabi/13.3.1/../../../../arm-none-eabi/lib/thumb/v7e-m+fp/hard/libc_nano.a(libc_a-exit.o)
                              /opt/st/stm32cubeide_1.18.0/plugins/com.st.stm32cube.ide.mcu.externaltools.gnu-tools-for-stm32.13.3.rel1.linux64_1.0.0.202410170706/tools/bin/../lib/gcc/arm-none-eabi/13.3.1/../../../../arm-none-eabi/lib/thumb/v7e-m+fp/hard/crt0.o (exit)
/opt/st/stm32cubeide_1.18.0/plugins/com.st.stm32cube.ide.mcu.externaltools.gnu-tools-for-stm32.13.3.rel1.linux64_1.0.0.202410170706/tools/bin/../lib/gcc/arm-none-eabi/13.3.1/../../../../arm-none-eabi/lib/thumb/v7e-m+fp/hard/libc_nano.a(libc_a-itoa.o)
                              ./Core/Src/main.o (itoa)
/opt/st/stm32cubeide_1.18.0/plugins/com.st.stm32cube.ide.mcu.externaltools.gnu-tools-for-stm32.13.3.rel1.linux64_1.0.0.202410170706/tools/bin/../lib/gcc/arm-none-eabi/13.3.1/../../../../arm-none-eabi/lib/thumb/v7e-m+fp/hard/libc_nano.a(libc_a-utoa.o)
                              /opt/st/stm32cubeide_1.18.0/plugins/com.st.stm32cube.ide.mcu.externaltools.gnu-tools-for-stm32.13.3.rel1.linux64_1.0.0.202410170706/tools/bin/../lib/gcc/arm-none-eabi/13.3.1/../../../../arm-none-eabi/lib/thumb/v7e-m+fp/hard/libc_nano.a(libc_a-itoa.o) (__utoa)
/opt/st/stm32cubeide_1.18.0/plugins/com.st.stm32cube.ide.mcu.externaltools.gnu-tools-for-stm32.13.3.rel1.linux64_1.0.0.202410170706/tools/bin/../lib/gcc/arm-none-eabi/13.3.1/../../../../arm-none-eabi/lib/thumb/v7e-m+fp/hard/libc_nano.a(libc_a-findfp.o)
                              /opt/st/stm32cubeide_1.18.0/plugins/com.st.stm32cube.ide.mcu.externaltools.gnu-tools-for-stm32.13.3.rel1.linux64_1.0.0.202410170706/tools/bin/../lib/gcc/arm-none-eabi/13.3.1/../../../../arm-none-eabi/lib/thumb/v7e-m+fp/hard/libc_nano.a(libc_a-exit.o) (__stdio_exit_handler)
/opt/st/stm32cubeide_1.18.0/plugins/com.st.stm32cube.ide.mcu.externaltools.gnu-tools-for-stm32.13.3.rel1.linux64_1.0.0.202410170706/tools/bin/../lib/gcc/arm-none-eabi/13.3.1/../../../../arm-none-eabi/lib/thumb/v7e-m+fp/hard/libc_nano.a(libc_a-fwalk.o)
                              /opt/st/stm32cubeide_1.18.0/plugins/com.st.stm32cube.ide.mcu.externaltools.gnu-tools-for-stm32.13.3.rel1.linux64_1.0.0.202410170706/tools/bin/../lib/gcc/arm-none-eabi/13.3.1/../../../../arm-none-eabi/lib/thumb/v7e-m+fp/hard/libc_nano.a(libc_a-findfp.o) (_fwalk_sglue)
/opt/st/stm32cubeide_1.18.0/plugins/com.st.stm32cube.ide.mcu.externaltools.gnu-tools-for-stm32.13.3.rel1.linux64_1.0.0.202410170706/tools/bin/../lib/gcc/arm-none-eabi/13.3.1/../../../../arm-none-eabi/lib/thumb/v7e-m+fp/hard/libc_nano.a(libc_a-stdio.o)
                              /opt/st/stm32cubeide_1.18.0/plugins/com.st.stm32cube.ide.mcu.externaltools.gnu-tools-for-stm32.13.3.rel1.linux64_1.0.0.202410170706/tools/bin/../lib/gcc/arm-none-eabi/13.3.1/../../../../arm-none-eabi/lib/thumb/v7e-m+fp/hard/libc_nano.a(libc_a-findfp.o) (__sread)
/opt/st/stm32cubeide_1.18.0/plugins/com.st.stm32cube.ide.mcu.externaltools.gnu-tools-for-stm32.13.3.rel1.linux64_1.0.0.202410170706/tools/bin/../lib/gcc/arm-none-eabi/13.3.1/../../../../arm-none-eabi/lib/thumb/v7e-m+fp/hard/libc_nano.a(libc_a-memset.o)
                              /opt/st/stm32cubeide_1.18.0/plugins/com.st.stm32cube.ide.mcu.externaltools.gnu-tools-for-stm32.13.3.rel1.linux64_1.0.0.202410170706/tools/bin/../lib/gcc/arm-none-eabi/13.3.1/../../../../arm-none-eabi/lib/thumb/v7e-m+fp/hard/crt0.o (memset)
/opt/st/stm32cubeide_1.18.0/plugins/com.st.stm32cube.ide.mcu.externaltools.gnu-tools-for-stm32.13.3.rel1.linux64_1.0.0.202410170706/tools/bin/../lib/gcc/arm-none-eabi/13.3.1/../../../../arm-none-eabi/lib/thumb/v7e-m+fp/hard/libc_nano.a(libc_a-closer.o)
                              /opt/st/stm32cubeide_1.18.0/plugins/com.st.stm32cube.ide.mcu.externaltools.gnu-tools-for-stm32.13.3.rel1.linux64_1.0.0.202410170706/tools/bin/../lib/gcc/arm-none-eabi/13.3.1/../../../../arm-none-eabi/lib/thumb/v7e-m+fp/hard/libc_nano.a(libc_a-stdio.o) (_close_r)
/opt/st/stm32cubeide_1.18.0/plugins/com.st.stm32cube.ide.mcu.externaltools.gnu-tools-for-stm32.13.3.rel1.linux64_1.0.0.202410170706/tools/bin/../lib/gcc/arm-none-eabi/13.3.1/../../../../arm-none-eabi/lib/thumb/v7e-m+fp/hard/libc_nano.a(libc_a-reent.o)
                              /opt/st/stm32cubeide_1.18.0/plugins/com.st.stm32cube.ide.mcu.externaltools.gnu-tools-for-stm32.13.3.rel1.linux64_1.0.0.202410170706/tools/bin/../lib/gcc/arm-none-eabi/13.3.1/../../../../arm-none-eabi/lib/thumb/v7e-m+fp/hard/libc_nano.a(libc_a-closer.o) (errno)
/opt/st/stm32cubeide_1.18.0/plugins/com.st.stm32cube.ide.mcu.externaltools.gnu-tools-for-stm32.13.3.rel1.linux64_1.0.0.202410170706/tools/bin/../lib/gcc/arm-none-eabi/13.3.1/../../../../arm-none-eabi/lib/thumb/v7e-m+fp/hard/libc_nano.a(libc_a-impure.o)
[...]
Memory Configuration

Name             Origin             Length             Attributes
RAM              0x20000000         0x00010000         xrw
FLASH            0x08000000         0x00040000         xr
*default*        0x00000000         0xffffffff

Linker script and memory map

LOAD /opt/st/stm32cubeide_1.18.0/plugins/com.st.stm32cube.ide.mcu.externaltools.gnu-tools-for-stm32.13.3.rel1.linux64_1.0.0.202410170706/tools/bin/../lib/gcc/arm-none-eabi/13.3.1/thumb/v7e-m+fp/hard/crti.o
LOAD /opt/st/stm32cubeide_1.18.0/plugins/com.st.stm32cube.ide.mcu.externaltools.gnu-tools-for-stm32.13.3.rel1.linux64_1.0.0.202410170706/tools/bin/../lib/gcc/arm-none-eabi/13.3.1/thumb/v7e-m+fp/hard/crtbegin.o
LOAD /opt/st/stm32cubeide_1.18.0/plugins/com.st.stm32cube.ide.mcu.externaltools.gnu-tools-for-stm32.13.3.rel1.linux64_1.0.0.202410170706/tools/bin/../lib/gcc/arm-none-eabi/13.3.1/../../../../arm-none-eabi/lib/thumb/v7e-m+fp/hard/crt0.o
LOAD ./Core/Src/dma.o
LOAD ./Core/Src/gpio.o
LOAD ./Core/Src/main.o
LOAD ./Core/Src/mcp2515user.o
LOAD ./Core/Src/shiftLights.o
LOAD ./Core/Src/spi.o
LOAD ./Core/Src/stm32f4xx_hal_msp.o
LOAD ./Core/Src/stm32f4xx_it.o
LOAD ./Core/Src/syscalls.o
LOAD ./Core/Src/sysmem.o
LOAD ./Core/Src/system_stm32f4xx.o
LOAD ./Core/Src/tim.o
LOAD ./Core/Src/rpi-display/rpiDisplaySceneBuilder.o
LOAD ./Core/Src/rpi-display/rpiDisplayShapes.o
LOAD ./Core/Src/stm32-hal-mcp2515/mcp2515.o
LOAD ./Core/Startup/startup_stm32f401ccux.o
LOAD ./Drivers/STM32F4xx_HAL_Driver/Src/stm32f4xx_hal.o
LOAD ./Drivers/STM32F4xx_HAL_Driver/Src/stm32f4xx_hal_cortex.o
LOAD ./Drivers/STM32F4xx_HAL_Driver/Src/stm32f4xx_hal_dma.o
LOAD ./Drivers/STM32F4xx_HAL_Driver/Src/stm32f4xx_hal_dma_ex.o
LOAD ./Drivers/STM32F4xx_HAL_Driver/Src/stm32f4xx_hal_exti.o
LOAD ./Drivers/STM32F4xx_HAL_Driver/Src/stm32f4xx_hal_flash.o
LOAD ./Drivers/STM32F4xx_HAL_Driver/Src/stm32f4xx_hal_flash_ex.o
LOAD ./Drivers/STM32F4xx_HAL_Driver/Src/stm32f4xx_hal_flash_ramfunc.o
LOAD ./Drivers/STM32F4xx_HAL_Driver/Src/stm32f4xx_hal_gpio.o
LOAD ./Drivers/STM32F4xx_HAL_Driver/Src/stm32f4xx_hal_pcd.o
LOAD ./Drivers/STM32F4xx_HAL_Driver/Src/stm32f4xx_hal_pcd_ex.o
LOAD ./Drivers/STM32F4xx_HAL_Driver/Src/stm32f4xx_hal_pwr.o
LOAD ./Drivers/STM32F4xx_HAL_Driver/Src/stm32f4xx_hal_pwr_ex.o
LOAD ./Drivers/STM32F4xx_HAL_Driver/Src/stm32f4xx_hal_rcc.o
LOAD ./Drivers/STM32F4xx_HAL_Driver/Src/stm32f4xx_hal_rcc_ex.o
LOAD ./Drivers/STM32F4xx_HAL_Driver/Src/stm32f4xx_hal_spi.o
LOAD ./Drivers/STM32F4xx_HAL_Driver/Src/stm32f4xx_hal_tim.o
LOAD ./Drivers/STM32F4xx_HAL_Driver/Src/stm32f4xx_hal_tim_ex.o
LOAD ./Drivers/STM32F4xx_HAL_Driver/Src/stm32f4xx_ll_usb.o
LOAD ./Middlewares/ST/STM32_USB_Device_Library/Class/CDC/Src/usbd_cdc.o
LOAD ./Middlewares/ST/STM32_USB_Device_Library/Core/Src/usbd_core.o
LOAD ./Middlewares/ST/STM32_USB_Device_Library/Core/Src/usbd_ctlreq.o
LOAD ./Middlewares/ST/STM32_USB_Device_Library/Core/Src/usbd_ioreq.o
LOAD ./USB_DEVICE/App/usb_device.o
LOAD ./USB_DEVICE/App/usbd_cdc_if.o
LOAD ./USB_DEVICE/App/usbd_desc.o
LOAD ./USB_DEVICE/Target/usbd_conf.o
START GROUP
LOAD /opt/st/stm32cubeide_1.18.0/plugins/com.st.stm32cube.ide.mcu.externaltools.gnu-tools-for-stm32.13.3.rel1.linux64_1.0.0.202410170706/tools/bin/../lib/gcc/arm-none-eabi/13.3.1/../../../../arm-none-eabi/lib/thumb/v7e-m+fp/hard/libstdc++_nano.a
LOAD /opt/st/stm32cubeide_1.18.0/plugins/com.st.stm32cube.ide.mcu.externaltools.gnu-tools-for-stm32.13.3.rel1.linux64_1.0.0.202410170706/tools/bin/../lib/gcc/arm-none-eabi/13.3.1/../../../../arm-none-eabi/lib/thumb/v7e-m+fp/hard/libsupc++_nano.a
END GROUP
LOAD /opt/st/stm32cubeide_1.18.0/plugins/com.st.stm32cube.ide.mcu.externaltools.gnu-tools-for-stm32.13.3.rel1.linux64_1.0.0.202410170706/tools/bin/../lib/gcc/arm-none-eabi/13.3.1/../../../../arm-none-eabi/lib/thumb/v7e-m+fp/hard/libstdc++_nano.a
LOAD /opt/st/stm32cubeide_1.18.0/plugins/com.st.stm32cube.ide.mcu.externaltools.gnu-tools-for-stm32.13.3.rel1.linux64_1.0.0.202410170706/tools/bin/../lib/gcc/arm-none-eabi/13.3.1/../../../../arm-none-eabi/lib/thumb/v7e-m+fp/hard/libm.a
LOAD /opt/st/stm32cubeide_1.18.0/plugins/com.st.stm32cube.ide.mcu.externaltools.gnu-tools-for-stm32.13.3.rel1.linux64_1.0.0.202410170706/tools/bin/../lib/gcc/arm-none-eabi/13.3.1/../../../../arm-none-eabi/lib/thumb/v7e-m+fp/hard/libc_nano.a
START GROUP
LOAD /opt/st/stm32cubeide_1.18.0/plugins/com.st.stm32cube.ide.mcu.externaltools.gnu-tools-for-stm32.13.3.rel1.linux64_1.0.0.202410170706/tools/bin/../lib/gcc/arm-none-eabi/13.3.1/thumb/v7e-m+fp/hard/libgcc.a
LOAD /opt/st/stm32cubeide_1.18.0/plugins/com.st.stm32cube.ide.mcu.externaltools.gnu-tools-for-stm32.13.3.rel1.linux64_1.0.0.202410170706/tools/bin/../lib/gcc/arm-none-eabi/13.3.1/../../../../arm-none-eabi/lib/thumb/v7e-m+fp/hard/libc_nano.a
END GROUP
START GROUP
LOAD /opt/st/stm32cubeide_1.18.0/plugins/com.st.stm32cube.ide.mcu.externaltools.gnu-tools-for-stm32.13.3.rel1.linux64_1.0.0.202410170706/tools/bin/../lib/gcc/arm-none-eabi/13.3.1/thumb/v7e-m+fp/hard/libgcc.a
LOAD /opt/st/stm32cubeide_1.18.0/plugins/com.st.stm32cube.ide.mcu.externaltools.gnu-tools-for-stm32.13.3.rel1.linux64_1.0.0.202410170706/tools/bin/../lib/gcc/arm-none-eabi/13.3.1/../../../../arm-none-eabi/lib/thumb/v7e-m+fp/hard/libc_nano.a
LOAD /opt/st/stm32cubeide_1.18.0/plugins/com.st.stm32cube.ide.mcu.externaltools.gnu-tools-for-stm32.13.3.rel1.linux64_1.0.0.202410170706/tools/bin/../lib/gcc/arm-none-eabi/13.3.1/../../../../arm-none-eabi/lib/thumb/v7e-m+fp/hard/libnosys.a
END GROUP
START GROUP
LOAD /opt/st/stm32cubeide_1.18.0/plugins/com.st.stm32cube.ide.mcu.externaltools.gnu-tools-for-stm32.13.3.rel1.linux64_1.0.0.202410170706/tools/bin/../lib/gcc/arm-none-eabi/13.3.1/thumb/v7e-m+fp/hard/libgcc.a
LOAD /opt/st/stm32cubeide_1.18.0/plugins/com.st.stm32cube.ide.mcu.externaltools.gnu-tools-for-stm32.13.3.rel1.linux64_1.0.0.202410170706/tools/bin/../lib/gcc/arm-none-eabi/13.3.1/../../../../arm-none-eabi/lib/thumb/v7e-m+fp/hard/libc_nano.a
LOAD /opt/st/stm32cubeide_1.18.0/plugins/com.st.stm32cube.ide.mcu.externaltools.gnu-tools-for-stm32.13.3.rel1.linux64_1.0.0.202410170706/tools/bin/../lib/gcc/arm-none-eabi/13.3.1/../../../../arm-none-eabi/lib/thumb/v7e-m+fp/hard/libnosys.a
END GROUP
LOAD /opt/st/stm32cubeide_1.18.0/plugins/com.st.stm32cube.ide.mcu.externaltools.gnu-tools-for-stm32.13.3.rel1.linux64_1.0.0.202410170706/tools/bin/../lib/gcc/arm-none-eabi/13.3.1/thumb/v7e-m+fp/hard/crtend.o
LOAD /opt/st/stm32cubeide_1.18.0/plugins/com.st.stm32cube.ide.mcu.externaltools.gnu-tools-for-stm32.13.3.rel1.linux64_1.0.0.202410170706/tools/bin/../lib/gcc/arm-none-eabi/13.3.1/thumb/v7e-m+fp/hard/crtn.o
                0x20010000                        _estack = (ORIGIN (RAM) + LENGTH (RAM))
                0x00000200                        _Min_Heap_Size = 0x200
                0x00000400                        _Min_Stack_Size = 0x400

.isr_vector     0x08000000      0x194
                0x08000000                        . = ALIGN (0x4)
 *(.isr_vector)
 .isr_vector    0x08000000      0x194 ./Core/Startup/startup_stm32f401ccux.o
                0x08000000                g_pfnVectors
                0x08000194                        . = ALIGN (0x4)

.text           0x08000194     0xb01c
                0x08000194                        . = ALIGN (0x4)
 *(.text)
 .text          0x08000194       0x40 /opt/st/stm32cubeide_1.18.0/plugins/com.st.stm32cube.ide.mcu.externaltools.gnu-tools-for-stm32.13.3.rel1.linux64_1.0.0.202410170706/tools/bin/../lib/gcc/arm-none-eabi/13.3.1/thumb/v7e-m+fp/hard/crtbegin.o
 .text          0x080001d4       0x30 /opt/st/stm32cubeide_1.18.0/plugins/com.st.stm32cube.ide.mcu.externaltools.gnu-tools-for-stm32.13.3.rel1.linux64_1.0.0.202410170706/tools/bin/../lib/gcc/arm-none-eabi/13.3.1/thumb/v7e-m+fp/hard/libgcc.a(_aeabi_uldivmod.o)
                0x080001d4                __aeabi_uldivmod
 .text          0x08000204      0x2f8 /opt/st/stm32cubeide_1.18.0/plugins/com.st.stm32cube.ide.mcu.externaltools.gnu-tools-for-stm32.13.3.rel1.linux64_1.0.0.202410170706/tools/bin/../lib/gcc/arm-none-eabi/13.3.1/thumb/v7e-m+fp/hard/libgcc.a(_udivmoddi4.o)
                0x08000204                __udivmoddi4
 .text          0x080004fc        0x4 /opt/st/stm32cubeide_1.18.0/plugins/com.st.stm32cube.ide.mcu.externaltools.gnu-tools-for-stm32.13.3.rel1.linux64_1.0.0.202410170706/tools/bin/../lib/gcc/arm-none-eabi/13.3.1/thumb/v7e-m+fp/hard/libgcc.a(_dvmd_tls.o)
                0x080004fc                __aeabi_ldiv0
                0x080004fc                __aeabi_idiv0
 *(.text*)
 .text.MX_DMA_Init
                0x08000500       0x6c ./Core/Src/dma.o
                0x08000500                MX_DMA_Init
 .text.MX_GPIO_Init
                0x0800056c      0x148 ./Core/Src/gpio.o
                0x0800056c                MX_GPIO_Init
 .text.main     0x080006b4      0x218 ./Core/Src/main.o
                0x080006b4                main
 .text.SystemClock_Config
                0x080008cc       0xd8 ./Core/Src/main.o
                0x080008cc                SystemClock_Config
 .text.Error_Handler
                0x080009a4        0xc ./Core/Src/main.o
                0x080009a4                Error_Handler
 .text.initializeMCP2515
                0x080009b0       0x24 ./Core/Src/mcp2515user.o
                0x080009b0                initializeMCP2515
 .text.readMessage
                0x080009d4       0x20 ./Core/Src/mcp2515user.o
                0x080009d4                readMessage
 .text._Z41__static_initialization_and_destruction_0v
                0x080009f4       0x28 ./Core/Src/mcp2515user.o
 .text._GLOBAL__sub_I_myMCP
                0x08000a1c        0xa ./Core/Src/mcp2515user.o
 *fill*         0x08000a26        0x2 
 .text.setColor
                0x08000a28       0xf8 ./Core/Src/shiftLights.o
                0x08000a28                setColor
 .text.shiftLightsInit
                0x08000b20       0xf8 ./Core/Src/shiftLights.o
                0x08000b20                shiftLightsInit
 .text.HAL_TIM_PWM_PulseFinishedCallback
                0x08000c18       0x28 ./Core/Src/shiftLights.o
                0x08000c18                HAL_TIM_PWM_PulseFinishedCallback
 .text.UpdateShiftLights
                0x08000c40       0x6e ./Core/Src/shiftLights.o
                0x08000c40                UpdateShiftLights
 *fill*         0x08000cae        0x2 
 .text.lightOn  0x08000cb0       0x9c ./Core/Src/shiftLights.o
                0x08000cb0                lightOn
 .text.startUp  0x08000d4c       0xd0 ./Core/Src/shiftLights.o
                0x08000d4c                startUp
 .text.MX_SPI1_Init
                0x08000e1c       0x70 ./Core/Src/spi.o
                0x08000e1c                MX_SPI1_Init
 .text.MX_SPI2_Init
                0x08000e8c       0x6c ./Core/Src/spi.o
                0x08000e8c                MX_SPI2_Init
 .text.HAL_SPI_MspInit
                0x08000ef8      0x164 ./Core/Src/spi.o
                0x08000ef8                HAL_SPI_MspInit
 .text.HAL_MspInit
                0x0800105c       0x50 ./Core/Src/stm32f4xx_hal_msp.o
                0x0800105c                HAL_MspInit
 .text.NMI_Handler
                0x080010ac        0x8 ./Core/Src/stm32f4xx_it.o
                0x080010ac                NMI_Handler
 .text.HardFault_Handler
                0x080010b4        0x8 ./Core/Src/stm32f4xx_it.o
                0x080010b4                HardFault_Handler
 .text.MemManage_Handler
                0x080010bc        0x8 ./Core/Src/stm32f4xx_it.o
                0x080010bc                MemManage_Handler
 .text.BusFault_Handler
                0x080010c4        0x8 ./Core/Src/stm32f4xx_it.o
                0x080010c4                BusFault_Handler
 .text.UsageFault_Handler
                0x080010cc        0x8 ./Core/Src/stm32f4xx_it.o
                0x080010cc                UsageFault_Handler
 .text.SVC_Handler
                0x080010d4        0xe ./Core/Src/stm32f4xx_it.o
                0x080010d4                SVC_Handler
 .text.DebugMon_Handler
                0x080010e2        0xe ./Core/Src/stm32f4xx_it.o
                0x080010e2                DebugMon_Handler
 .text.PendSV_Handler
                0x080010f0        0xe ./Core/Src/stm32f4xx_it.o
                0x080010f0                PendSV_Handler
 .text.SysTick_Handler
                0x080010fe        0xc ./Core/Src/stm32f4xx_it.o
                0x080010fe                SysTick_Handler
 *fill*         0x0800110a        0x2 
 .text.DMA1_Stream0_IRQHandler
                0x0800110c       0x14 ./Core/Src/stm32f4xx_it.o
                0x0800110c                DMA1_Stream0_IRQHandler
 .text.DMA2_Stream3_IRQHandler
                0x08001120       0x14 ./Core/Src/stm32f4xx_it.o
                0x08001120                DMA2_Stream3_IRQHandler
 .text.OTG_FS_IRQHandler
                0x08001134       0x14 ./Core/Src/stm32f4xx_it.o
                0x08001134                OTG_FS_IRQHandler
 .text.SystemInit
                0x08001148       0x24 ./Core/Src/system_stm32f4xx.o
                0x08001148                SystemInit
 .text.MX_TIM4_Init
                0x0800116c       0xec ./Core/Src/tim.o
                0x0800116c                MX_TIM4_Init
 .text.HAL_TIM_Base_MspInit
                0x08001258       0xa8 ./Core/Src/tim.o
                0x08001258                HAL_TIM_Base_MspInit
 .text.HAL_TIM_MspPostInit
                0x08001300       0x74 ./Core/Src/tim.o
                0x08001300                HAL_TIM_MspPostInit
 .text._Z16startTransactionv
                0x08001374       0x18 ./Core/Src/rpi-display/rpiDisplayShapes.o
                0x08001374                startTransaction()
 .text._Z14endTransactionv
                0x0800138c       0x18 ./Core/Src/rpi-display/rpiDisplayShapes.o
                0x0800138c                endTransaction()
 .text._Z14dataOrRegisterh
                0x080013a4       0x34 ./Core/Src/rpi-display/rpiDisplayShapes.o
                0x080013a4                dataOrRegister(unsigned char)
 .text._Z14commandAndDatatPtj
                0x080013d8       0x50 ./Core/Src/rpi-display/rpiDisplayShapes.o
                0x080013d8                commandAndData(unsigned short, unsigned short*, unsigned int)
 .text._Z12startCommandt
                0x08001428       0x2c ./Core/Src/rpi-display/rpiDisplayShapes.o
                0x08001428                startCommand(unsigned short)
 .text._Z20transmitRepeatedDatatj
                0x08001454       0x40 ./Core/Src/rpi-display/rpiDisplayShapes.o
                0x08001454                transmitRepeatedData(unsigned short, unsigned int)
 .text._Z18transmitSingleDatat
                0x08001494       0x28 ./Core/Src/rpi-display/rpiDisplayShapes.o
                0x08001494                transmitSingleData(unsigned short)
 .text._Z10endCommandv
                0x080014bc        0xc ./Core/Src/rpi-display/rpiDisplayShapes.o
                0x080014bc                endCommand()
 .text.resetScreen
                0x080014c8       0x3c ./Core/Src/rpi-display/rpiDisplayShapes.o
                0x080014c8                resetScreen
 .text.initializeScreen
                0x08001504      0x1b4 ./Core/Src/rpi-display/rpiDisplayShapes.o
                0x08001504                initializeScreen
 .text._Z11modifySpacetttt
                0x080016b8       0x82 ./Core/Src/rpi-display/rpiDisplayShapes.o
                0x080016b8                modifySpace(unsigned short, unsigned short, unsigned short, unsigned short)
 *fill*         0x0800173a        0x2 
 .text.clearScreenfast
                0x0800173c       0xf4 ./Core/Src/rpi-display/rpiDisplayShapes.o
                0x0800173c                clearScreenfast
 .text.HAL_SPI_TxCpltCallback
                0x08001830       0x2c ./Core/Src/rpi-display/rpiDisplayShapes.o
                0x08001830                HAL_SPI_TxCpltCallback
 .text.drawPoint
                0x0800185c       0x38 ./Core/Src/rpi-display/rpiDisplayShapes.o
                0x0800185c                drawPoint
 .text._Z15getStringCenterPtS_PcPK7GFXfont
                0x08001894       0x64 ./Core/Src/rpi-display/rpiDisplayShapes.o
                0x08001894                getStringCenter(unsigned short*, unsigned short*, char*, GFXfont const*)
 .text.drawChar
                0x080018f8      0x15e ./Core/Src/rpi-display/rpiDisplayShapes.o
                0x080018f8                drawChar
 .text.drawString
                0x08001a56       0xde ./Core/Src/rpi-display/rpiDisplayShapes.o
                0x08001a56                drawString
 .text._ZN7MCP2515C2EP19__SPI_HandleTypeDefmP12GPIO_TypeDefh
                0x08001b34       0x36 ./Core/Src/stm32-hal-mcp2515/mcp2515.o
                0x08001b34                MCP2515::MCP2515(__SPI_HandleTypeDef*, unsigned long, GPIO_TypeDef*, unsigned char)
                0x08001b34                MCP2515::MCP2515(__SPI_HandleTypeDef*, unsigned long, GPIO_TypeDef*, unsigned char)
 .text._ZN7MCP25156SPI_TxEh
                0x08001b6a       0x24 ./Core/Src/stm32-hal-mcp2515/mcp2515.o
                0x08001b6a                MCP2515::SPI_Tx(unsigned char)
 .text._ZN7MCP25156SPI_RxEv
                0x08001b8e       0x24 ./Core/Src/stm32-hal-mcp2515/mcp2515.o
                0x08001b8e                MCP2515::SPI_Rx()
 .text._ZN7MCP25158startSPIEv
                0x08001bb2       0x20 ./Core/Src/stm32-hal-mcp2515/mcp2515.o
                0x08001bb2                MCP2515::startSPI()
 .text._ZN7MCP25156endSPIEv
                0x08001bd2       0x20 ./Core/Src/stm32-hal-mcp2515/mcp2515.o
                0x08001bd2                MCP2515::endSPI()
 *fill*         0x08001bf2        0x2 
 .text._ZN7MCP25155resetEv
                0x08001bf4      0x134 ./Core/Src/stm32-hal-mcp2515/mcp2515.o
                0x08001bf4                MCP2515::reset()
 .text._ZN7MCP251512readRegisterENS_8REGISTERE
                0x08001d28       0x3e ./Core/Src/stm32-hal-mcp2515/mcp2515.o
                0x08001d28                MCP2515::readRegister(MCP2515::REGISTER)
 .text._ZN7MCP251513readRegistersENS_8REGISTEREPhh
                0x08001d66       0x5e ./Core/Src/stm32-hal-mcp2515/mcp2515.o
                0x08001d66                MCP2515::readRegisters(MCP2515::REGISTER, unsigned char*, unsigned char)
 .text._ZN7MCP251511setRegisterENS_8REGISTEREh
                0x08001dc4       0x40 ./Core/Src/stm32-hal-mcp2515/mcp2515.o
                0x08001dc4                MCP2515::setRegister(MCP2515::REGISTER, unsigned char)
 .text._ZN7MCP251512setRegistersENS_8REGISTEREPKhh
                0x08001e04       0x5e ./Core/Src/stm32-hal-mcp2515/mcp2515.o
                0x08001e04                MCP2515::setRegisters(MCP2515::REGISTER, unsigned char const*, unsigned char)
 .text._ZN7MCP251514modifyRegisterENS_8REGISTEREhh
                0x08001e62       0x54 ./Core/Src/stm32-hal-mcp2515/mcp2515.o
                0x08001e62                MCP2515::modifyRegister(MCP2515::REGISTER, unsigned char, unsigned char)
 .text._ZN7MCP25159getStatusEv
                0x08001eb6       0x30 ./Core/Src/stm32-hal-mcp2515/mcp2515.o
                0x08001eb6                MCP2515::getStatus()
 .text._ZN7MCP251513setConfigModeEv
                0x08001ee6       0x1a ./Core/Src/stm32-hal-mcp2515/mcp2515.o
                0x08001ee6                MCP2515::setConfigMode()
 .text._ZN7MCP251513setNormalModeEv
                0x08001f00       0x1a ./Core/Src/stm32-hal-mcp2515/mcp2515.o
                0x08001f00                MCP2515::setNormalMode()
 .text._ZN7MCP25157setModeENS_18CANCTRL_REQOP_MODEE
                0x08001f1a       0x7e ./Core/Src/stm32-hal-mcp2515/mcp2515.o
                0x08001f1a                MCP2515::setMode(MCP2515::CANCTRL_REQOP_MODE)
 .text._ZN7MCP251510setBitrateE9CAN_SPEED9CAN_CLOCK
                0x08001f98      0x398 ./Core/Src/stm32-hal-mcp2515/mcp2515.o
                0x08001f98                MCP2515::setBitrate(CAN_SPEED, CAN_CLOCK)
 .text._ZN7MCP25159prepareIdEPhbm
                0x08002330       0xbc ./Core/Src/stm32-hal-mcp2515/mcp2515.o
                0x08002330                MCP2515::prepareId(unsigned char*, bool, unsigned long)
 .text._ZN7MCP251513setFilterMaskENS_4MASKEbm
                0x080023ec       0x68 ./Core/Src/stm32-hal-mcp2515/mcp2515.o
                0x080023ec                MCP2515::setFilterMask(MCP2515::MASK, bool, unsigned long)
 .text._ZN7MCP25159setFilterENS_3RXFEbm
                0x08002454       0x9c ./Core/Src/stm32-hal-mcp2515/mcp2515.o
                0x08002454                MCP2515::setFilter(MCP2515::RXF, bool, unsigned long)
 .text._ZN7MCP251511readMessageENS_4RXBnEP9can_frame
                0x080024f0       0xd8 ./Core/Src/stm32-hal-mcp2515/mcp2515.o
                0x080024f0                MCP2515::readMessage(MCP2515::RXBn, can_frame*)
 .text._ZN7MCP251511readMessageEP9can_frame
                0x080025c8       0x56 ./Core/Src/stm32-hal-mcp2515/mcp2515.o
                0x080025c8                MCP2515::readMessage(can_frame*)
 *fill*         0x0800261e        0x2 
 .text.Reset_Handler
                0x08002620       0x50 ./Core/Startup/startup_stm32f401ccux.o
                0x08002620                Reset_Handler
 .text.Default_Handler
                0x08002670        0x2 ./Core/Startup/startup_stm32f401ccux.o
                0x08002670                RTC_Alarm_IRQHandler
                0x08002670                EXTI2_IRQHandler
                0x08002670                SPI4_IRQHandler
                0x08002670                TIM1_CC_IRQHandler
                0x08002670                DMA2_Stream5_IRQHandler
                0x08002670                DMA1_Stream5_IRQHandler
                0x08002670                PVD_IRQHandler
                0x08002670                SDIO_IRQHandler
                0x08002670                TAMP_STAMP_IRQHandler
                0x08002670                EXTI3_IRQHandler
                0x08002670                TIM1_UP_TIM10_IRQHandler
                0x08002670                I2C3_ER_IRQHandler
                0x08002670                EXTI0_IRQHandler
                0x08002670                I2C2_EV_IRQHandler
                0x08002670                DMA1_Stream2_IRQHandler
                0x08002670                FPU_IRQHandler
                0x08002670                DMA2_Stream2_IRQHandler
                0x08002670                SPI1_IRQHandler
                0x08002670                TIM1_BRK_TIM9_IRQHandler
                0x08002670                USART6_IRQHandler
                0x08002670                DMA2_Stream0_IRQHandler
                0x08002670                TIM4_IRQHandler
                0x08002670                I2C1_EV_IRQHandler
                0x08002670                DMA1_Stream6_IRQHandler
                0x08002670                DMA1_Stream1_IRQHandler
                0x08002670                TIM3_IRQHandler
                0x08002670                RCC_IRQHandler
                0x08002670                Default_Handler
                0x08002670                EXTI15_10_IRQHandler
                0x08002670                ADC_IRQHandler
                0x08002670                DMA1_Stream7_IRQHandler
                0x08002670                TIM5_IRQHandler
                0x08002670                DMA2_Stream7_IRQHandler
                0x08002670                I2C3_EV_IRQHandler
                0x08002670                EXTI9_5_IRQHandler
                0x08002670                RTC_WKUP_IRQHandler
                0x08002670                SPI2_IRQHandler
                0x08002670                EXTI4_IRQHandler
                0x08002670                WWDG_IRQHandler
                0x08002670                TIM2_IRQHandler
                0x08002670                OTG_FS_WKUP_IRQHandler
                0x08002670                TIM1_TRG_COM_TIM11_IRQHandler
                0x08002670                EXTI1_IRQHandler
                0x08002670                USART2_IRQHandler
                0x08002670                I2C2_ER_IRQHandler
                0x08002670                DMA2_Stream1_IRQHandler
                0x08002670                FLASH_IRQHandler
                0x08002670                DMA2_Stream4_IRQHandler
                0x08002670                USART1_IRQHandler
                0x08002670                SPI3_IRQHandler
                0x08002670                DMA1_Stream4_IRQHandler
                0x08002670                I2C1_ER_IRQHandler
                0x08002670                DMA2_Stream6_IRQHandler
                0x08002670                DMA1_Stream3_IRQHandler
 *fill*         0x08002672        0x2 
 .text.HAL_Init
                0x08002674       0x44 ./Drivers/STM32F4xx_HAL_Driver/Src/stm32f4xx_hal.o
                0x08002674                HAL_Init
 .text.HAL_InitTick
                0x080026b8       0x60 ./Drivers/STM32F4xx_HAL_Driver/Src/stm32f4xx_hal.o
                0x080026b8                HAL_InitTick
 .text.HAL_IncTick
                0x08002718       0x28 ./Drivers/STM32F4xx_HAL_Driver/Src/stm32f4xx_hal.o
                0x08002718                HAL_IncTick
 .text.HAL_GetTick
                0x08002740       0x18 ./Drivers/STM32F4xx_HAL_Driver/Src/stm32f4xx_hal.o
                0x08002740                HAL_GetTick
 .text.HAL_Delay
                0x08002758       0x48 ./Drivers/STM32F4xx_HAL_Driver/Src/stm32f4xx_hal.o
                0x08002758                HAL_Delay
 .text.__NVIC_SetPriorityGrouping
                0x080027a0       0x48 ./Drivers/STM32F4xx_HAL_Driver/Src/stm32f4xx_hal_cortex.o
 .text.__NVIC_GetPriorityGrouping
                0x080027e8       0x1c ./Drivers/STM32F4xx_HAL_Driver/Src/stm32f4xx_hal_cortex.o
 .text.__NVIC_EnableIRQ
                0x08002804       0x3c ./Drivers/STM32F4xx_HAL_Driver/Src/stm32f4xx_hal_cortex.o
 .text.__NVIC_SetPriority
                0x08002840       0x54 ./Drivers/STM32F4xx_HAL_Driver/Src/stm32f4xx_hal_cortex.o
 .text.NVIC_EncodePriority
                0x08002894       0x66 ./Drivers/STM32F4xx_HAL_Driver/Src/stm32f4xx_hal_cortex.o
 *fill*         0x080028fa        0x2 
 .text.SysTick_Config
                0x080028fc       0x44 ./Drivers/STM32F4xx_HAL_Driver/Src/stm32f4xx_hal_cortex.o
 .text.HAL_NVIC_SetPriorityGrouping
                0x08002940       0x16 ./Drivers/STM32F4xx_HAL_Driver/Src/stm32f4xx_hal_cortex.o
                0x08002940                HAL_NVIC_SetPriorityGrouping
 .text.HAL_NVIC_SetPriority
                0x08002956       0x38 ./Drivers/STM32F4xx_HAL_Driver/Src/stm32f4xx_hal_cortex.o
                0x08002956                HAL_NVIC_SetPriority
 .text.HAL_NVIC_EnableIRQ
                0x0800298e       0x1c ./Drivers/STM32F4xx_HAL_Driver/Src/stm32f4xx_hal_cortex.o
                0x0800298e                HAL_NVIC_EnableIRQ
 .text.HAL_SYSTICK_Config
                0x080029aa       0x18 ./Drivers/STM32F4xx_HAL_Driver/Src/stm32f4xx_hal_cortex.o
                0x080029aa                HAL_SYSTICK_Config
 *fill*         0x080029c2        0x2 
 .text.HAL_DMA_Init
                0x080029c4      0x15c ./Drivers/STM32F4xx_HAL_Driver/Src/stm32f4xx_hal_dma.o
                0x080029c4                HAL_DMA_Init
 .text.HAL_DMA_Start_IT
                0x08002b20       0xb0 ./Drivers/STM32F4xx_HAL_Driver/Src/stm32f4xx_hal_dma.o
                0x08002b20                HAL_DMA_Start_IT
 .text.HAL_DMA_Abort_IT
                0x08002bd0       0x44 ./Drivers/STM32F4xx_HAL_Driver/Src/stm32f4xx_hal_dma.o
                0x08002bd0                HAL_DMA_Abort_IT
 .text.HAL_DMA_IRQHandler
                0x08002c14      0x314 ./Drivers/STM32F4xx_HAL_Driver/Src/stm32f4xx_hal_dma.o
                0x08002c14                HAL_DMA_IRQHandler
 .text.DMA_SetConfig
                0x08002f28       0x5c ./Drivers/STM32F4xx_HAL_Driver/Src/stm32f4xx_hal_dma.o
 .text.DMA_CalcBaseAndBitshift
                0x08002f84       0x6c ./Drivers/STM32F4xx_HAL_Driver/Src/stm32f4xx_hal_dma.o
 .text.DMA_CheckFifoParam
                0x08002ff0       0xf8 ./Drivers/STM32F4xx_HAL_Driver/Src/stm32f4xx_hal_dma.o
 .text.HAL_GPIO_Init
                0x080030e8      0x308 ./Drivers/STM32F4xx_HAL_Driver/Src/stm32f4xx_hal_gpio.o
                0x080030e8                HAL_GPIO_Init
 .text.HAL_GPIO_WritePin
                0x080033f0       0x32 ./Drivers/STM32F4xx_HAL_Driver/Src/stm32f4xx_hal_gpio.o
                0x080033f0                HAL_GPIO_WritePin
 .text.HAL_PCD_Init
                0x08003422      0x21e ./Drivers/STM32F4xx_HAL_Driver/Src/stm32f4xx_hal_pcd.o
                0x08003422                HAL_PCD_Init
 .text.HAL_PCD_Start
                0x08003640       0x6a ./Drivers/STM32F4xx_HAL_Driver/Src/stm32f4xx_hal_pcd.o
                0x08003640                HAL_PCD_Start
 .text.HAL_PCD_IRQHandler
                0x080036aa      0x942 ./Drivers/STM32F4xx_HAL_Driver/Src/stm32f4xx_hal_pcd.o
                0x080036aa                HAL_PCD_IRQHandler
 .text.HAL_PCD_SetAddress
                0x08003fec       0x48 ./Drivers/STM32F4xx_HAL_Driver/Src/stm32f4xx_hal_pcd.o
                0x08003fec                HAL_PCD_SetAddress
 .text.HAL_PCD_EP_Open
                0x08004034       0xd4 ./Drivers/STM32F4xx_HAL_Driver/Src/stm32f4xx_hal_pcd.o
                0x08004034                HAL_PCD_EP_Open
 .text.HAL_PCD_EP_Close
                0x08004108       0x94 ./Drivers/STM32F4xx_HAL_Driver/Src/stm32f4xx_hal_pcd.o
                0x08004108                HAL_PCD_EP_Close
 .text.HAL_PCD_EP_Receive
                0x0800419c       0x76 ./Drivers/STM32F4xx_HAL_Driver/Src/stm32f4xx_hal_pcd.o
                0x0800419c                HAL_PCD_EP_Receive
 .text.HAL_PCD_EP_GetRxCount
                0x08004212       0x30 ./Drivers/STM32F4xx_HAL_Driver/Src/stm32f4xx_hal_pcd.o
                0x08004212                HAL_PCD_EP_GetRxCount
 .text.HAL_PCD_EP_Transmit
                0x08004242       0x74 ./Drivers/STM32F4xx_HAL_Driver/Src/stm32f4xx_hal_pcd.o
                0x08004242                HAL_PCD_EP_Transmit
 .text.HAL_PCD_EP_SetStall
                0x080042b6       0xc6 ./Drivers/STM32F4xx_HAL_Driver/Src/stm32f4xx_hal_pcd.o
                0x080042b6                HAL_PCD_EP_SetStall
 .text.HAL_PCD_EP_ClrStall
                0x0800437c       0xac ./Drivers/STM32F4xx_HAL_Driver/Src/stm32f4xx_hal_pcd.o
                0x0800437c                HAL_PCD_EP_ClrStall
 .text.HAL_PCD_EP_Abort
                0x08004428       0x62 ./Drivers/STM32F4xx_HAL_Driver/Src/stm32f4xx_hal_pcd.o
                0x08004428                HAL_PCD_EP_Abort
 .text.PCD_WriteEmptyTxFifo
                0x0800448a      0x118 ./Drivers/STM32F4xx_HAL_Driver/Src/stm32f4xx_hal_pcd.o
 *fill*         0x080045a2        0x2 
 .text.PCD_EP_OutXfrComplete_int
                0x080045a4      0x1d0 ./Drivers/STM32F4xx_HAL_Driver/Src/stm32f4xx_hal_pcd.o
 .text.PCD_EP_OutSetupPacket_int
                0x08004774       0x8c ./Drivers/STM32F4xx_HAL_Driver/Src/stm32f4xx_hal_pcd.o
 .text.HAL_PCDEx_SetTxFiFo
                0x08004800       0x8e ./Drivers/STM32F4xx_HAL_Driver/Src/stm32f4xx_hal_pcd_ex.o
                0x08004800                HAL_PCDEx_SetTxFiFo
 .text.HAL_PCDEx_SetRxFiFo
                0x0800488e       0x22 ./Drivers/STM32F4xx_HAL_Driver/Src/stm32f4xx_hal_pcd_ex.o
                0x0800488e                HAL_PCDEx_SetRxFiFo
 .text.HAL_PCDEx_LPM_Callback
                0x080048b0       0x18 ./Drivers/STM32F4xx_HAL_Driver/Src/stm32f4xx_hal_pcd_ex.o
                0x080048b0                HAL_PCDEx_LPM_Callback
 .text.HAL_RCC_OscConfig
                0x080048c8      0x4f0 ./Drivers/STM32F4xx_HAL_Driver/Src/stm32f4xx_hal_rcc.o
                0x080048c8                HAL_RCC_OscConfig
 .text.HAL_RCC_ClockConfig
                0x08004db8      0x1cc ./Drivers/STM32F4xx_HAL_Driver/Src/stm32f4xx_hal_rcc.o
                0x08004db8                HAL_RCC_ClockConfig
 .text.HAL_RCC_GetSysClockFreq
                0x08004f84      0x18c ./Drivers/STM32F4xx_HAL_Driver/Src/stm32f4xx_hal_rcc.o
                0x08004f84                HAL_RCC_GetSysClockFreq
 .text.HAL_RCC_GetHCLKFreq
                0x08005110       0x18 ./Drivers/STM32F4xx_HAL_Driver/Src/stm32f4xx_hal_rcc.o
                0x08005110                HAL_RCC_GetHCLKFreq
 .text.HAL_SPI_Init
                0x08005128      0x112 ./Drivers/STM32F4xx_HAL_Driver/Src/stm32f4xx_hal_spi.o
                0x08005128                HAL_SPI_Init
 .text.HAL_SPI_Transmit
                0x0800523a      0x288 ./Drivers/STM32F4xx_HAL_Driver/Src/stm32f4xx_hal_spi.o
                0x0800523a                HAL_SPI_Transmit
 .text.HAL_SPI_Receive
                0x080054c2      0x232 ./Drivers/STM32F4xx_HAL_Driver/Src/stm32f4xx_hal_spi.o
                0x080054c2                HAL_SPI_Receive
 .text.HAL_SPI_TransmitReceive
                0x080056f4      0x352 ./Drivers/STM32F4xx_HAL_Driver/Src/stm32f4xx_hal_spi.o
                0x080056f4                HAL_SPI_TransmitReceive
 *fill*         0x08005a46        0x2 
 .text.HAL_SPI_Transmit_DMA
                0x08005a48      0x164 ./Drivers/STM32F4xx_HAL_Driver/Src/stm32f4xx_hal_spi.o
                0x08005a48                HAL_SPI_Transmit_DMA
 .text.HAL_SPI_TxHalfCpltCallback
                0x08005bac       0x14 ./Drivers/STM32F4xx_HAL_Driver/Src/stm32f4xx_hal_spi.o
                0x08005bac                HAL_SPI_TxHalfCpltCallback
 .text.HAL_SPI_ErrorCallback
                0x08005bc0       0x14 ./Drivers/STM32F4xx_HAL_Driver/Src/stm32f4xx_hal_spi.o
                0x08005bc0                HAL_SPI_ErrorCallback
 .text.SPI_DMATransmitCplt
                0x08005bd4       0xa8 ./Drivers/STM32F4xx_HAL_Driver/Src/stm32f4xx_hal_spi.o
 .text.SPI_DMAHalfTransmitCplt
                0x08005c7c       0x1c ./Drivers/STM32F4xx_HAL_Driver/Src/stm32f4xx_hal_spi.o
 .text.SPI_DMAError
                0x08005c98       0x40 ./Drivers/STM32F4xx_HAL_Driver/Src/stm32f4xx_hal_spi.o
 .text.SPI_WaitFlagStateUntilTimeout
                0x08005cd8      0x110 ./Drivers/STM32F4xx_HAL_Driver/Src/stm32f4xx_hal_spi.o
 .text.SPI_EndRxTransaction
                0x08005de8       0xca ./Drivers/STM32F4xx_HAL_Driver/Src/stm32f4xx_hal_spi.o
 *fill*         0x08005eb2        0x2 
 .text.SPI_EndRxTxTransaction
                0x08005eb4       0xa8 ./Drivers/STM32F4xx_HAL_Driver/Src/stm32f4xx_hal_spi.o
 .text.HAL_TIM_Base_Init
                0x08005f5c       0x9e ./Drivers/STM32F4xx_HAL_Driver/Src/stm32f4xx_hal_tim.o
                0x08005f5c                HAL_TIM_Base_Init
 .text.HAL_TIM_PWM_Init
                0x08005ffa       0x9e ./Drivers/STM32F4xx_HAL_Driver/Src/stm32f4xx_hal_tim.o
                0x08005ffa                HAL_TIM_PWM_Init
 .text.HAL_TIM_PWM_MspInit
                0x08006098       0x14 ./Drivers/STM32F4xx_HAL_Driver/Src/stm32f4xx_hal_tim.o
                0x08006098                HAL_TIM_PWM_MspInit
 .text.HAL_TIM_PWM_Start_DMA
                0x080060ac      0x360 ./Drivers/STM32F4xx_HAL_Driver/Src/stm32f4xx_hal_tim.o
                0x080060ac                HAL_TIM_PWM_Start_DMA
 .text.HAL_TIM_PWM_Stop_DMA
                0x0800640c      0x18c ./Drivers/STM32F4xx_HAL_Driver/Src/stm32f4xx_hal_tim.o
                0x0800640c                HAL_TIM_PWM_Stop_DMA
 .text.HAL_TIM_PWM_ConfigChannel
                0x08006598      0x184 ./Drivers/STM32F4xx_HAL_Driver/Src/stm32f4xx_hal_tim.o
                0x08006598                HAL_TIM_PWM_ConfigChannel
 .text.HAL_TIM_ConfigClockSource
                0x0800671c      0x18e ./Drivers/STM32F4xx_HAL_Driver/Src/stm32f4xx_hal_tim.o
                0x0800671c                HAL_TIM_ConfigClockSource
 .text.HAL_TIM_PWM_PulseFinishedHalfCpltCallback
                0x080068aa       0x14 ./Drivers/STM32F4xx_HAL_Driver/Src/stm32f4xx_hal_tim.o
                0x080068aa                HAL_TIM_PWM_PulseFinishedHalfCpltCallback
 .text.HAL_TIM_ErrorCallback
                0x080068be       0x14 ./Drivers/STM32F4xx_HAL_Driver/Src/stm32f4xx_hal_tim.o
                0x080068be                HAL_TIM_ErrorCallback
 .text.TIM_DMAError
                0x080068d2       0x92 ./Drivers/STM32F4xx_HAL_Driver/Src/stm32f4xx_hal_tim.o
                0x080068d2                TIM_DMAError
 .text.TIM_DMADelayPulseCplt
                0x08006964       0xa8 ./Drivers/STM32F4xx_HAL_Driver/Src/stm32f4xx_hal_tim.o
 .text.TIM_DMADelayPulseHalfCplt
                0x08006a0c       0x68 ./Drivers/STM32F4xx_HAL_Driver/Src/stm32f4xx_hal_tim.o
                0x08006a0c                TIM_DMADelayPulseHalfCplt
 .text.TIM_Base_SetConfig
                0x08006a74      0x118 ./Drivers/STM32F4xx_HAL_Driver/Src/stm32f4xx_hal_tim.o
                0x08006a74                TIM_Base_SetConfig
 .text.TIM_OC1_SetConfig
                0x08006b8c       0xcc ./Drivers/STM32F4xx_HAL_Driver/Src/stm32f4xx_hal_tim.o
 .text.TIM_OC2_SetConfig
                0x08006c58       0xd8 ./Drivers/STM32F4xx_HAL_Driver/Src/stm32f4xx_hal_tim.o
                0x08006c58                TIM_OC2_SetConfig
 .text.TIM_OC3_SetConfig
                0x08006d30       0xd4 ./Drivers/STM32F4xx_HAL_Driver/Src/stm32f4xx_hal_tim.o
 .text.TIM_OC4_SetConfig
                0x08006e04       0xa0 ./Drivers/STM32F4xx_HAL_Driver/Src/stm32f4xx_hal_tim.o
 .text.TIM_TI1_ConfigInputStage
                0x08006ea4       0x5e ./Drivers/STM32F4xx_HAL_Driver/Src/stm32f4xx_hal_tim.o
 .text.TIM_TI2_ConfigInputStage
                0x08006f02       0x60 ./Drivers/STM32F4xx_HAL_Driver/Src/stm32f4xx_hal_tim.o
 .text.TIM_ITRx_SetConfig
                0x08006f62       0x36 ./Drivers/STM32F4xx_HAL_Driver/Src/stm32f4xx_hal_tim.o
 .text.TIM_ETR_SetConfig
                0x08006f98       0x40 ./Drivers/STM32F4xx_HAL_Driver/Src/stm32f4xx_hal_tim.o
                0x08006f98                TIM_ETR_SetConfig
 .text.TIM_CCxChannelCmd
                0x08006fd8       0x4a ./Drivers/STM32F4xx_HAL_Driver/Src/stm32f4xx_hal_tim.o
                0x08006fd8                TIM_CCxChannelCmd
 *fill*         0x08007022        0x2 
 .text.HAL_TIMEx_MasterConfigSynchronization
                0x08007024       0xdc ./Drivers/STM32F4xx_HAL_Driver/Src/stm32f4xx_hal_tim_ex.o
                0x08007024                HAL_TIMEx_MasterConfigSynchronization
 .text.USB_CoreInit
                0x08007100       0xc8 ./Drivers/STM32F4xx_HAL_Driver/Src/stm32f4xx_ll_usb.o
                0x08007100                USB_CoreInit
 .text.USB_SetTurnaroundTime
                0x080071c8      0x144 ./Drivers/STM32F4xx_HAL_Driver/Src/stm32f4xx_ll_usb.o
                0x080071c8                USB_SetTurnaroundTime
 .text.USB_EnableGlobalInt
                0x0800730c       0x22 ./Drivers/STM32F4xx_HAL_Driver/Src/stm32f4xx_ll_usb.o
                0x0800730c                USB_EnableGlobalInt
 .text.USB_DisableGlobalInt
                0x0800732e       0x22 ./Drivers/STM32F4xx_HAL_Driver/Src/stm32f4xx_ll_usb.o
                0x0800732e                USB_DisableGlobalInt
 .text.USB_SetCurrentMode
                0x08007350       0x98 ./Drivers/STM32F4xx_HAL_Driver/Src/stm32f4xx_ll_usb.o
                0x08007350                USB_SetCurrentMode
 .text.USB_DevInit
                0x080073e8      0x2c8 ./Drivers/STM32F4xx_HAL_Driver/Src/stm32f4xx_ll_usb.o
                0x080073e8                USB_DevInit
 .text.USB_FlushTxFifo
                0x080076b0       0x64 ./Drivers/STM32F4xx_HAL_Driver/Src/stm32f4xx_ll_usb.o
                0x080076b0                USB_FlushTxFifo
 .text.USB_FlushRxFifo
                0x08007714       0x5c ./Drivers/STM32F4xx_HAL_Driver/Src/stm32f4xx_ll_usb.o
                0x08007714                USB_FlushRxFifo
 .text.USB_SetDevSpeed
                0x08007770       0x32 ./Drivers/STM32F4xx_HAL_Driver/Src/stm32f4xx_ll_usb.o
                0x08007770                USB_SetDevSpeed
 .text.USB_GetDevSpeed
                0x080077a2       0x4a ./Drivers/STM32F4xx_HAL_Driver/Src/stm32f4xx_ll_usb.o
                0x080077a2                USB_GetDevSpeed
 .text.USB_ActivateEndpoint
                0x080077ec      0x10e ./Drivers/STM32F4xx_HAL_Driver/Src/stm32f4xx_ll_usb.o
                0x080077ec                USB_ActivateEndpoint
 *fill*         0x080078fa        0x2 
 .text.USB_DeactivateEndpoint
                0x080078fc      0x1b8 ./Drivers/STM32F4xx_HAL_Driver/Src/stm32f4xx_ll_usb.o
                0x080078fc                USB_DeactivateEndpoint
 .text.USB_EPStartXfer
                0x08007ab4      0x53c ./Drivers/STM32F4xx_HAL_Driver/Src/stm32f4xx_ll_usb.o
                0x08007ab4                USB_EPStartXfer
 .text.USB_EPStopXfer
                0x08007ff0      0x154 ./Drivers/STM32F4xx_HAL_Driver/Src/stm32f4xx_ll_usb.o
                0x08007ff0                USB_EPStopXfer
 .text.USB_WritePacket
                0x08008144       0x7c ./Drivers/STM32F4xx_HAL_Driver/Src/stm32f4xx_ll_usb.o
                0x08008144                USB_WritePacket
 .text.USB_ReadPacket
                0x080081c0       0xb0 ./Drivers/STM32F4xx_HAL_Driver/Src/stm32f4xx_ll_usb.o
                0x080081c0                USB_ReadPacket
 .text.USB_EPSetStall
                0x08008270       0xdc ./Drivers/STM32F4xx_HAL_Driver/Src/stm32f4xx_ll_usb.o
                0x08008270                USB_EPSetStall
 .text.USB_EPClearStall
                0x0800834c       0xcc ./Drivers/STM32F4xx_HAL_Driver/Src/stm32f4xx_ll_usb.o
                0x0800834c                USB_EPClearStall
 .text.USB_SetDevAddress
                0x08008418       0x4c ./Drivers/STM32F4xx_HAL_Driver/Src/stm32f4xx_ll_usb.o
                0x08008418                USB_SetDevAddress
 .text.USB_DevConnect
                0x08008464       0x42 ./Drivers/STM32F4xx_HAL_Driver/Src/stm32f4xx_ll_usb.o
                0x08008464                USB_DevConnect
 .text.USB_DevDisconnect
                0x080084a6       0x42 ./Drivers/STM32F4xx_HAL_Driver/Src/stm32f4xx_ll_usb.o
                0x080084a6                USB_DevDisconnect
 .text.USB_ReadInterrupts
                0x080084e8       0x26 ./Drivers/STM32F4xx_HAL_Driver/Src/stm32f4xx_ll_usb.o
                0x080084e8                USB_ReadInterrupts
 .text.USB_ReadDevAllOutEpInterrupt
                0x0800850e       0x34 ./Drivers/STM32F4xx_HAL_Driver/Src/stm32f4xx_ll_usb.o
                0x0800850e                USB_ReadDevAllOutEpInterrupt
 .text.USB_ReadDevAllInEpInterrupt
                0x08008542       0x34 ./Drivers/STM32F4xx_HAL_Driver/Src/stm32f4xx_ll_usb.o
                0x08008542                USB_ReadDevAllInEpInterrupt
 .text.USB_ReadDevOutEPInterrupt
                0x08008576       0x3c ./Drivers/STM32F4xx_HAL_Driver/Src/stm32f4xx_ll_usb.o
                0x08008576                USB_ReadDevOutEPInterrupt
 .text.USB_ReadDevInEPInterrupt
                0x080085b2       0x5c ./Drivers/STM32F4xx_HAL_Driver/Src/stm32f4xx_ll_usb.o
                0x080085b2                USB_ReadDevInEPInterrupt
 .text.USB_GetMode
                0x0800860e       0x1c ./Drivers/STM32F4xx_HAL_Driver/Src/stm32f4xx_ll_usb.o
                0x0800860e                USB_GetMode
 .text.USB_ActivateSetup
                0x0800862a       0x46 ./Drivers/STM32F4xx_HAL_Driver/Src/stm32f4xx_ll_usb.o
                0x0800862a                USB_ActivateSetup
 .text.USB_EP0_OutStart
                0x08008670       0xbc ./Drivers/STM32F4xx_HAL_Driver/Src/stm32f4xx_ll_usb.o
                0x08008670                USB_EP0_OutStart
 .text.USB_CoreReset
                0x0800872c       0x62 ./Drivers/STM32F4xx_HAL_Driver/Src/stm32f4xx_ll_usb.o
 *fill*         0x0800878e        0x2 
 .text.USBD_CDC_Init
                0x08008790      0x1f0 ./Middlewares/ST/STM32_USB_Device_Library/Class/CDC/Src/usbd_cdc.o
 .text.USBD_CDC_DeInit
                0x08008980      0x104 ./Middlewares/ST/STM32_USB_Device_Library/Class/CDC/Src/usbd_cdc.o
 .text.USBD_CDC_Setup
                0x08008a84      0x1b8 ./Middlewares/ST/STM32_USB_Device_Library/Class/CDC/Src/usbd_cdc.o
 .text.USBD_CDC_DataIn
                0x08008c3c       0xfe ./Middlewares/ST/STM32_USB_Device_Library/Class/CDC/Src/usbd_cdc.o
 .text.USBD_CDC_DataOut
                0x08008d3a       0x70 ./Middlewares/ST/STM32_USB_Device_Library/Class/CDC/Src/usbd_cdc.o
 .text.USBD_CDC_EP0_RxReady
                0x08008daa       0x74 ./Middlewares/ST/STM32_USB_Device_Library/Class/CDC/Src/usbd_cdc.o
 *fill*         0x08008e1e        0x2 
 .text.USBD_CDC_GetFSCfgDesc
                0x08008e20       0x70 ./Middlewares/ST/STM32_USB_Device_Library/Class/CDC/Src/usbd_cdc.o
 .text.USBD_CDC_GetHSCfgDesc
                0x08008e90       0x70 ./Middlewares/ST/STM32_USB_Device_Library/Class/CDC/Src/usbd_cdc.o
 .text.USBD_CDC_GetOtherSpeedCfgDesc
                0x08008f00       0x70 ./Middlewares/ST/STM32_USB_Device_Library/Class/CDC/Src/usbd_cdc.o
 .text.USBD_CDC_GetDeviceQualifierDescriptor
                0x08008f70       0x20 ./Middlewares/ST/STM32_USB_Device_Library/Class/CDC/Src/usbd_cdc.o
                0x08008f70                USBD_CDC_GetDeviceQualifierDescriptor
 .text.USBD_CDC_RegisterInterface
                0x08008f90       0x34 ./Middlewares/ST/STM32_USB_Device_Library/Class/CDC/Src/usbd_cdc.o
                0x08008f90                USBD_CDC_RegisterInterface
 .text.USBD_CDC_SetTxBuffer
                0x08008fc4       0x44 ./Middlewares/ST/STM32_USB_Device_Library/Class/CDC/Src/usbd_cdc.o
                0x08008fc4                USBD_CDC_SetTxBuffer
 .text.USBD_CDC_SetRxBuffer
                0x08009008       0x3a ./Middlewares/ST/STM32_USB_Device_Library/Class/CDC/Src/usbd_cdc.o
                0x08009008                USBD_CDC_SetRxBuffer
 *fill*         0x08009042        0x2 
 .text.USBD_CDC_ReceivePacket
                0x08009044       0x6c ./Middlewares/ST/STM32_USB_Device_Library/Class/CDC/Src/usbd_cdc.o
                0x08009044                USBD_CDC_ReceivePacket
 .text.USBD_Init
                0x080090b0       0x60 ./Middlewares/ST/STM32_USB_Device_Library/Core/Src/usbd_core.o
                0x080090b0                USBD_Init
 .text.USBD_RegisterClass
                0x08009110       0x6c ./Middlewares/ST/STM32_USB_Device_Library/Core/Src/usbd_core.o
                0x08009110                USBD_RegisterClass
 .text.USBD_Start
                0x0800917c       0x18 ./Middlewares/ST/STM32_USB_Device_Library/Core/Src/usbd_core.o
                0x0800917c                USBD_Start
 .text.USBD_RunTestMode
                0x08009194       0x16 ./Middlewares/ST/STM32_USB_Device_Library/Core/Src/usbd_core.o
                0x08009194                USBD_RunTestMode
 .text.USBD_SetClassConfig
                0x080091aa       0x38 ./Middlewares/ST/STM32_USB_Device_Library/Core/Src/usbd_core.o
                0x080091aa                USBD_SetClassConfig
 .text.USBD_ClrClassConfig
                0x080091e2       0x34 ./Middlewares/ST/STM32_USB_Device_Library/Core/Src/usbd_core.o
                0x080091e2                USBD_ClrClassConfig
 .text.USBD_LL_SetupStage
                0x08009216       0xaa ./Middlewares/ST/STM32_USB_Device_Library/Core/Src/usbd_core.o
                0x08009216                USBD_LL_SetupStage
 .text.USBD_LL_DataOutStage
                0x080092c0      0x166 ./Middlewares/ST/STM32_USB_Device_Library/Core/Src/usbd_core.o
                0x080092c0                USBD_LL_DataOutStage
 .text.USBD_LL_DataInStage
                0x08009426      0x164 ./Middlewares/ST/STM32_USB_Device_Library/Core/Src/usbd_core.o
                0x08009426                USBD_LL_DataInStage
 .text.USBD_LL_Reset
                0x0800958a       0xa4 ./Middlewares/ST/STM32_USB_Device_Library/Core/Src/usbd_core.o
                0x0800958a                USBD_LL_Reset
 .text.USBD_LL_SetSpeed
                0x0800962e       0x20 ./Middlewares/ST/STM32_USB_Device_Library/Core/Src/usbd_core.o
                0x0800962e                USBD_LL_SetSpeed
 .text.USBD_LL_Suspend
                0x0800964e       0x38 ./Middlewares/ST/STM32_USB_Device_Library/Core/Src/usbd_core.o
                0x0800964e                USBD_LL_Suspend
 .text.USBD_LL_Resume
                0x08009686       0x30 ./Middlewares/ST/STM32_USB_Device_Library/Core/Src/usbd_core.o
                0x08009686                USBD_LL_Resume
 .text.USBD_LL_SOF
                0x080096b6       0x40 ./Middlewares/ST/STM32_USB_Device_Library/Core/Src/usbd_core.o
                0x080096b6                USBD_LL_SOF
 .text.USBD_LL_IsoINIncomplete
                0x080096f6       0x64 ./Middlewares/ST/STM32_USB_Device_Library/Core/Src/usbd_core.o
                0x080096f6                USBD_LL_IsoINIncomplete
 .text.USBD_LL_IsoOUTIncomplete
                0x0800975a       0x64 ./Middlewares/ST/STM32_USB_Device_Library/Core/Src/usbd_core.o
                0x0800975a                USBD_LL_IsoOUTIncomplete
 .text.USBD_LL_DevConnected
                0x080097be       0x16 ./Middlewares/ST/STM32_USB_Device_Library/Core/Src/usbd_core.o
                0x080097be                USBD_LL_DevConnected
 .text.USBD_LL_DevDisconnected
                0x080097d4       0x46 ./Middlewares/ST/STM32_USB_Device_Library/Core/Src/usbd_core.o
                0x080097d4                USBD_LL_DevDisconnected
 .text.USBD_CoreFindIF
                0x0800981a       0x1a ./Middlewares/ST/STM32_USB_Device_Library/Core/Src/usbd_core.o
                0x0800981a                USBD_CoreFindIF
 .text.USBD_CoreFindEP
                0x08009834       0x1a ./Middlewares/ST/STM32_USB_Device_Library/Core/Src/usbd_core.o
                0x08009834                USBD_CoreFindEP
 .text.USBD_GetEpDesc
                0x0800984e       0x70 ./Middlewares/ST/STM32_USB_Device_Library/Core/Src/usbd_core.o
                0x0800984e                USBD_GetEpDesc
 .text.USBD_GetNextDesc
                0x080098be       0x38 ./Middlewares/ST/STM32_USB_Device_Library/Core/Src/usbd_core.o
                0x080098be                USBD_GetNextDesc
 .text.SWAPBYTE
                0x080098f6       0x3e ./Middlewares/ST/STM32_USB_Device_Library/Core/Src/usbd_ctlreq.o
 .text.USBD_StdDevReq
                0x08009934       0xe4 ./Middlewares/ST/STM32_USB_Device_Library/Core/Src/usbd_ctlreq.o
                0x08009934                USBD_StdDevReq
 .text.USBD_StdItfReq
                0x08009a18       0xd8 ./Middlewares/ST/STM32_USB_Device_Library/Core/Src/usbd_ctlreq.o
                0x08009a18                USBD_StdItfReq
 .text.USBD_StdEPReq
                0x08009af0      0x33a ./Middlewares/ST/STM32_USB_Device_Library/Core/Src/usbd_ctlreq.o
                0x08009af0                USBD_StdEPReq
 *fill*         0x08009e2a        0x2 
 .text.USBD_GetDescriptor
                0x08009e2c      0x2d4 ./Middlewares/ST/STM32_USB_Device_Library/Core/Src/usbd_ctlreq.o
 .text.USBD_SetAddress
                0x0800a100       0x88 ./Middlewares/ST/STM32_USB_Device_Library/Core/Src/usbd_ctlreq.o
 .text.USBD_SetConfig
                0x0800a188      0x154 ./Middlewares/ST/STM32_USB_Device_Library/Core/Src/usbd_ctlreq.o
 .text.USBD_GetConfig
                0x0800a2dc       0x6c ./Middlewares/ST/STM32_USB_Device_Library/Core/Src/usbd_ctlreq.o
 .text.USBD_GetStatus
                0x0800a348       0x68 ./Middlewares/ST/STM32_USB_Device_Library/Core/Src/usbd_ctlreq.o
 .text.USBD_SetFeature
                0x0800a3b0       0x52 ./Middlewares/ST/STM32_USB_Device_Library/Core/Src/usbd_ctlreq.o
 .text.USBD_ClrFeature
                0x0800a402       0x44 ./Middlewares/ST/STM32_USB_Device_Library/Core/Src/usbd_ctlreq.o
 .text.USBD_ParseSetupRequest
                0x0800a446       0x74 ./Middlewares/ST/STM32_USB_Device_Library/Core/Src/usbd_ctlreq.o
                0x0800a446                USBD_ParseSetupRequest
 .text.USBD_CtlError
                0x0800a4ba       0x22 ./Middlewares/ST/STM32_USB_Device_Library/Core/Src/usbd_ctlreq.o
                0x0800a4ba                USBD_CtlError
 .text.USBD_GetString
                0x0800a4dc       0xa4 ./Middlewares/ST/STM32_USB_Device_Library/Core/Src/usbd_ctlreq.o
                0x0800a4dc                USBD_GetString
 .text.USBD_GetLen
                0x0800a580       0x34 ./Middlewares/ST/STM32_USB_Device_Library/Core/Src/usbd_ctlreq.o
 .text.USBD_CtlSendData
                0x0800a5b4       0x36 ./Middlewares/ST/STM32_USB_Device_Library/Core/Src/usbd_ioreq.o
                0x0800a5b4                USBD_CtlSendData
 .text.USBD_CtlContinueSendData
                0x0800a5ea       0x22 ./Middlewares/ST/STM32_USB_Device_Library/Core/Src/usbd_ioreq.o
                0x0800a5ea                USBD_CtlContinueSendData
 .text.USBD_CtlPrepareRx
                0x0800a60c       0x3a ./Middlewares/ST/STM32_USB_Device_Library/Core/Src/usbd_ioreq.o
                0x0800a60c                USBD_CtlPrepareRx
 .text.USBD_CtlContinueRx
                0x0800a646       0x22 ./Middlewares/ST/STM32_USB_Device_Library/Core/Src/usbd_ioreq.o
                0x0800a646                USBD_CtlContinueRx
 .text.USBD_CtlSendStatus
                0x0800a668       0x26 ./Middlewares/ST/STM32_USB_Device_Library/Core/Src/usbd_ioreq.o
                0x0800a668                USBD_CtlSendStatus
 .text.USBD_CtlReceiveStatus
                0x0800a68e       0x26 ./Middlewares/ST/STM32_USB_Device_Library/Core/Src/usbd_ioreq.o
                0x0800a68e                USBD_CtlReceiveStatus
 .text.MX_USB_DEVICE_Init
                0x0800a6b4       0x60 ./USB_DEVICE/App/usb_device.o
                0x0800a6b4                MX_USB_DEVICE_Init
 .text.CDC_Init_FS
                0x0800a714       0x28 ./USB_DEVICE/App/usbd_cdc_if.o
 .text.CDC_DeInit_FS
                0x0800a73c       0x10 ./USB_DEVICE/App/usbd_cdc_if.o
 .text.CDC_Control_FS
                0x0800a74c       0xbc ./USB_DEVICE/App/usbd_cdc_if.o
 .text.CDC_Receive_FS
                0x0800a808       0x28 ./USB_DEVICE/App/usbd_cdc_if.o
 .text.CDC_TransmitCplt_FS
                0x0800a830       0x22 ./USB_DEVICE/App/usbd_cdc_if.o
 *fill*         0x0800a852        0x2 
 .text.USBD_FS_DeviceDescriptor
                0x0800a854       0x24 ./USB_DEVICE/App/usbd_desc.o
                0x0800a854                USBD_FS_DeviceDescriptor
 .text.USBD_FS_LangIDStrDescriptor
                0x0800a878       0x24 ./USB_DEVICE/App/usbd_desc.o
                0x0800a878                USBD_FS_LangIDStrDescriptor
 .text.USBD_FS_ProductStrDescriptor
                0x0800a89c       0x3c ./USB_DEVICE/App/usbd_desc.o
                0x0800a89c                USBD_FS_ProductStrDescriptor
 .text.USBD_FS_ManufacturerStrDescriptor
                0x0800a8d8       0x28 ./USB_DEVICE/App/usbd_desc.o
                0x0800a8d8                USBD_FS_ManufacturerStrDescriptor
 .text.USBD_FS_SerialStrDescriptor
                0x0800a900       0x24 ./USB_DEVICE/App/usbd_desc.o
                0x0800a900                USBD_FS_SerialStrDescriptor
 .text.USBD_FS_ConfigStrDescriptor
                0x0800a924       0x3c ./USB_DEVICE/App/usbd_desc.o
                0x0800a924                USBD_FS_ConfigStrDescriptor
 .text.USBD_FS_InterfaceStrDescriptor
                0x0800a960       0x3c ./USB_DEVICE/App/usbd_desc.o
                0x0800a960                USBD_FS_InterfaceStrDescriptor
 .text.Get_SerialNum
                0x0800a99c       0x58 ./USB_DEVICE/App/usbd_desc.o
 .text.IntToUnicode
                0x0800a9f4       0x7e ./USB_DEVICE/App/usbd_desc.o
 *fill*         0x0800aa72        0x2 
 .text.HAL_PCD_MspInit
                0x0800aa74       0xa8 ./USB_DEVICE/Target/usbd_conf.o
                0x0800aa74                HAL_PCD_MspInit
 .text.HAL_PCD_SetupStageCallback
                0x0800ab1c       0x24 ./USB_DEVICE/Target/usbd_conf.o
                0x0800ab1c                HAL_PCD_SetupStageCallback
 .text.HAL_PCD_DataOutStageCallback
                0x0800ab40       0x36 ./USB_DEVICE/Target/usbd_conf.o
                0x0800ab40                HAL_PCD_DataOutStageCallback
 .text.HAL_PCD_DataInStageCallback
                0x0800ab76       0x34 ./USB_DEVICE/Target/usbd_conf.o
                0x0800ab76                HAL_PCD_DataInStageCallback
 .text.HAL_PCD_SOFCallback
                0x0800abaa       0x1c ./USB_DEVICE/Target/usbd_conf.o
                0x0800abaa                HAL_PCD_SOFCallback
 .text.HAL_PCD_ResetCallback
                0x0800abc6       0x3c ./USB_DEVICE/Target/usbd_conf.o
                0x0800abc6                HAL_PCD_ResetCallback
 *fill*         0x0800ac02        0x2 
 .text.HAL_PCD_SuspendCallback
                0x0800ac04       0x4c ./USB_DEVICE/Target/usbd_conf.o
                0x0800ac04                HAL_PCD_SuspendCallback
 .text.HAL_PCD_ResumeCallback
                0x0800ac50       0x1c ./USB_DEVICE/Target/usbd_conf.o
                0x0800ac50                HAL_PCD_ResumeCallback
 .text.HAL_PCD_ISOOUTIncompleteCallback
                0x0800ac6c       0x24 ./USB_DEVICE/Target/usbd_conf.o
                0x0800ac6c                HAL_PCD_ISOOUTIncompleteCallback
 .text.HAL_PCD_ISOINIncompleteCallback
                0x0800ac90       0x24 ./USB_DEVICE/Target/usbd_conf.o
                0x0800ac90                HAL_PCD_ISOINIncompleteCallback
 .text.HAL_PCD_ConnectCallback
                0x0800acb4       0x1c ./USB_DEVICE/Target/usbd_conf.o
                0x0800acb4                HAL_PCD_ConnectCallback
 .text.HAL_PCD_DisconnectCallback
                0x0800acd0       0x1c ./USB_DEVICE/Target/usbd_conf.o
                0x0800acd0                HAL_PCD_DisconnectCallback
 .text.USBD_LL_Init
                0x0800acec       0x98 ./USB_DEVICE/Target/usbd_conf.o
                0x0800acec                USBD_LL_Init
 .text.USBD_LL_Start
                0x0800ad84       0x36 ./USB_DEVICE/Target/usbd_conf.o
                0x0800ad84                USBD_LL_Start
 .text.USBD_LL_OpenEP
                0x0800adba       0x4c ./USB_DEVICE/Target/usbd_conf.o
                0x0800adba                USBD_LL_OpenEP
 .text.USBD_LL_CloseEP
                0x0800ae06       0x3e ./USB_DEVICE/Target/usbd_conf.o
                0x0800ae06                USBD_LL_CloseEP
 .text.USBD_LL_StallEP
                0x0800ae44       0x3e ./USB_DEVICE/Target/usbd_conf.o
                0x0800ae44                USBD_LL_StallEP
 .text.USBD_LL_ClearStallEP
                0x0800ae82       0x3e ./USB_DEVICE/Target/usbd_conf.o
                0x0800ae82                USBD_LL_ClearStallEP
 .text.USBD_LL_IsStallEP
                0x0800aec0       0x58 ./USB_DEVICE/Target/usbd_conf.o
                0x0800aec0                USBD_LL_IsStallEP
 .text.USBD_LL_SetUSBAddress
                0x0800af18       0x3e ./USB_DEVICE/Target/usbd_conf.o
                0x0800af18                USBD_LL_SetUSBAddress
 .text.USBD_LL_Transmit
                0x0800af56       0x42 ./USB_DEVICE/Target/usbd_conf.o
                0x0800af56                USBD_LL_Transmit
 .text.USBD_LL_PrepareReceive
                0x0800af98       0x42 ./USB_DEVICE/Target/usbd_conf.o
                0x0800af98                USBD_LL_PrepareReceive
 .text.USBD_LL_GetRxDataSize
                0x0800afda       0x26 ./USB_DEVICE/Target/usbd_conf.o
                0x0800afda                USBD_LL_GetRxDataSize
 .text.USBD_static_malloc
                0x0800b000       0x1c ./USB_DEVICE/Target/usbd_conf.o
                0x0800b000                USBD_static_malloc
 .text.USBD_static_free
                0x0800b01c       0x14 ./USB_DEVICE/Target/usbd_conf.o
                0x0800b01c                USBD_static_free
 .text.USBD_Get_USB_Status
                0x0800b030       0x58 ./USB_DEVICE/Target/usbd_conf.o
                0x0800b030                USBD_Get_USB_Status
 .text.__itoa   0x0800b088       0x30 /opt/st/stm32cubeide_1.18.0/plugins/com.st.stm32cube.ide.mcu.externaltools.gnu-tools-for-stm32.13.3.rel1.linux64_1.0.0.202410170706/tools/bin/../lib/gcc/arm-none-eabi/13.3.1/../../../../arm-none-eabi/lib/thumb/v7e-m+fp/hard/libc_nano.a(libc_a-itoa.o)
                0x0800b088                __itoa
 .text.itoa     0x0800b0b8        0x4 /opt/st/stm32cubeide_1.18.0/plugins/com.st.stm32cube.ide.mcu.externaltools.gnu-tools-for-stm32.13.3.rel1.linux64_1.0.0.202410170706/tools/bin/../lib/gcc/arm-none-eabi/13.3.1/../../../../arm-none-eabi/lib/thumb/v7e-m+fp/hard/libc_nano.a(libc_a-itoa.o)
                0x0800b0b8                itoa
 .text.__utoa   0x0800b0bc       0x84 /opt/st/stm32cubeide_1.18.0/plugins/com.st.stm32cube.ide.mcu.externaltools.gnu-tools-for-stm32.13.3.rel1.linux64_1.0.0.202410170706/tools/bin/../lib/gcc/arm-none-eabi/13.3.1/../../../../arm-none-eabi/lib/thumb/v7e-m+fp/hard/libc_nano.a(libc_a-utoa.o)
                0x0800b0bc                __utoa
 .text.memset   0x0800b140       0x10 /opt/st/stm32cubeide_1.18.0/plugins/com.st.stm32cube.ide.mcu.externaltools.gnu-tools-for-stm32.13.3.rel1.linux64_1.0.0.202410170706/tools/bin/../lib/gcc/arm-none-eabi/13.3.1/../../../../arm-none-eabi/lib/thumb/v7e-m+fp/hard/libc_nano.a(libc_a-memset.o)
                0x0800b140                memset
 .text.__libc_init_array
                0x0800b150       0x48 /opt/st/stm32cubeide_1.18.0/plugins/com.st.stm32cube.ide.mcu.externaltools.gnu-tools-for-stm32.13.3.rel1.linux64_1.0.0.202410170706/tools/bin/../lib/gcc/arm-none-eabi/13.3.1/../../../../arm-none-eabi/lib/thumb/v7e-m+fp/hard/libc_nano.a(libc_a-init.o)
                0x0800b150                __libc_init_array
 *(.glue_7)
 .glue_7        0x0800b198        0x0 linker stubs
 *(.glue_7t)
 .glue_7t       0x0800b198        0x0 linker stubs
 *(.eh_frame)
 .eh_frame      0x0800b198        0x0 /opt/st/stm32cubeide_1.18.0/plugins/com.st.stm32cube.ide.mcu.externaltools.gnu-tools-for-stm32.13.3.rel1.linux64_1.0.0.202410170706/tools/bin/../lib/gcc/arm-none-eabi/13.3.1/thumb/v7e-m+fp/hard/crtbegin.o
 *(.init)
 .init          0x0800b198        0x4 /opt/st/stm32cubeide_1.18.0/plugins/com.st.stm32cube.ide.mcu.externaltools.gnu-tools-for-stm32.13.3.rel1.linux64_1.0.0.202410170706/tools/bin/../lib/gcc/arm-none-eabi/13.3.1/thumb/v7e-m+fp/hard/crti.o
                0x0800b198                _init
 .init          0x0800b19c        0x8 /opt/st/stm32cubeide_1.18.0/plugins/com.st.stm32cube.ide.mcu.externaltools.gnu-tools-for-stm32.13.3.rel1.linux64_1.0.0.202410170706/tools/bin/../lib/gcc/arm-none-eabi/13.3.1/thumb/v7e-m+fp/hard/crtn.o
 *(.fini)
 .fini          0x0800b1a4        0x4 /opt/st/stm32cubeide_1.18.0/plugins/com.st.stm32cube.ide.mcu.externaltools.gnu-tools-for-stm32.13.3.rel1.linux64_1.0.0.202410170706/tools/bin/../lib/gcc/arm-none-eabi/13.3.1/thumb/v7e-m+fp/hard/crti.o
                0x0800b1a4                _fini
 .fini          0x0800b1a8        0x8 /opt/st/stm32cubeide_1.18.0/plugins/com.st.stm32cube.ide.mcu.externaltools.gnu-tools-for-stm32.13.3.rel1.linux64_1.0.0.202410170706/tools/bin/../lib/gcc/arm-none-eabi/13.3.1/thumb/v7e-m+fp/hard/crtn.o
                0x0800b1b0                        . = ALIGN (0x4)
                0x0800b1b0                        _etext = .

.vfp11_veneer   0x0800b1b0        0x0
 .vfp11_veneer  0x0800b1b0        0x0 linker stubs

.v4_bx          0x0800b1b0        0x0
 .v4_bx         0x0800b1b0        0x0 linker stubs

.iplt           0x0800b1b0        0x0
 .iplt          0x0800b1b0        0x0 /opt/st/stm32cubeide_1.18.0/plugins/com.st.stm32cube.ide.mcu.externaltools.gnu-tools-for-stm32.13.3.rel1.linux64_1.0.0.202410170706/tools/bin/../lib/gcc/arm-none-eabi/13.3.1/thumb/v7e-m+fp/hard/crtbegin.o

.rodata         0x0800b1b0     0x3244
                0x0800b1b0                        . = ALIGN (0x4)
 *(.rodata)
 .rodata        0x0800b1b0       0x68 ./Core/Src/main.o
 .rodata        0x0800b218       0x60 ./Core/Src/rpi-display/rpiDisplayShapes.o
 .rodata        0x0800b278        0xb ./Core/Src/stm32-hal-mcp2515/mcp2515.o
 *fill*         0x0800b283        0x1 
 .rodata        0x0800b284       0x46 ./USB_DEVICE/App/usbd_desc.o
 *(.rodata*)
 *fill*         0x0800b2ca        0x2 
 .rodata.FreeMonoBold24pt7bBitmaps
                0x0800b2cc     0x1a8d ./Core/Src/main.o
                0x0800b2cc                FreeMonoBold24pt7bBitmaps
 *fill*         0x0800cd59        0x3 
 .rodata.FreeMonoBold24pt7bGlyphs
                0x0800cd5c      0x2f8 ./Core/Src/main.o
                0x0800cd5c                FreeMonoBold24pt7bGlyphs
 .rodata.FreeMonoBold24pt7b
                0x0800d054       0x10 ./Core/Src/main.o
                0x0800d054                FreeMonoBold24pt7b
 .rodata.FreeSans18pt7bBitmaps
                0x0800d064     0x103f ./Core/Src/main.o
                0x0800d064                FreeSans18pt7bBitmaps
 *fill*         0x0800e0a3        0x1 
 .rodata.FreeSans18pt7bGlyphs
                0x0800e0a4      0x2f8 ./Core/Src/main.o
                0x0800e0a4                FreeSans18pt7bGlyphs
 .rodata.FreeSans18pt7b
                0x0800e39c       0x10 ./Core/Src/main.o
                0x0800e39c                FreeSans18pt7b
 .rodata.AHBPrescTable
                0x0800e3ac       0x10 ./Core/Src/system_stm32f4xx.o
                0x0800e3ac                AHBPrescTable
 .rodata._ZN7MCP25153RXBE
                0x0800e3bc        0x8 ./Core/Src/stm32-hal-mcp2515/mcp2515.o
                0x0800e3bc                MCP2515::RXB
 .rodata.flagBitshiftOffset.0
                0x0800e3c4        0x8 ./Drivers/STM32F4xx_HAL_Driver/Src/stm32f4xx_hal_dma.o
 .rodata.__utoa.str1.1
                0x0800e3cc       0x25 /opt/st/stm32cubeide_1.18.0/plugins/com.st.stm32cube.ide.mcu.externaltools.gnu-tools-for-stm32.13.3.rel1.linux64_1.0.0.202410170706/tools/bin/../lib/gcc/arm-none-eabi/13.3.1/../../../../arm-none-eabi/lib/thumb/v7e-m+fp/hard/libc_nano.a(libc_a-utoa.o)
                0x0800e3f4                        . = ALIGN (0x4)
 *fill*         0x0800e3f1        0x3 

.ARM.extab      0x0800e3f4        0x0
                0x0800e3f4                        . = ALIGN (0x4)
 *(.ARM.extab* .gnu.linkonce.armextab.*)
                0x0800e3f4                        . = ALIGN (0x4)

.ARM            0x0800e3f4        0x8
                0x0800e3f4                        . = ALIGN (0x4)
                0x0800e3f4                        __exidx_start = .
 *(.ARM.exidx*)
 .ARM.exidx     0x0800e3f4        0x8 /opt/st/stm32cubeide_1.18.0/plugins/com.st.stm32cube.ide.mcu.externaltools.gnu-tools-for-stm32.13.3.rel1.linux64_1.0.0.202410170706/tools/bin/../lib/gcc/arm-none-eabi/13.3.1/thumb/v7e-m+fp/hard/libgcc.a(_udivmoddi4.o)
                0x0800e3fc                        __exidx_end = .
                0x0800e3fc                        . = ALIGN (0x4)

.preinit_array  0x0800e3fc        0x0
                0x0800e3fc                        . = ALIGN (0x4)
                0x0800e3fc                        PROVIDE (__preinit_array_start = .)
 *(.preinit_array*)
                0x0800e3fc                        PROVIDE (__preinit_array_end = .)
                0x0800e3fc                        . = ALIGN (0x4)

.init_array     0x0800e3fc        0x8
                0x0800e3fc                        . = ALIGN (0x4)
                0x0800e3fc                        PROVIDE (__init_array_start = .)
 *(SORT_BY_NAME(.init_array.*))
 *(.init_array*)
 .init_array    0x0800e3fc        0x4 /opt/st/stm32cubeide_1.18.0/plugins/com.st.stm32cube.ide.mcu.externaltools.gnu-tools-for-stm32.13.3.rel1.linux64_1.0.0.202410170706/tools/bin/../lib/gcc/arm-none-eabi/13.3.1/thumb/v7e-m+fp/hard/crtbegin.o
 .init_array    0x0800e400        0x4 ./Core/Src/mcp2515user.o
                0x0800e404                        PROVIDE (__init_array_end = .)
                0x0800e404                        . = ALIGN (0x4)

.fini_array     0x0800e404        0x4
                0x0800e404                        . = ALIGN (0x4)
                [!provide]                        PROVIDE (__fini_array_start = .)
 *(SORT_BY_NAME(.fini_array.*))
 *(.fini_array*)
 .fini_array    0x0800e404        0x4 /opt/st/stm32cubeide_1.18.0/plugins/com.st.stm32cube.ide.mcu.externaltools.gnu-tools-for-stm32.13.3.rel1.linux64_1.0.0.202410170706/tools/bin/../lib/gcc/arm-none-eabi/13.3.1/thumb/v7e-m+fp/hard/crtbegin.o
                [!provide]                        PROVIDE (__fini_array_end = .)
                0x0800e408                        . = ALIGN (0x4)
                0x0800e408                        _sidata = LOADADDR (.data)

.rel.dyn        0x0800e408        0x0
 .rel.iplt      0x0800e408        0x0 /opt/st/stm32cubeide_1.18.0/plugins/com.st.stm32cube.ide.mcu.externaltools.gnu-tools-for-stm32.13.3.rel1.linux64_1.0.0.202410170706/tools/bin/../lib/gcc/arm-none-eabi/13.3.1/thumb/v7e-m+fp/hard/crtbegin.o

.data           0x20000000       0xfc load address 0x0800e408
                0x20000000                        . = ALIGN (0x4)
                0x20000000                        _sdata = .
 *(.data)
 *(.data*)
 .data.SystemCoreClock
                0x20000000        0x4 ./Core/Src/system_stm32f4xx.o
                0x20000000                SystemCoreClock
 .data.uwTickPrio
                0x20000004        0x4 ./Drivers/STM32F4xx_HAL_Driver/Src/stm32f4xx_hal.o
                0x20000004                uwTickPrio
 .data.uwTickFreq
                0x20000008        0x1 ./Drivers/STM32F4xx_HAL_Driver/Src/stm32f4xx_hal.o
                0x20000008                uwTickFreq
 *fill*         0x20000009        0x3 
 .data.USBD_CDC_DeviceQualifierDesc
                0x2000000c        0xa ./Middlewares/ST/STM32_USB_Device_Library/Class/CDC/Src/usbd_cdc.o
 *fill*         0x20000016        0x2 
 .data.USBD_CDC
                0x20000018       0x38 ./Middlewares/ST/STM32_USB_Device_Library/Class/CDC/Src/usbd_cdc.o
                0x20000018                USBD_CDC
 .data.USBD_CDC_CfgDesc
                0x20000050       0x43 ./Middlewares/ST/STM32_USB_Device_Library/Class/CDC/Src/usbd_cdc.o
 .data.CDCInEpAdd
                0x20000093        0x1 ./Middlewares/ST/STM32_USB_Device_Library/Class/CDC/Src/usbd_cdc.o
 .data.CDCOutEpAdd
                0x20000094        0x1 ./Middlewares/ST/STM32_USB_Device_Library/Class/CDC/Src/usbd_cdc.o
 .data.CDCCmdEpAdd
                0x20000095        0x1 ./Middlewares/ST/STM32_USB_Device_Library/Class/CDC/Src/usbd_cdc.o
 *fill*         0x20000096        0x2 
 .data.USBD_Interface_fops_FS
                0x20000098       0x14 ./USB_DEVICE/App/usbd_cdc_if.o
                0x20000098                USBD_Interface_fops_FS
 .data.FS_Desc  0x200000ac       0x1c ./USB_DEVICE/App/usbd_desc.o
                0x200000ac                FS_Desc
 .data.USBD_FS_DeviceDesc
                0x200000c8       0x12 ./USB_DEVICE/App/usbd_desc.o
                0x200000c8                USBD_FS_DeviceDesc
 *fill*         0x200000da        0x2 
 .data.USBD_LangIDDesc
                0x200000dc        0x4 ./USB_DEVICE/App/usbd_desc.o
                0x200000dc                USBD_LangIDDesc
 .data.USBD_StringSerial
                0x200000e0       0x1a ./USB_DEVICE/App/usbd_desc.o
                0x200000e0                USBD_StringSerial
 *(.RamFunc)
 *(.RamFunc*)
                0x200000fc                        . = ALIGN (0x4)
 *fill*         0x200000fa        0x2 
                0x200000fc                        _edata = .

.igot.plt       0x200000fc        0x0 load address 0x0800e504
 .igot.plt      0x200000fc        0x0 /opt/st/stm32cubeide_1.18.0/plugins/com.st.stm32cube.ide.mcu.externaltools.gnu-tools-for-stm32.13.3.rel1.linux64_1.0.0.202410170706/tools/bin/../lib/gcc/arm-none-eabi/13.3.1/thumb/v7e-m+fp/hard/crtbegin.o
                0x200000fc                        . = ALIGN (0x4)

.bss            0x200000fc     0x15d4 load address 0x0800e504
                0x200000fc                        _sbss = .
                0x200000fc                        __bss_start__ = _sbss
 *(.bss)
 .bss           0x200000fc       0x1c /opt/st/stm32cubeide_1.18.0/plugins/com.st.stm32cube.ide.mcu.externaltools.gnu-tools-for-stm32.13.3.rel1.linux64_1.0.0.202410170706/tools/bin/../lib/gcc/arm-none-eabi/13.3.1/thumb/v7e-m+fp/hard/crtbegin.o
 *(.bss*)
 .bss.myMCP     0x20000118       0x10 ./Core/Src/mcp2515user.o
                0x20000118                myMCP
 .bss.datasentflag
                0x20000128        0x4 ./Core/Src/shiftLights.o
 .bss.hspi1     0x2000012c       0x58 ./Core/Src/spi.o
                0x2000012c                hspi1
 .bss.hspi2     0x20000184       0x58 ./Core/Src/spi.o
                0x20000184                hspi2
 .bss.hdma_spi1_tx
                0x200001dc       0x60 ./Core/Src/spi.o
                0x200001dc                hdma_spi1_tx
 .bss.htim4     0x2000023c       0x48 ./Core/Src/tim.o
                0x2000023c                htim4
 .bss.hdma_tim4_ch1
                0x20000284       0x60 ./Core/Src/tim.o
                0x20000284                hdma_tim4_ch1
 .bss._ZL12datasentflag
                0x200002e4        0x1 ./Core/Src/rpi-display/rpiDisplayShapes.o
 *fill*         0x200002e5        0x3 
 .bss.uwTick    0x200002e8        0x4 ./Drivers/STM32F4xx_HAL_Driver/Src/stm32f4xx_hal.o
                0x200002e8                uwTick
 .bss.cfgidx.0  0x200002ec        0x1 ./Middlewares/ST/STM32_USB_Device_Library/Core/Src/usbd_ctlreq.o
 *fill*         0x200002ed        0x3 
 .bss.hUsbDeviceFS
                0x200002f0      0x2dc ./USB_DEVICE/App/usb_device.o
                0x200002f0                hUsbDeviceFS
 .bss.UserRxBufferFS
                0x200005cc      0x400 ./USB_DEVICE/App/usbd_cdc_if.o
                0x200005cc                UserRxBufferFS
 .bss.UserTxBufferFS
                0x200009cc      0x400 ./USB_DEVICE/App/usbd_cdc_if.o
                0x200009cc                UserTxBufferFS
 .bss.USBD_StrDesc
                0x20000dcc      0x200 ./USB_DEVICE/App/usbd_desc.o
                0x20000dcc                USBD_StrDesc
 .bss.hpcd_USB_OTG_FS
                0x20000fcc      0x4e4 ./USB_DEVICE/Target/usbd_conf.o
                0x20000fcc                hpcd_USB_OTG_FS
 .bss.mem.0     0x200014b0      0x220 ./USB_DEVICE/Target/usbd_conf.o
 *(COMMON)
                0x200016d0                        . = ALIGN (0x4)
                0x200016d0                        _ebss = .
                0x200016d0                        __bss_end__ = _ebss

._user_heap_stack
                0x200016d0      0x600 load address 0x0800e504
                0x200016d0                        . = ALIGN (0x8)
                [!provide]                        PROVIDE (end = .)
                0x200016d0                        PROVIDE (_end = .)
                0x200018d0                        . = (. + _Min_Heap_Size)
 *fill*         0x200016d0      0x200 
                0x20001cd0                        . = (. + _Min_Stack_Size)
 *fill*         0x200018d0      0x400 
                0x20001cd0                        . = ALIGN (0x8)

/DISCARD/
 libc.a(*)
 libm.a(*)
 libgcc.a(*)

.ARM.attributes
                0x00000000       0x30
 *(.ARM.attributes)
 .ARM.attributes
                0x00000000       0x22 /opt/st/stm32cubeide_1.18.0/plugins/com.st.stm32cube.ide.mcu.externaltools.gnu-tools-for-stm32.13.3.rel1.linux64_1.0.0.202410170706/tools/bin/../lib/gcc/arm-none-eabi/13.3.1/thumb/v7e-m+fp/hard/crti.o
 .ARM.attributes
                0x00000022       0x34 /opt/st/stm32cubeide_1.18.0/plugins/com.st.stm32cube.ide.mcu.externaltools.gnu-tools-for-stm32.13.3.rel1.linux64_1.0.0.202410170706/tools/bin/../lib/gcc/arm-none-eabi/13.3.1/thumb/v7e-m+fp/hard/crtbegin.o
 .ARM.attributes
                0x00000056       0x34 ./Core/Src/dma.o
 .ARM.attributes
                0x0000008a       0x34 ./Core/Src/gpio.o
 .ARM.attributes
                0x000000be       0x34 ./Core/Src/main.o
 .ARM.attributes
                0x000000f2       0x34 ./Core/Src/mcp2515user.o
 .ARM.attributes
                0x00000126       0x34 ./Core/Src/shiftLights.o
 .ARM.attributes
                0x0000015a       0x34 ./Core/Src/spi.o
 .ARM.attributes
                0x0000018e       0x34 ./Core/Src/stm32f4xx_hal_msp.o
 .ARM.attributes
                0x000001c2       0x34 ./Core/Src/stm32f4xx_it.o
 .ARM.attributes
                0x000001f6       0x34 ./Core/Src/system_stm32f4xx.o
 .ARM.attributes
                0x0000022a       0x34 ./Core/Src/tim.o
 .ARM.attributes
                0x0000025e       0x34 ./Core/Src/rpi-display/rpiDisplayShapes.o
 .ARM.attributes
                0x00000292       0x34 ./Core/Src/stm32-hal-mcp2515/mcp2515.o
 .ARM.attributes
                0x000002c6       0x21 ./Core/Startup/startup_stm32f401ccux.o
 .ARM.attributes
                0x000002e7       0x34 ./Drivers/STM32F4xx_HAL_Driver/Src/stm32f4xx_hal.o
 .ARM.attributes
                0x0000031b       0x34 ./Drivers/STM32F4xx_HAL_Driver/Src/stm32f4xx_hal_cortex.o
 .ARM.attributes
                0x0000034f       0x34 ./Drivers/STM32F4xx_HAL_Driver/Src/stm32f4xx_hal_dma.o
 .ARM.attributes
                0x00000383       0x34 ./Drivers/STM32F4xx_HAL_Driver/Src/stm32f4xx_hal_gpio.o
 .ARM.attributes
                0x000003b7       0x34 ./Drivers/STM32F4xx_HAL_Driver/Src/stm32f4xx_hal_pcd.o
 .ARM.attributes
                0x000003eb       0x34 ./Drivers/STM32F4xx_HAL_Driver/Src/stm32f4xx_hal_pcd_ex.o
 .ARM.attributes
                0x0000041f       0x34 ./Drivers/STM32F4xx_HAL_Driver/Src/stm32f4xx_hal_rcc.o
 .ARM.attributes
                0x00000453       0x34 ./Drivers/STM32F4xx_HAL_Driver/Src/stm32f4xx_hal_spi.o
 .ARM.attributes
                0x00000487       0x34 ./Drivers/STM32F4xx_HAL_Driver/Src/stm32f4xx_hal_tim.o
 .ARM.attributes
                0x000004bb       0x34 ./Drivers/STM32F4xx_HAL_Driver/Src/stm32f4xx_hal_tim_ex.o
 .ARM.attributes
                0x000004ef       0x34 ./Drivers/STM32F4xx_HAL_Driver/Src/stm32f4xx_ll_usb.o
 .ARM.attributes
                0x00000523       0x34 ./Middlewares/ST/STM32_USB_Device_Library/Class/CDC/Src/usbd_cdc.o
 .ARM.attributes
                0x00000557       0x34 ./Middlewares/ST/STM32_USB_Device_Library/Core/Src/usbd_core.o
 .ARM.attributes
                0x0000058b       0x34 ./Middlewares/ST/STM32_USB_Device_Library/Core/Src/usbd_ctlreq.o
 .ARM.attributes
                0x000005bf       0x34 ./Middlewares/ST/STM32_USB_Device_Library/Core/Src/usbd_ioreq.o
 .ARM.attributes
                0x000005f3       0x34 ./USB_DEVICE/App/usb_device.o
 .ARM.attributes
                0x00000627       0x34 ./USB_DEVICE/App/usbd_cdc_if.o
 .ARM.attributes
                0x0000065b       0x34 ./USB_DEVICE/App/usbd_desc.o
 .ARM.attributes
                0x0000068f       0x34 ./USB_DEVICE/Target/usbd_conf.o
 .ARM.attributes
                0x000006c3       0x34 /opt/st/stm32cubeide_1.18.0/plugins/com.st.stm32cube.ide.mcu.externaltools.gnu-tools-for-stm32.13.3.rel1.linux64_1.0.0.202410170706/tools/bin/../lib/gcc/arm-none-eabi/13.3.1/../../../../arm-none-eabi/lib/thumb/v7e-m+fp/hard/libc_nano.a(libc_a-itoa.o)
 .ARM.attributes
                0x000006f7       0x34 /opt/st/stm32cubeide_1.18.0/plugins/com.st.stm32cube.ide.mcu.externaltools.gnu-tools-for-stm32.13.3.rel1.linux64_1.0.0.202410170706/tools/bin/../lib/gcc/arm-none-eabi/13.3.1/../../../../arm-none-eabi/lib/thumb/v7e-m+fp/hard/libc_nano.a(libc_a-utoa.o)
 .ARM.attributes
                0x0000072b       0x34 /opt/st/stm32cubeide_1.18.0/plugins/com.st.stm32cube.ide.mcu.externaltools.gnu-tools-for-stm32.13.3.rel1.linux64_1.0.0.202410170706/tools/bin/../lib/gcc/arm-none-eabi/13.3.1/../../../../arm-none-eabi/lib/thumb/v7e-m+fp/hard/libc_nano.a(libc_a-memset.o)
 .ARM.attributes
                0x0000075f       0x34 /opt/st/stm32cubeide_1.18.0/plugins/com.st.stm32cube.ide.mcu.externaltools.gnu-tools-for-stm32.13.3.rel1.linux64_1.0.0.202410170706/tools/bin/../lib/gcc/arm-none-eabi/13.3.1/../../../../arm-none-eabi/lib/thumb/v7e-m+fp/hard/libc_nano.a(libc_a-init.o)
 .ARM.attributes
                0x00000793       0x22 /opt/st/stm32cubeide_1.18.0/plugins/com.st.stm32cube.ide.mcu.externaltools.gnu-tools-for-stm32.13.3.rel1.linux64_1.0.0.202410170706/tools/bin/../lib/gcc/arm-none-eabi/13.3.1/thumb/v7e-m+fp/hard/libgcc.a(_aeabi_uldivmod.o)
 .ARM.attributes
                0x000007b5       0x34 /opt/st/stm32cubeide_1.18.0/plugins/com.st.stm32cube.ide.mcu.externaltools.gnu-tools-for-stm32.13.3.rel1.linux64_1.0.0.202410170706/tools/bin/../lib/gcc/arm-none-eabi/13.3.1/thumb/v7e-m+fp/hard/libgcc.a(_udivmoddi4.o)
 .ARM.attributes
                0x000007e9       0x22 /opt/st/stm32cubeide_1.18.0/plugins/com.st.stm32cube.ide.mcu.externaltools.gnu-tools-for-stm32.13.3.rel1.linux64_1.0.0.202410170706/tools/bin/../lib/gcc/arm-none-eabi/13.3.1/thumb/v7e-m+fp/hard/libgcc.a(_dvmd_tls.o)
 .ARM.attributes
                0x0000080b       0x22 /opt/st/stm32cubeide_1.18.0/plugins/com.st.stm32cube.ide.mcu.externaltools.gnu-tools-for-stm32.13.3.rel1.linux64_1.0.0.202410170706/tools/bin/../lib/gcc/arm-none-eabi/13.3.1/thumb/v7e-m+fp/hard/crtn.o
OUTPUT(stm32-dashboard.elf elf32-littlearm)
LOAD linker stubs
LOAD /opt/st/stm32cubeide_1.18.0/plugins/com.st.stm32cube.ide.mcu.externaltools.gnu-tools-for-stm32.13.3.rel1.linux64_1.0.0.202410170706/tools/bin/../lib/gcc/arm-none-eabi/13.3.1/../../../../arm-none-eabi/lib/thumb/v7e-m+fp/hard/libc.a
LOAD /opt/st/stm32cubeide_1.18.0/plugins/com.st.stm32cube.ide.mcu.externaltools.gnu-tools-for-stm32.13.3.rel1.linux64_1.0.0.202410170706/tools/bin/../lib/gcc/arm-none-eabi/13.3.1/../../../../arm-none-eabi/lib/thumb/v7e-m+fp/hard/libm.a
LOAD /opt/st/stm32cubeide_1.18.0/plugins/com.st.stm32cube.ide.mcu.externaltools.gnu-tools-for-stm32.13.3.rel1.linux64_1.0.0.202410170706/tools/bin/../lib/gcc/arm-none-eabi/13.3.1/thumb/v7e-m+fp/hard/libgcc.a

.debug_info     0x00000000    0x1ad8b
 .debug_info    0x00000000      0x458 ./Core/Src/dma.o
 .debug_info    0x00000458      0x433 ./Core/Src/gpio.o
 .debug_info    0x0000088b     0x1037 ./Core/Src/main.o
 .debug_info    0x000018c2     0x12dd ./Core/Src/mcp2515user.o
 .debug_info    0x00002b9f      0xa06 ./Core/Src/shiftLights.o
 .debug_info    0x000035a5      0xa15 ./Core/Src/spi.o
 .debug_info    0x00003fba      0x291 ./Core/Src/stm32f4xx_hal_msp.o
 .debug_info    0x0000424b      0x8b1 ./Core/Src/stm32f4xx_it.o
 .debug_info    0x00004afc      0x53e ./Core/Src/system_stm32f4xx.o
 .debug_info    0x0000503a      0xc4e ./Core/Src/tim.o
 .debug_info    0x00005c88     0x148f ./Core/Src/rpi-display/rpiDisplayShapes.o
 .debug_info    0x00007117     0x2108 ./Core/Src/stm32-hal-mcp2515/mcp2515.o
 .debug_info    0x0000921f       0x30 ./Core/Startup/startup_stm32f401ccux.o
 .debug_info    0x0000924f      0x8bb ./Drivers/STM32F4xx_HAL_Driver/Src/stm32f4xx_hal.o
 .debug_info    0x00009b0a      0xcf6 ./Drivers/STM32F4xx_HAL_Driver/Src/stm32f4xx_hal_cortex.o
 .debug_info    0x0000a800      0x8e6 ./Drivers/STM32F4xx_HAL_Driver/Src/stm32f4xx_hal_dma.o
 .debug_info    0x0000b0e6      0x6f9 ./Drivers/STM32F4xx_HAL_Driver/Src/stm32f4xx_hal_gpio.o
 .debug_info    0x0000b7df     0x1577 ./Drivers/STM32F4xx_HAL_Driver/Src/stm32f4xx_hal_pcd.o
 .debug_info    0x0000cd56      0x6ea ./Drivers/STM32F4xx_HAL_Driver/Src/stm32f4xx_hal_pcd_ex.o
 .debug_info    0x0000d440      0x8f1 ./Drivers/STM32F4xx_HAL_Driver/Src/stm32f4xx_hal_rcc.o
 .debug_info    0x0000dd31     0x1530 ./Drivers/STM32F4xx_HAL_Driver/Src/stm32f4xx_hal_spi.o
 .debug_info    0x0000f261     0x2996 ./Drivers/STM32F4xx_HAL_Driver/Src/stm32f4xx_hal_tim.o
 .debug_info    0x00011bf7     0x14d4 ./Drivers/STM32F4xx_HAL_Driver/Src/stm32f4xx_hal_tim_ex.o
 .debug_info    0x000130cb     0x1993 ./Drivers/STM32F4xx_HAL_Driver/Src/stm32f4xx_ll_usb.o
 .debug_info    0x00014a5e     0x12a3 ./Middlewares/ST/STM32_USB_Device_Library/Class/CDC/Src/usbd_cdc.o
 .debug_info    0x00015d01      0xe05 ./Middlewares/ST/STM32_USB_Device_Library/Core/Src/usbd_core.o
 .debug_info    0x00016b06      0xade ./Middlewares/ST/STM32_USB_Device_Library/Core/Src/usbd_ctlreq.o
 .debug_info    0x000175e4      0x755 ./Middlewares/ST/STM32_USB_Device_Library/Core/Src/usbd_ioreq.o
 .debug_info    0x00017d39      0x701 ./USB_DEVICE/App/usb_device.o
 .debug_info    0x0001843a      0x8fa ./USB_DEVICE/App/usbd_cdc_if.o
 .debug_info    0x00018d34      0x458 ./USB_DEVICE/App/usbd_desc.o
 .debug_info    0x0001918c     0x1bff ./USB_DEVICE/Target/usbd_conf.o

.debug_abbrev   0x00000000     0x479e
 .debug_abbrev  0x00000000      0x11b ./Core/Src/dma.o
 .debug_abbrev  0x0000011b      0x151 ./Core/Src/gpio.o
 .debug_abbrev  0x0000026c      0x2e2 ./Core/Src/main.o
 .debug_abbrev  0x0000054e      0x338 ./Core/Src/mcp2515user.o
 .debug_abbrev  0x00000886      0x20d ./Core/Src/shiftLights.o
 .debug_abbrev  0x00000a93      0x212 ./Core/Src/spi.o
 .debug_abbrev  0x00000ca5       0xd8 ./Core/Src/stm32f4xx_hal_msp.o
 .debug_abbrev  0x00000d7d      0x1bf ./Core/Src/stm32f4xx_it.o
 .debug_abbrev  0x00000f3c      0x11a ./Core/Src/system_stm32f4xx.o
 .debug_abbrev  0x00001056      0x211 ./Core/Src/tim.o
 .debug_abbrev  0x00001267      0x311 ./Core/Src/rpi-display/rpiDisplayShapes.o
 .debug_abbrev  0x00001578      0x46d ./Core/Src/stm32-hal-mcp2515/mcp2515.o
 .debug_abbrev  0x000019e5       0x24 ./Core/Startup/startup_stm32f401ccux.o
 .debug_abbrev  0x00001a09      0x24b ./Drivers/STM32F4xx_HAL_Driver/Src/stm32f4xx_hal.o
 .debug_abbrev  0x00001c54      0x31d ./Drivers/STM32F4xx_HAL_Driver/Src/stm32f4xx_hal_cortex.o
 .debug_abbrev  0x00001f71      0x221 ./Drivers/STM32F4xx_HAL_Driver/Src/stm32f4xx_hal_dma.o
 .debug_abbrev  0x00002192      0x1d3 ./Drivers/STM32F4xx_HAL_Driver/Src/stm32f4xx_hal_gpio.o
 .debug_abbrev  0x00002365      0x2b6 ./Drivers/STM32F4xx_HAL_Driver/Src/stm32f4xx_hal_pcd.o
 .debug_abbrev  0x0000261b      0x1da ./Drivers/STM32F4xx_HAL_Driver/Src/stm32f4xx_hal_pcd_ex.o
 .debug_abbrev  0x000027f5      0x2b6 ./Drivers/STM32F4xx_HAL_Driver/Src/stm32f4xx_hal_rcc.o
 .debug_abbrev  0x00002aab      0x276 ./Drivers/STM32F4xx_HAL_Driver/Src/stm32f4xx_hal_spi.o
 .debug_abbrev  0x00002d21      0x28b ./Drivers/STM32F4xx_HAL_Driver/Src/stm32f4xx_hal_tim.o
 .debug_abbrev  0x00002fac      0x296 ./Drivers/STM32F4xx_HAL_Driver/Src/stm32f4xx_hal_tim_ex.o
 .debug_abbrev  0x00003242      0x2b3 ./Drivers/STM32F4xx_HAL_Driver/Src/stm32f4xx_ll_usb.o
 .debug_abbrev  0x000034f5      0x2d2 ./Middlewares/ST/STM32_USB_Device_Library/Class/CDC/Src/usbd_cdc.o
 .debug_abbrev  0x000037c7      0x27c ./Middlewares/ST/STM32_USB_Device_Library/Core/Src/usbd_core.o
 .debug_abbrev  0x00003a43      0x26f ./Middlewares/ST/STM32_USB_Device_Library/Core/Src/usbd_ctlreq.o
 .debug_abbrev  0x00003cb2      0x19a ./Middlewares/ST/STM32_USB_Device_Library/Core/Src/usbd_ioreq.o
 .debug_abbrev  0x00003e4c      0x195 ./USB_DEVICE/App/usb_device.o
 .debug_abbrev  0x00003fe1      0x29d ./USB_DEVICE/App/usbd_cdc_if.o
 .debug_abbrev  0x0000427e      0x1e1 ./USB_DEVICE/App/usbd_desc.o
 .debug_abbrev  0x0000445f      0x33f ./USB_DEVICE/Target/usbd_conf.o

.debug_aranges  0x00000000     0x1660
 .debug_aranges
                0x00000000       0x20 ./Core/Src/dma.o
 .debug_aranges
                0x00000020       0x20 ./Core/Src/gpio.o
 .debug_aranges
                0x00000040       0x30 ./Core/Src/main.o
 .debug_aranges
                0x00000070       0x40 ./Core/Src/mcp2515user.o
 .debug_aranges
                0x000000b0       0x48 ./Core/Src/shiftLights.o
 .debug_aranges
                0x000000f8       0x38 ./Core/Src/spi.o
 .debug_aranges
                0x00000130       0x20 ./Core/Src/stm32f4xx_hal_msp.o
 .debug_aranges
                0x00000150       0x78 ./Core/Src/stm32f4xx_it.o
 .debug_aranges
                0x000001c8       0x28 ./Core/Src/system_stm32f4xx.o
 .debug_aranges
                0x000001f0       0x38 ./Core/Src/tim.o
 .debug_aranges
                0x00000228       0xe8 ./Core/Src/rpi-display/rpiDisplayShapes.o
 .debug_aranges
                0x00000310      0x150 ./Core/Src/stm32-hal-mcp2515/mcp2515.o
 .debug_aranges
                0x00000460       0x28 ./Core/Startup/startup_stm32f401ccux.o
 .debug_aranges
                0x00000488       0xf0 ./Drivers/STM32F4xx_HAL_Driver/Src/stm32f4xx_hal.o
 .debug_aranges
                0x00000578      0x130 ./Drivers/STM32F4xx_HAL_Driver/Src/stm32f4xx_hal_cortex.o
 .debug_aranges
                0x000006a8       0x90 ./Drivers/STM32F4xx_HAL_Driver/Src/stm32f4xx_hal_dma.o
 .debug_aranges
                0x00000738       0x58 ./Drivers/STM32F4xx_HAL_Driver/Src/stm32f4xx_hal_gpio.o
 .debug_aranges
                0x00000790      0x148 ./Drivers/STM32F4xx_HAL_Driver/Src/stm32f4xx_hal_pcd.o
 .debug_aranges
                0x000008d8       0x38 ./Drivers/STM32F4xx_HAL_Driver/Src/stm32f4xx_hal_pcd_ex.o
 .debug_aranges
                0x00000910       0x88 ./Drivers/STM32F4xx_HAL_Driver/Src/stm32f4xx_hal_rcc.o
 .debug_aranges
                0x00000998      0x1d0 ./Drivers/STM32F4xx_HAL_Driver/Src/stm32f4xx_hal_spi.o
 .debug_aranges
                0x00000b68      0x3d0 ./Drivers/STM32F4xx_HAL_Driver/Src/stm32f4xx_hal_tim.o
 .debug_aranges
                0x00000f38      0x168 ./Drivers/STM32F4xx_HAL_Driver/Src/stm32f4xx_hal_tim_ex.o
 .debug_aranges
                0x000010a0      0x1a0 ./Drivers/STM32F4xx_HAL_Driver/Src/stm32f4xx_ll_usb.o
 .debug_aranges
                0x00001240       0x90 ./Middlewares/ST/STM32_USB_Device_Library/Class/CDC/Src/usbd_cdc.o
 .debug_aranges
                0x000012d0       0xd8 ./Middlewares/ST/STM32_USB_Device_Library/Core/Src/usbd_core.o
 .debug_aranges
                0x000013a8       0x90 ./Middlewares/ST/STM32_USB_Device_Library/Core/Src/usbd_ctlreq.o
 .debug_aranges
                0x00001438       0x50 ./Middlewares/ST/STM32_USB_Device_Library/Core/Src/usbd_ioreq.o
 .debug_aranges
                0x00001488       0x20 ./USB_DEVICE/App/usb_device.o
 .debug_aranges
                0x000014a8       0x48 ./USB_DEVICE/App/usbd_cdc_if.o
 .debug_aranges
                0x000014f0       0x60 ./USB_DEVICE/App/usbd_desc.o
 .debug_aranges
                0x00001550      0x110 ./USB_DEVICE/Target/usbd_conf.o

.debug_rnglists
                0x00000000     0x1106
 .debug_rnglists
                0x00000000       0x13 ./Core/Src/dma.o
 .debug_rnglists
                0x00000013       0x14 ./Core/Src/gpio.o
 .debug_rnglists
                0x00000027       0x21 ./Core/Src/main.o
 .debug_rnglists
                0x00000048       0x2b ./Core/Src/mcp2515user.o
 .debug_rnglists
                0x00000073       0x35 ./Core/Src/shiftLights.o
 .debug_rnglists
                0x000000a8       0x26 ./Core/Src/spi.o
 .debug_rnglists
                0x000000ce       0x13 ./Core/Src/stm32f4xx_hal_msp.o
 .debug_rnglists
                0x000000e1       0x55 ./Core/Src/stm32f4xx_it.o
 .debug_rnglists
                0x00000136       0x1a ./Core/Src/system_stm32f4xx.o
 .debug_rnglists
                0x00000150       0x27 ./Core/Src/tim.o
 .debug_rnglists
                0x00000177       0xb0 ./Core/Src/rpi-display/rpiDisplayShapes.o
 .debug_rnglists
                0x00000227      0x10a ./Core/Src/stm32-hal-mcp2515/mcp2515.o
 .debug_rnglists
                0x00000331       0x19 ./Core/Startup/startup_stm32f401ccux.o
 .debug_rnglists
                0x0000034a       0xaf ./Drivers/STM32F4xx_HAL_Driver/Src/stm32f4xx_hal.o
 .debug_rnglists
                0x000003f9       0xe0 ./Drivers/STM32F4xx_HAL_Driver/Src/stm32f4xx_hal_cortex.o
 .debug_rnglists
                0x000004d9       0x70 ./Drivers/STM32F4xx_HAL_Driver/Src/stm32f4xx_hal_dma.o
 .debug_rnglists
                0x00000549       0x3f ./Drivers/STM32F4xx_HAL_Driver/Src/stm32f4xx_hal_gpio.o
 .debug_rnglists
                0x00000588       0xfa ./Drivers/STM32F4xx_HAL_Driver/Src/stm32f4xx_hal_pcd.o
 .debug_rnglists
                0x00000682       0x26 ./Drivers/STM32F4xx_HAL_Driver/Src/stm32f4xx_hal_pcd_ex.o
 .debug_rnglists
                0x000006a8       0x66 ./Drivers/STM32F4xx_HAL_Driver/Src/stm32f4xx_hal_rcc.o
 .debug_rnglists
                0x0000070e      0x16f ./Drivers/STM32F4xx_HAL_Driver/Src/stm32f4xx_hal_spi.o
 .debug_rnglists
                0x0000087d      0x31a ./Drivers/STM32F4xx_HAL_Driver/Src/stm32f4xx_hal_tim.o
 .debug_rnglists
                0x00000b97      0x125 ./Drivers/STM32F4xx_HAL_Driver/Src/stm32f4xx_hal_tim_ex.o
 .debug_rnglists
                0x00000cbc      0x147 ./Drivers/STM32F4xx_HAL_Driver/Src/stm32f4xx_ll_usb.o
 .debug_rnglists
                0x00000e03       0x6c ./Middlewares/ST/STM32_USB_Device_Library/Class/CDC/Src/usbd_cdc.o
 .debug_rnglists
                0x00000e6f       0xa1 ./Middlewares/ST/STM32_USB_Device_Library/Core/Src/usbd_core.o
 .debug_rnglists
                0x00000f10       0x6e ./Middlewares/ST/STM32_USB_Device_Library/Core/Src/usbd_ctlreq.o
 .debug_rnglists
                0x00000f7e       0x37 ./Middlewares/ST/STM32_USB_Device_Library/Core/Src/usbd_ioreq.o
 .debug_rnglists
                0x00000fb5       0x13 ./USB_DEVICE/App/usb_device.o
 .debug_rnglists
                0x00000fc8       0x32 ./USB_DEVICE/App/usbd_cdc_if.o
 .debug_rnglists
                0x00000ffa       0x43 ./USB_DEVICE/App/usbd_desc.o
 .debug_rnglists
                0x0000103d       0xc9 ./USB_DEVICE/Target/usbd_conf.o

.debug_macro    0x00000000    0x1c8f9
 .debug_macro   0x00000000      0x20b ./Core/Src/dma.o
 .debug_macro   0x0000020b      0xad8 ./Core/Src/dma.o
 .debug_macro   0x00000ce3      0x2a1 ./Core/Src/dma.o
 .debug_macro   0x00000f84       0x2e ./Core/Src/dma.o
 .debug_macro   0x00000fb2       0x28 ./Core/Src/dma.o
 .debug_macro   0x00000fda       0x22 ./Core/Src/dma.o
 .debug_macro   0x00000ffc       0x8e ./Core/Src/dma.o
 .debug_macro   0x0000108a       0x51 ./Core/Src/dma.o
 .debug_macro   0x000010db      0x103 ./Core/Src/dma.o
 .debug_macro   0x000011de       0x6a ./Core/Src/dma.o
 .debug_macro   0x00001248      0x1df ./Core/Src/dma.o
 .debug_macro   0x00001427       0x1c ./Core/Src/dma.o
 .debug_macro   0x00001443       0x22 ./Core/Src/dma.o
 .debug_macro   0x00001465       0xfb ./Core/Src/dma.o
 .debug_macro   0x00001560     0x1011 ./Core/Src/dma.o
 .debug_macro   0x00002571      0x11f ./Core/Src/dma.o
 .debug_macro   0x00002690     0xb86c ./Core/Src/dma.o
 .debug_macro   0x0000defc       0x6d ./Core/Src/dma.o
 .debug_macro   0x0000df69     0x369a ./Core/Src/dma.o
 .debug_macro   0x00011603      0x190 ./Core/Src/dma.o
 .debug_macro   0x00011793       0x5c ./Core/Src/dma.o
 .debug_macro   0x000117ef      0x416 ./Core/Src/dma.o
 .debug_macro   0x00011c05      0x9e9 ./Core/Src/dma.o
 .debug_macro   0x000125ee      0x115 ./Core/Src/dma.o
 .debug_macro   0x00012703       0xf8 ./Core/Src/dma.o
 .debug_macro   0x000127fb       0xa5 ./Core/Src/dma.o
 .debug_macro   0x000128a0      0x15f ./Core/Src/dma.o
 .debug_macro   0x000129ff      0x287 ./Core/Src/dma.o
 .debug_macro   0x00012c86       0x5f ./Core/Src/dma.o
 .debug_macro   0x00012ce5      0x236 ./Core/Src/dma.o
 .debug_macro   0x00012f1b      0x132 ./Core/Src/dma.o
 .debug_macro   0x0001304d      0x23a ./Core/Src/dma.o
 .debug_macro   0x00013287       0x2e ./Core/Src/dma.o
 .debug_macro   0x000132b5      0x127 ./Core/Src/dma.o
 .debug_macro   0x000133dc       0x85 ./Core/Src/dma.o
 .debug_macro   0x00013461       0x89 ./Core/Src/dma.o