../Core/Src/rpi-display/rpiDisplaySceneBuilder.cpp:16:1:Scene::Scene(DisplayObject**, uint8_t)	24	static
../Core/Src/rpi-display/rpiDisplaySceneBuilder.cpp:20:6:void Scene::setScene(DisplayObject**, uint8_t)	32	static
../Core/Src/rpi-display/rpiDisplaySceneBuilder.cpp:33:6:void Scene::drawScene()	51248	static
../Core/Src/rpi-display/rpiDisplaySceneBuilder.cpp:68:1:DisplayObject::~DisplayObject()	16	static
../Core/Src/rpi-display/rpiDisplaySceneBuilder.cpp:68:1:virtual DisplayObject::~DisplayObject()	16	static
../Core/Src/rpi-display/rpiDisplaySceneBuilder.cpp:70:6:void DisplayObject::resetChangeFlag()	16	static
../Core/Src/rpi-display/rpiDisplaySceneBuilder.cpp:74:6:void DisplayObject::redrawObject()	16	static
../Core/Src/rpi-display/rpiDisplaySceneBuilder.cpp:78:10:uint16_t DisplayObject::getxpos()	16	static
../Core/Src/rpi-display/rpiDisplaySceneBuilder.cpp:82:6:void DisplayObject::setxpos(uint16_t)	16	static
../Core/Src/rpi-display/rpiDisplaySceneBuilder.cpp:86:10:uint16_t DisplayObject::getypos()	16	static
../Core/Src/rpi-display/rpiDisplaySceneBuilder.cpp:90:6:void DisplayObject::setypos(uint16_t)	16	static
../Core/Src/rpi-display/rpiDisplaySceneBuilder.cpp:94:9:uint8_t DisplayObject::getpriority()	16	static
../Core/Src/rpi-display/rpiDisplaySceneBuilder.cpp:98:6:void DisplayObject::setpriority(uint8_t)	16	static
../Core/Src/rpi-display/rpiDisplaySceneBuilder.cpp:102:9:uint8_t DisplayObject::getChangeFlag()	16	static
../Core/Src/rpi-display/rpiDisplaySceneBuilder.cpp:106:6:void DisplayObject::prepareDrawIntoFramebuffer()	16	static
../Core/Src/rpi-display/rpiDisplaySceneBuilder.cpp:110:6:void DisplayObject::finishDrawIntoFramebuffer()	16	static
../Core/Src/rpi-display/rpiDisplaySceneBuilder.h:15:7:DisplayObject::DisplayObject()	16	static
../Core/Src/rpi-display/rpiDisplaySceneBuilder.cpp:118:1:StringObject::StringObject(uint16_t, uint16_t, uint16_t, const GFXfont*, uint8_t, char*, uint8_t)	24	static
../Core/Src/rpi-display/rpiDisplaySceneBuilder.cpp:129:10:virtual uint16_t StringObject::drawIntoFramebuffer(uint16_t*, uint16_t, uint16_t)	64	static
../Core/Src/rpi-display/rpiDisplaySceneBuilder.cpp:133:6:void StringObject::updateString(char*, uint8_t, uint16_t, const GFXfont*, uint16_t, uint16_t, uint8_t)	24	static
../Core/Src/rpi-display/rpiDisplaySceneBuilder.cpp:148:1:FilledRectObject::FilledRectObject(uint16_t, uint16_t, uint16_t, uint16_t, uint16_t, uint8_t, uint8_t)	24	static
../Core/Src/rpi-display/rpiDisplaySceneBuilder.cpp:159:10:virtual uint16_t FilledRectObject::drawIntoFramebuffer(uint16_t*, uint16_t, uint16_t)	64	static
../Core/Src/rpi-display/rpiDisplaySceneBuilder.cpp:164:6:void FilledRectObject::updateRect(uint16_t, uint16_t, uint16_t, uint16_t, uint16_t, uint8_t)	24	static
../Core/Src/rpi-display/rpiDisplaySceneBuilder.cpp:178:1:OutlineRectObject::OutlineRectObject(uint16_t, uint16_t, uint16_t, uint16_t, uint16_t, uint8_t, uint8_t)	24	static
../Core/Src/rpi-display/rpiDisplaySceneBuilder.cpp:189:10:virtual uint16_t OutlineRectObject::drawIntoFramebuffer(uint16_t*, uint16_t, uint16_t)	64	static
../Core/Src/rpi-display/rpiDisplaySceneBuilder.cpp:194:6:void OutlineRectObject::updateRect(uint16_t, uint16_t, uint16_t, uint16_t, uint16_t, uint8_t)	24	static
../Core/Src/rpi-display/rpiDisplaySceneBuilder.cpp:208:1:FilledEllipseObject::FilledEllipseObject(uint16_t, uint16_t, uint16_t, uint16_t, uint16_t, uint8_t, uint8_t)	24	static
../Core/Src/rpi-display/rpiDisplaySceneBuilder.cpp:219:10:virtual uint16_t FilledEllipseObject::drawIntoFramebuffer(uint16_t*, uint16_t, uint16_t)	64	static
../Core/Src/rpi-display/rpiDisplaySceneBuilder.cpp:224:6:void FilledEllipseObject::updateEllipse(uint16_t, uint16_t, uint16_t, uint16_t, uint16_t, uint8_t)	24	static
../Core/Src/rpi-display/rpiDisplaySceneBuilder.cpp:238:1:OutlineEllipseObject::OutlineEllipseObject(uint16_t, uint16_t, uint16_t, uint16_t, uint16_t, uint8_t, uint8_t)	24	static
../Core/Src/rpi-display/rpiDisplaySceneBuilder.cpp:249:10:virtual uint16_t OutlineEllipseObject::drawIntoFramebuffer(uint16_t*, uint16_t, uint16_t)	64	static
../Core/Src/rpi-display/rpiDisplaySceneBuilder.cpp:254:6:void OutlineEllipseObject::updateEllipse(uint16_t, uint16_t, uint16_t, uint16_t, uint16_t, uint8_t)	24	static
../Core/Src/rpi-display/rpiDisplaySceneBuilder.cpp:264:1:PointObject::PointObject(uint16_t, uint16_t, uint16_t, uint16_t)	24	static
../Core/Src/rpi-display/rpiDisplaySceneBuilder.cpp:272:10:virtual uint16_t PointObject::drawIntoFramebuffer(uint16_t*, uint16_t, uint16_t)	40	static
../Core/Src/rpi-display/rpiDisplaySceneBuilder.cpp:277:6:void PointObject::updatePoint(uint16_t, uint16_t, uint16_t, uint8_t)	24	static
../Core/Src/rpi-display/rpiDisplaySceneBuilder.cpp:289:1:ImageObject::ImageObject(char*, uint16_t, uint16_t, uint16_t, uint16_t, uint8_t, uint8_t)	40	static
../Core/Src/rpi-display/rpiDisplaySceneBuilder.cpp:293:10:virtual uint16_t ImageObject::drawIntoFramebuffer(uint16_t*, uint16_t, uint16_t)	616	static
../Core/Src/rpi-display/rpiDisplaySceneBuilder.cpp:298:6:void ImageObject::updateImage(char*, uint16_t, uint16_t, uint16_t, uint16_t, uint8_t, uint8_t)	24	static
../Core/Src/rpi-display/rpiDisplaySceneBuilder.h:119:7:ImageObject::~ImageObject()	16	static
../Core/Src/rpi-display/rpiDisplaySceneBuilder.h:119:7:virtual ImageObject::~ImageObject()	16	static
../Core/Src/rpi-display/rpiDisplaySceneBuilder.h:110:7:PointObject::~PointObject()	16	static
../Core/Src/rpi-display/rpiDisplaySceneBuilder.h:110:7:virtual PointObject::~PointObject()	16	static
../Core/Src/rpi-display/rpiDisplaySceneBuilder.h:98:7:OutlineEllipseObject::~OutlineEllipseObject()	16	static
../Core/Src/rpi-display/rpiDisplaySceneBuilder.h:98:7:virtual OutlineEllipseObject::~OutlineEllipseObject()	16	static
../Core/Src/rpi-display/rpiDisplaySceneBuilder.h:86:7:FilledEllipseObject::~FilledEllipseObject()	16	static
../Core/Src/rpi-display/rpiDisplaySceneBuilder.h:86:7:virtual FilledEllipseObject::~FilledEllipseObject()	16	static
../Core/Src/rpi-display/rpiDisplaySceneBuilder.h:74:7:OutlineRectObject::~OutlineRectObject()	16	static
../Core/Src/rpi-display/rpiDisplaySceneBuilder.h:74:7:virtual OutlineRectObject::~OutlineRectObject()	16	static
../Core/Src/rpi-display/rpiDisplaySceneBuilder.h:62:7:FilledRectObject::~FilledRectObject()	16	static
../Core/Src/rpi-display/rpiDisplaySceneBuilder.h:62:7:virtual FilledRectObject::~FilledRectObject()	16	static
../Core/Src/rpi-display/rpiDisplaySceneBuilder.h:50:7:StringObject::~StringObject()	16	static
../Core/Src/rpi-display/rpiDisplaySceneBuilder.h:50:7:virtual StringObject::~StringObject()	16	static
