../Core/Src/rpi-display/rpiDisplayShapes.c:21:6:startTransaction	8	static
../Core/Src/rpi-display/rpiDisplayShapes.c:25:6:endTransaction	8	static
../Core/Src/rpi-display/rpiDisplayShapes.c:29:6:dataOrRegister	16	static
../Core/Src/rpi-display/rpiDisplayShapes.c:37:6:commandAndData	24	static
../Core/Src/rpi-display/rpiDisplayShapes.c:51:6:startCommand	16	static
../Core/Src/rpi-display/rpiDisplayShapes.c:57:6:transmitRepeatedData	24	static
../Core/Src/rpi-display/rpiDisplayShapes.c:64:6:transmitSingleData	16	static
../Core/Src/rpi-display/rpiDisplayShapes.c:69:6:endCommand	8	static
../Core/Src/rpi-display/rpiDisplayShapes.c:73:6:resetScreen	8	static
../Core/Src/rpi-display/rpiDisplayShapes.c:82:6:initializeScreen	128	static
../Core/Src/rpi-display/rpiDisplayShapes.c:137:6:displayOn	8	static
../Core/Src/rpi-display/rpiDisplayShapes.c:141:6:displayOff	8	static
../Core/Src/rpi-display/rpiDisplayShapes.c:145:6:clearScreen	32	static
../Core/Src/rpi-display/rpiDisplayShapes.c:164:6:modifySpace	40	static
../Core/Src/rpi-display/rpiDisplayShapes.c:175:6:clearScreenfast	51224	static
../Core/Src/rpi-display/rpiDisplayShapes.c:191:6:fillArea	24	static
../Core/Src/rpi-display/rpiDisplayShapes.c:198:6:drawHLine	32	static
../Core/Src/rpi-display/rpiDisplayShapes.c:202:6:drawVLine	32	static
../Core/Src/rpi-display/rpiDisplayShapes.c:206:6:drawPoint	16	static
../Core/Src/rpi-display/rpiDisplayShapes.c:213:6:drawPointIntoFramebuffer	24	static
../Core/Src/rpi-display/rpiDisplayShapes.c:219:6:getRectCenter	24	static
../Core/Src/rpi-display/rpiDisplayShapes.c:224:6:drawRectangleFilled	32	static
../Core/Src/rpi-display/rpiDisplayShapes.c:231:6:drawRectangleFilledIntoFramebuffer	32	static
../Core/Src/rpi-display/rpiDisplayShapes.c:244:6:drawRectangleOutline	24	static
../Core/Src/rpi-display/rpiDisplayShapes.c:254:6:drawRectangleOutlineIntoFramebuffer	32	static
../Core/Src/rpi-display/rpiDisplayShapes.c:276:6:getEllipseCorner	24	static
../Core/Src/rpi-display/rpiDisplayShapes.c:291:5:checkPointInEllipse	40	static
../Core/Src/rpi-display/rpiDisplayShapes.c:301:6:drawEllipseFilled	72	static
../Core/Src/rpi-display/rpiDisplayShapes.c:318:6:drawEllipseFilledIntoFramebuffer	64	static
../Core/Src/rpi-display/rpiDisplayShapes.c:338:6:drawEllipseOutline	64	static
../Core/Src/rpi-display/rpiDisplayShapes.c:361:6:drawEllipseOutlineIntoFramebuffer	64	static
../Core/Src/rpi-display/rpiDisplayShapes.c:383:6:getStringCenter	40	static
../Core/Src/rpi-display/rpiDisplayShapes.c:396:6:getStringLeft	40	static
../Core/Src/rpi-display/rpiDisplayShapes.c:409:10:drawChar	48	static
../Core/Src/rpi-display/rpiDisplayShapes.c:434:10:getCharXadv	24	static
../Core/Src/rpi-display/rpiDisplayShapes.c:439:10:drawCharIntoFramebuffer	56	static
../Core/Src/rpi-display/rpiDisplayShapes.c:471:9:drawString	40	static
../Core/Src/rpi-display/rpiDisplayShapes.c:484:10:drawStringIntoFramebuffer	64	static
../Core/Src/rpi-display/rpiDisplayShapes.c:508:6:prepareDrawImageIntoFramebuffer	584	static
../Core/Src/rpi-display/rpiDisplayShapes.c:518:6:drawImageIntoFramebuffer	2072	static
