../Core/Src/rpi-display/rpiDisplayShapes.c:16:6:startTransaction	8	static
../Core/Src/rpi-display/rpiDisplayShapes.c:20:6:endTransaction	8	static
../Core/Src/rpi-display/rpiDisplayShapes.c:24:6:dataOrRegister	16	static
../Core/Src/rpi-display/rpiDisplayShapes.c:32:6:commandAndData	24	static
../Core/Src/rpi-display/rpiDisplayShapes.c:46:6:startCommand	16	static
../Core/Src/rpi-display/rpiDisplayShapes.c:52:6:transmitRepeatedData	24	static
../Core/Src/rpi-display/rpiDisplayShapes.c:59:6:transmitSingleData	16	static
../Core/Src/rpi-display/rpiDisplayShapes.c:64:6:endCommand	8	static
../Core/Src/rpi-display/rpiDisplayShapes.c:68:6:resetScreen	8	static
../Core/Src/rpi-display/rpiDisplayShapes.c:77:6:initializeScreen	128	static
../Core/Src/rpi-display/rpiDisplayShapes.c:132:6:displayOn	8	static
../Core/Src/rpi-display/rpiDisplayShapes.c:136:6:displayOff	8	static
../Core/Src/rpi-display/rpiDisplayShapes.c:140:6:clearScreen	32	static
../Core/Src/rpi-display/rpiDisplayShapes.c:159:6:modifySpace	40	static
../Core/Src/rpi-display/rpiDisplayShapes.c:170:6:clearScreenfast	51224	static
../Core/Src/rpi-display/rpiDisplayShapes.c:186:6:fillArea	24	static
../Core/Src/rpi-display/rpiDisplayShapes.c:193:6:drawHLine	32	static
../Core/Src/rpi-display/rpiDisplayShapes.c:197:6:drawVLine	32	static
../Core/Src/rpi-display/rpiDisplayShapes.c:201:6:drawPoint	16	static
../Core/Src/rpi-display/rpiDisplayShapes.c:208:6:drawPointIntoFramebuffer	24	static
../Core/Src/rpi-display/rpiDisplayShapes.c:214:6:getRectCenter	24	static
../Core/Src/rpi-display/rpiDisplayShapes.c:219:6:drawRectangleFilled	32	static
../Core/Src/rpi-display/rpiDisplayShapes.c:226:6:drawRectangleFilledIntoFramebuffer	32	static
../Core/Src/rpi-display/rpiDisplayShapes.c:239:6:drawRectangleOutline	24	static
../Core/Src/rpi-display/rpiDisplayShapes.c:249:6:drawRectangleOutlineIntoFramebuffer	32	static
../Core/Src/rpi-display/rpiDisplayShapes.c:271:6:getEllipseCorner	24	static
../Core/Src/rpi-display/rpiDisplayShapes.c:286:5:checkPointInEllipse	40	static
../Core/Src/rpi-display/rpiDisplayShapes.c:296:6:drawEllipseFilled	72	static
../Core/Src/rpi-display/rpiDisplayShapes.c:313:6:drawEllipseFilledIntoFramebuffer	64	static
../Core/Src/rpi-display/rpiDisplayShapes.c:333:6:drawEllipseOutline	64	static
../Core/Src/rpi-display/rpiDisplayShapes.c:356:6:drawEllipseOutlineIntoFramebuffer	64	static
../Core/Src/rpi-display/rpiDisplayShapes.c:378:6:getStringCenter	40	static
../Core/Src/rpi-display/rpiDisplayShapes.c:391:10:drawChar	48	static
../Core/Src/rpi-display/rpiDisplayShapes.c:416:10:drawCharIntoFramebuffer	56	static
../Core/Src/rpi-display/rpiDisplayShapes.c:446:9:drawString	40	static
../Core/Src/rpi-display/rpiDisplayShapes.c:459:10:drawStringIntoFramebuffer	64	static
../Core/Src/rpi-display/rpiDisplayShapes.c:473:6:drawImageIntoFramebuffer	32	static
