../Core/Src/rpi-display/rpiSceneBuilderUser.cpp:46:6:void setrpmdata(char*)	32	static
../Core/Src/rpi-display/rpiSceneBuilderUser.cpp:52:6:void settempdata(char*)	32	static
../Core/Src/rpi-display/rpiSceneBuilderUser.cpp:59:6:void setgeardata(char*)	32	static
../Core/Src/rpi-display/rpiSceneBuilderUser.cpp:65:6:void setbattdata(char*)	32	static
../Core/Src/rpi-display/rpiSceneBuilderUser.cpp:71:6:void setspeeddata(char*)	32	static
../Core/Src/rpi-display/rpiSceneBuilderUser.cpp:77:6:void domainscreen()	8	static
../Core/Src/rpi-display/rpiSceneBuilderUser.cpp:82:6:void dosplashscene()	8	static
../Core/Src/rpi-display/rpiSceneBuilderUser.cpp:85:1:void __static_initialization_and_destruction_0()	32	static
../Core/Src/rpi-display/rpiSceneBuilderUser.cpp:85:1:cpp)	8	static
