../Core/Src/rpi-display/rpiSceneBuilderUser.cpp:47:6:void setrpmdata(char*)	32	static
../Core/Src/rpi-display/rpiSceneBuilderUser.cpp:53:6:void settempdata(char*)	32	static
../Core/Src/rpi-display/rpiSceneBuilderUser.cpp:60:6:void setgeardata(char*)	32	static
../Core/Src/rpi-display/rpiSceneBuilderUser.cpp:66:6:void setbattdata(char*)	32	static
../Core/Src/rpi-display/rpiSceneBuilderUser.cpp:72:6:void setspeeddata(char*)	32	static
../Core/Src/rpi-display/rpiSceneBuilderUser.cpp:78:6:void domainscreen()	8	static
../Core/Src/rpi-display/rpiSceneBuilderUser.cpp:83:6:void dosplashscene()	8	static
../Core/Src/rpi-display/rpiSceneBuilderUser.cpp:86:1:void __static_initialization_and_destruction_0()	32	static
../Core/Src/rpi-display/rpiSceneBuilderUser.cpp:86:1:cpp)	8	static
