../Core/Src/rpi-display/rpiSceneBuilderUser.cpp:45:6:void setrpmdata(char*)	32	static
../Core/Src/rpi-display/rpiSceneBuilderUser.cpp:51:6:void settempdata(char*)	32	static
../Core/Src/rpi-display/rpiSceneBuilderUser.cpp:58:6:void setgeardata(char*)	32	static
../Core/Src/rpi-display/rpiSceneBuilderUser.cpp:64:6:void setbattdata(char*)	32	static
../Core/Src/rpi-display/rpiSceneBuilderUser.cpp:70:6:void setspeeddata(char*)	32	static
../Core/Src/rpi-display/rpiSceneBuilderUser.cpp:76:6:void domainscreen()	8	static
../Core/Src/rpi-display/rpiSceneBuilderUser.cpp:81:6:void dosplashscene()	8	static
../Core/Src/rpi-display/rpiSceneBuilderUser.cpp:84:1:void __static_initialization_and_destruction_0(int, int)	40	static
../Core/Src/rpi-display/rpiSceneBuilderUser.cpp:84:1:cpp)	8	static
