../Core/Src/rpi-display/rpiDisplayShapes.c:27:6:dataOrRegister.part.0	0	static
../Core/Src/rpi-display/rpiDisplayShapes.c:19:6:startTransaction	0	static
../Core/Src/rpi-display/rpiDisplayShapes.c:23:6:endTransaction	0	static
../Core/Src/rpi-display/rpiDisplayShapes.c:27:6:dataOrRegister	0	static
../Core/Src/rpi-display/rpiDisplayShapes.c:35:6:commandAndData	24	static
../Core/Src/rpi-display/rpiDisplayShapes.c:49:6:startCommand	16	static
../Core/Src/rpi-display/rpiDisplayShapes.c:55:6:transmitRepeatedData	24	static
../Core/Src/rpi-display/rpiDisplayShapes.c:62:6:transmitSingleData	16	static
../Core/Src/rpi-display/rpiDisplayShapes.c:67:6:endCommand	0	static
../Core/Src/rpi-display/rpiDisplayShapes.c:71:6:resetScreen	8	static
../Core/Src/rpi-display/rpiDisplayShapes.c:135:6:displayOn	0	static
../Core/Src/rpi-display/rpiDisplayShapes.c:139:6:displayOff	0	static
../Core/Src/rpi-display/rpiDisplayShapes.c:143:6:clearScreen	24	static
../Core/Src/rpi-display/rpiDisplayShapes.c:162:6:modifySpace	24	static
../Core/Src/rpi-display/rpiDisplayShapes.c:173:6:clearScreenfast	51224	static
../Core/Src/rpi-display/rpiDisplayShapes.c:80:6:initializeScreen	48	static
../Core/Src/rpi-display/rpiDisplayShapes.c:189:6:fillArea	16	static
../Core/Src/rpi-display/rpiDisplayShapes.c:196:6:drawHLine	16	static
../Core/Src/rpi-display/rpiDisplayShapes.c:200:6:drawVLine	16	static
../Core/Src/rpi-display/rpiDisplayShapes.c:204:6:drawPoint	8	static
../Core/Src/rpi-display/rpiDisplayShapes.c:211:6:drawPointIntoFramebuffer	12	static
../Core/Src/rpi-display/rpiDisplayShapes.c:217:6:getRectCenter	8	static
../Core/Src/rpi-display/rpiDisplayShapes.c:222:6:drawRectangleFilled	32	static
../Core/Src/rpi-display/rpiDisplayShapes.c:229:6:drawRectangleFilledIntoFramebuffer	32	static
../Core/Src/rpi-display/rpiDisplayShapes.c:242:6:drawRectangleOutline	32	static
../Core/Src/rpi-display/rpiDisplayShapes.c:252:6:drawRectangleOutlineIntoFramebuffer	48	static
../Core/Src/rpi-display/rpiDisplayShapes.c:274:6:getEllipseCorner	8	static
../Core/Src/rpi-display/rpiDisplayShapes.c:289:5:checkPointInEllipse	8	static
../Core/Src/rpi-display/rpiDisplayShapes.c:299:6:drawEllipseFilled	64	static
../Core/Src/rpi-display/rpiDisplayShapes.c:316:6:drawEllipseFilledIntoFramebuffer	72	static
../Core/Src/rpi-display/rpiDisplayShapes.c:336:6:drawEllipseOutline	80	static
../Core/Src/rpi-display/rpiDisplayShapes.c:359:6:drawEllipseOutlineIntoFramebuffer	88	static
../Core/Src/rpi-display/rpiDisplayShapes.c:381:6:getStringCenter	20	static
../Core/Src/rpi-display/rpiDisplayShapes.c:394:10:drawChar	72	static
../Core/Src/rpi-display/rpiDisplayShapes.c:419:10:drawCharIntoFramebuffer	72	static
../Core/Src/rpi-display/rpiDisplayShapes.c:451:9:drawString	48	static
../Core/Src/rpi-display/rpiDisplayShapes.c:464:10:drawStringIntoFramebuffer	72	static
../Core/Src/rpi-display/rpiDisplayShapes.c:478:6:drawImageIntoFramebuffer	1040	dynamic,bounded
