../Core/Src/rpi-display/rpiDisplayShapes.c:24:6:dataOrRegister.part.0	0	static
../Core/Src/rpi-display/rpiDisplayShapes.c:16:6:startTransaction	0	static
../Core/Src/rpi-display/rpiDisplayShapes.c:20:6:endTransaction	0	static
../Core/Src/rpi-display/rpiDisplayShapes.c:24:6:dataOrRegister	0	static
../Core/Src/rpi-display/rpiDisplayShapes.c:32:6:commandAndData	24	static
../Core/Src/rpi-display/rpiDisplayShapes.c:46:6:startCommand	16	static
../Core/Src/rpi-display/rpiDisplayShapes.c:52:6:transmitRepeatedData	24	static
../Core/Src/rpi-display/rpiDisplayShapes.c:59:6:transmitSingleData	16	static
../Core/Src/rpi-display/rpiDisplayShapes.c:64:6:endCommand	0	static
../Core/Src/rpi-display/rpiDisplayShapes.c:68:6:resetScreen	8	static
../Core/Src/rpi-display/rpiDisplayShapes.c:132:6:displayOn	0	static
../Core/Src/rpi-display/rpiDisplayShapes.c:136:6:displayOff	0	static
../Core/Src/rpi-display/rpiDisplayShapes.c:140:6:clearScreen	24	static
../Core/Src/rpi-display/rpiDisplayShapes.c:159:6:modifySpace	24	static
../Core/Src/rpi-display/rpiDisplayShapes.c:170:6:clearScreenfast	51224	static
../Core/Src/rpi-display/rpiDisplayShapes.c:77:6:initializeScreen	48	static
../Core/Src/rpi-display/rpiDisplayShapes.c:186:6:fillArea	16	static
../Core/Src/rpi-display/rpiDisplayShapes.c:193:6:drawHLine	16	static
../Core/Src/rpi-display/rpiDisplayShapes.c:197:6:drawVLine	16	static
../Core/Src/rpi-display/rpiDisplayShapes.c:201:6:drawPoint	8	static
../Core/Src/rpi-display/rpiDisplayShapes.c:208:6:drawPointIntoFramebuffer	12	static
../Core/Src/rpi-display/rpiDisplayShapes.c:214:6:getRectCenter	8	static
../Core/Src/rpi-display/rpiDisplayShapes.c:219:6:drawRectangleFilled	32	static
../Core/Src/rpi-display/rpiDisplayShapes.c:226:6:drawRectangleFilledIntoFramebuffer	32	static
../Core/Src/rpi-display/rpiDisplayShapes.c:239:6:drawRectangleOutline	32	static
../Core/Src/rpi-display/rpiDisplayShapes.c:249:6:drawRectangleOutlineIntoFramebuffer	48	static
../Core/Src/rpi-display/rpiDisplayShapes.c:271:6:getEllipseCorner	8	static
../Core/Src/rpi-display/rpiDisplayShapes.c:286:5:checkPointInEllipse	8	static
../Core/Src/rpi-display/rpiDisplayShapes.c:296:6:drawEllipseFilled	64	static
../Core/Src/rpi-display/rpiDisplayShapes.c:313:6:drawEllipseFilledIntoFramebuffer	72	static
../Core/Src/rpi-display/rpiDisplayShapes.c:333:6:drawEllipseOutline	80	static
../Core/Src/rpi-display/rpiDisplayShapes.c:356:6:drawEllipseOutlineIntoFramebuffer	88	static
../Core/Src/rpi-display/rpiDisplayShapes.c:378:6:getStringCenter	12	static
../Core/Src/rpi-display/rpiDisplayShapes.c:391:10:drawChar	72	static
../Core/Src/rpi-display/rpiDisplayShapes.c:416:10:drawCharIntoFramebuffer	72	static
../Core/Src/rpi-display/rpiDisplayShapes.c:446:9:drawString	48	static
../Core/Src/rpi-display/rpiDisplayShapes.c:459:10:drawStringIntoFramebuffer	72	static
../Core/Src/rpi-display/rpiDisplayShapes.c:473:6:drawImageIntoFramebuffer	48	static
